Archive member included to satisfy reference by file (symbol)

/home/bdang/toolchains/gcc-arm-none-eabi-14.3/bin/../lib/gcc/arm-none-eabi/14.3.1/../../../../arm-none-eabi/lib/thumb/v7-m/nofp/libc_nano.a(libc_a-exit.o)
                              /home/bdang/toolchains/gcc-arm-none-eabi-14.3/bin/../lib/gcc/arm-none-eabi/14.3.1/../../../../arm-none-eabi/lib/thumb/v7-m/nofp/crt0.o (exit)
/home/bdang/toolchains/gcc-arm-none-eabi-14.3/bin/../lib/gcc/arm-none-eabi/14.3.1/../../../../arm-none-eabi/lib/thumb/v7-m/nofp/libc_nano.a(libc_a-findfp.o)
                              /home/bdang/toolchains/gcc-arm-none-eabi-14.3/bin/../lib/gcc/arm-none-eabi/14.3.1/../../../../arm-none-eabi/lib/thumb/v7-m/nofp/libc_nano.a(libc_a-exit.o) (__stdio_exit_handler)
/home/bdang/toolchains/gcc-arm-none-eabi-14.3/bin/../lib/gcc/arm-none-eabi/14.3.1/../../../../arm-none-eabi/lib/thumb/v7-m/nofp/libc_nano.a(libc_a-fwalk.o)
                              /home/bdang/toolchains/gcc-arm-none-eabi-14.3/bin/../lib/gcc/arm-none-eabi/14.3.1/../../../../arm-none-eabi/lib/thumb/v7-m/nofp/libc_nano.a(libc_a-findfp.o) (_fwalk_sglue)
/home/bdang/toolchains/gcc-arm-none-eabi-14.3/bin/../lib/gcc/arm-none-eabi/14.3.1/../../../../arm-none-eabi/lib/thumb/v7-m/nofp/libc_nano.a(libc_a-snprintf.o)
                              z_build/b_middleware/gsm_driver/gsm_http.o (snprintf)
/home/bdang/toolchains/gcc-arm-none-eabi-14.3/bin/../lib/gcc/arm-none-eabi/14.3.1/../../../../arm-none-eabi/lib/thumb/v7-m/nofp/libc_nano.a(libc_a-stdio.o)
                              /home/bdang/toolchains/gcc-arm-none-eabi-14.3/bin/../lib/gcc/arm-none-eabi/14.3.1/../../../../arm-none-eabi/lib/thumb/v7-m/nofp/libc_nano.a(libc_a-findfp.o) (__sread)
/home/bdang/toolchains/gcc-arm-none-eabi-14.3/bin/../lib/gcc/arm-none-eabi/14.3.1/../../../../arm-none-eabi/lib/thumb/v7-m/nofp/libc_nano.a(libc_a-vsnprintf.o)
                              z_build/b_middleware/debugger/debugger.o (vsnprintf)
/home/bdang/toolchains/gcc-arm-none-eabi-14.3/bin/../lib/gcc/arm-none-eabi/14.3.1/../../../../arm-none-eabi/lib/thumb/v7-m/nofp/libc_nano.a(libc_a-memset.o)
                              /home/bdang/toolchains/gcc-arm-none-eabi-14.3/bin/../lib/gcc/arm-none-eabi/14.3.1/../../../../arm-none-eabi/lib/thumb/v7-m/nofp/crt0.o (memset)
/home/bdang/toolchains/gcc-arm-none-eabi-14.3/bin/../lib/gcc/arm-none-eabi/14.3.1/../../../../arm-none-eabi/lib/thumb/v7-m/nofp/libc_nano.a(libc_a-strchr.o)
                              z_build/y_thirdparty/string_handler/string_handler.o (strchr)
/home/bdang/toolchains/gcc-arm-none-eabi-14.3/bin/../lib/gcc/arm-none-eabi/14.3.1/../../../../arm-none-eabi/lib/thumb/v7-m/nofp/libc_nano.a(libc_a-strncmp.o)
                              z_build/y_thirdparty/string_handler/string_handler.o (strncmp)
/home/bdang/toolchains/gcc-arm-none-eabi-14.3/bin/../lib/gcc/arm-none-eabi/14.3.1/../../../../arm-none-eabi/lib/thumb/v7-m/nofp/libc_nano.a(libc_a-strstr.o)
                              z_build/y_thirdparty/string_handler/string_handler.o (strstr)
/home/bdang/toolchains/gcc-arm-none-eabi-14.3/bin/../lib/gcc/arm-none-eabi/14.3.1/../../../../arm-none-eabi/lib/thumb/v7-m/nofp/libc_nano.a(libc_a-closer.o)
                              /home/bdang/toolchains/gcc-arm-none-eabi-14.3/bin/../lib/gcc/arm-none-eabi/14.3.1/../../../../arm-none-eabi/lib/thumb/v7-m/nofp/libc_nano.a(libc_a-stdio.o) (_close_r)
/home/bdang/toolchains/gcc-arm-none-eabi-14.3/bin/../lib/gcc/arm-none-eabi/14.3.1/../../../../arm-none-eabi/lib/thumb/v7-m/nofp/libc_nano.a(libc_a-reent.o)
                              /home/bdang/toolchains/gcc-arm-none-eabi-14.3/bin/../lib/gcc/arm-none-eabi/14.3.1/../../../../arm-none-eabi/lib/thumb/v7-m/nofp/libc_nano.a(libc_a-closer.o) (errno)
/home/bdang/toolchains/gcc-arm-none-eabi-14.3/bin/../lib/gcc/arm-none-eabi/14.3.1/../../../../arm-none-eabi/lib/thumb/v7-m/nofp/libc_nano.a(libc_a-impure.o)
                              /home/bdang/toolchains/gcc-arm-none-eabi-14.3/bin/../lib/gcc/arm-none-eabi/14.3.1/../../../../arm-none-eabi/lib/thumb/v7-m/nofp/libc_nano.a(libc_a-snprintf.o) (_impure_ptr)
/home/bdang/toolchains/gcc-arm-none-eabi-14.3/bin/../lib/gcc/arm-none-eabi/14.3.1/../../../../arm-none-eabi/lib/thumb/v7-m/nofp/libc_nano.a(libc_a-lseekr.o)
                              /home/bdang/toolchains/gcc-arm-none-eabi-14.3/bin/../lib/gcc/arm-none-eabi/14.3.1/../../../../arm-none-eabi/lib/thumb/v7-m/nofp/libc_nano.a(libc_a-stdio.o) (_lseek_r)
/home/bdang/toolchains/gcc-arm-none-eabi-14.3/bin/../lib/gcc/arm-none-eabi/14.3.1/../../../../arm-none-eabi/lib/thumb/v7-m/nofp/libc_nano.a(libc_a-readr.o)
                              /home/bdang/toolchains/gcc-arm-none-eabi-14.3/bin/../lib/gcc/arm-none-eabi/14.3.1/../../../../arm-none-eabi/lib/thumb/v7-m/nofp/libc_nano.a(libc_a-stdio.o) (_read_r)
/home/bdang/toolchains/gcc-arm-none-eabi-14.3/bin/../lib/gcc/arm-none-eabi/14.3.1/../../../../arm-none-eabi/lib/thumb/v7-m/nofp/libc_nano.a(libc_a-writer.o)
[...]
Memory Configuration

Name             Origin             Length             Attributes
FLASH            0x08000000         0x00010000         xr
RAM              0x20000000         0x00005000         xrw
MEMORY_B1        0x60000000         0x00000000         xr
*default*        0x00000000         0xffffffff

Linker script and memory map

LOAD /home/bdang/toolchains/gcc-arm-none-eabi-14.3/bin/../lib/gcc/arm-none-eabi/14.3.1/thumb/v7-m/nofp/crti.o
LOAD /home/bdang/toolchains/gcc-arm-none-eabi-14.3/bin/../lib/gcc/arm-none-eabi/14.3.1/thumb/v7-m/nofp/crtbegin.o
LOAD /home/bdang/toolchains/gcc-arm-none-eabi-14.3/bin/../lib/gcc/arm-none-eabi/14.3.1/../../../../arm-none-eabi/lib/thumb/v7-m/nofp/crt0.o
LOAD z_build/y_thirdparty/lwrb/lwrb.o
LOAD z_build/y_thirdparty/string_handler/string_handler.o
LOAD z_build/c_hardware/Device/src/a7670c_hardware.o
LOAD z_build/c_hardware/Device/src/hardware_init.o
LOAD z_build/c_hardware/Device/src/stm32f1xx_it.o
LOAD z_build/c_hardware/Device/src/system_stm32f10x.o
LOAD z_build/c_hardware/Device/src/tiny_printf.o
LOAD z_build/c_hardware/Device/src/tty_hardware.o
LOAD z_build/c_hardware/Device/src/w25q32_hardware.o
LOAD z_build/c_hardware/Device/src/systick.o
LOAD z_build/c_hardware/SPL/src/misc.o
LOAD z_build/c_hardware/SPL/src/stm32f10x_gpio.o
LOAD z_build/c_hardware/SPL/src/stm32f10x_rcc.o
LOAD z_build/c_hardware/SPL/src/stm32f10x_usart.o
LOAD z_build/c_hardware/SPL/src/stm32f10x_spi.o
LOAD z_build/c_hardware/SPL/src/stm32f10x_dma.o
LOAD z_build/c_hardware/SPL/src/stm32f10x_flash.o
LOAD z_build/c_hardware/SPL/src/stm32f10x_exti.o
LOAD z_build/c_hardware/SPL/src/stm32f10x_tim.o
LOAD z_build/b_middleware/debugger/debugger.o
LOAD z_build/b_middleware/spi_driver/spi_driver.o
LOAD z_build/b_middleware/usart_driver/usart_driver.o
LOAD z_build/b_middleware/w25q32_driver/w25q32_driver.o
LOAD z_build/b_middleware/gsm_driver/gsm_at_engine.o
LOAD z_build/b_middleware/gsm_driver/gsm.o
LOAD z_build/b_middleware/gsm_driver/gsm_cb.o
LOAD z_build/b_middleware/gsm_driver/gsm_common.o
LOAD z_build/b_middleware/gsm_driver/gsm_entity.o
LOAD z_build/b_middleware/gsm_driver/gsm_event.o
LOAD z_build/b_middleware/gsm_driver/gsm_http.o
LOAD z_build/a_application/ota_task/ota_task.o
LOAD z_build/main.o
LOAD z_build/startup/startup.o
START GROUP
LOAD /home/bdang/toolchains/gcc-arm-none-eabi-14.3/bin/../lib/gcc/arm-none-eabi/14.3.1/thumb/v7-m/nofp/libgcc.a
LOAD /home/bdang/toolchains/gcc-arm-none-eabi-14.3/bin/../lib/gcc/arm-none-eabi/14.3.1/../../../../arm-none-eabi/lib/thumb/v7-m/nofp/libc_nano.a
END GROUP
START GROUP
LOAD /home/bdang/toolchains/gcc-arm-none-eabi-14.3/bin/../lib/gcc/arm-none-eabi/14.3.1/thumb/v7-m/nofp/libgcc.a
LOAD /home/bdang/toolchains/gcc-arm-none-eabi-14.3/bin/../lib/gcc/arm-none-eabi/14.3.1/../../../../arm-none-eabi/lib/thumb/v7-m/nofp/libc_nano.a
LOAD /home/bdang/toolchains/gcc-arm-none-eabi-14.3/bin/../lib/gcc/arm-none-eabi/14.3.1/../../../../arm-none-eabi/lib/thumb/v7-m/nofp/libnosys.a
END GROUP
START GROUP
LOAD /home/bdang/toolchains/gcc-arm-none-eabi-14.3/bin/../lib/gcc/arm-none-eabi/14.3.1/thumb/v7-m/nofp/libgcc.a
LOAD /home/bdang/toolchains/gcc-arm-none-eabi-14.3/bin/../lib/gcc/arm-none-eabi/14.3.1/../../../../arm-none-eabi/lib/thumb/v7-m/nofp/libc_nano.a
LOAD /home/bdang/toolchains/gcc-arm-none-eabi-14.3/bin/../lib/gcc/arm-none-eabi/14.3.1/../../../../arm-none-eabi/lib/thumb/v7-m/nofp/libnosys.a
END GROUP
LOAD /home/bdang/toolchains/gcc-arm-none-eabi-14.3/bin/../lib/gcc/arm-none-eabi/14.3.1/thumb/v7-m/nofp/crtend.o
LOAD /home/bdang/toolchains/gcc-arm-none-eabi-14.3/bin/../lib/gcc/arm-none-eabi/14.3.1/thumb/v7-m/nofp/crtn.o
                0x20005000                        _estack = 0x20005000
                0x00000000                        _Min_Heap_Size = 0x0
                0x00000100                        _Min_Stack_Size = 0x100

.isr_vector     0x08000000      0x10c
                0x08000000                        . = ALIGN (0x4)
 *(.isr_vector)
 .isr_vector    0x08000000      0x10c z_build/startup/startup.o
                0x08000000                g_pfnVectors
                0x0800010c                        . = ALIGN (0x4)

.text           0x0800010c     0x4820
                0x0800010c                        . = ALIGN (0x4)
 *(.text)
 .text          0x0800010c       0x10 /home/bdang/toolchains/gcc-arm-none-eabi-14.3/bin/../lib/gcc/arm-none-eabi/14.3.1/../../../../arm-none-eabi/lib/thumb/v7-m/nofp/libc_nano.a(libc_a-strlen.o)
                0x0800010c                strlen
 *(.text*)
 .text.deregister_tm_clones
                0x0800011c       0x1c /home/bdang/toolchains/gcc-arm-none-eabi-14.3/bin/../lib/gcc/arm-none-eabi/14.3.1/thumb/v7-m/nofp/crtbegin.o
 .text.register_tm_clones
                0x08000138       0x24 /home/bdang/toolchains/gcc-arm-none-eabi-14.3/bin/../lib/gcc/arm-none-eabi/14.3.1/thumb/v7-m/nofp/crtbegin.o
 .text.__do_global_dtors_aux
                0x0800015c       0x28 /home/bdang/toolchains/gcc-arm-none-eabi-14.3/bin/../lib/gcc/arm-none-eabi/14.3.1/thumb/v7-m/nofp/crtbegin.o
 .text.frame_dummy
                0x08000184       0x24 /home/bdang/toolchains/gcc-arm-none-eabi-14.3/bin/../lib/gcc/arm-none-eabi/14.3.1/thumb/v7-m/nofp/crtbegin.o
 .text.lwrb_init
                0x080001a8       0x60 z_build/y_thirdparty/lwrb/lwrb.o
                0x080001a8                lwrb_init
 .text.lwrb_write
                0x08000208       0x36 z_build/y_thirdparty/lwrb/lwrb.o
                0x08000208                lwrb_write
 .text.lwrb_write_ex
                0x0800023e      0x130 z_build/y_thirdparty/lwrb/lwrb.o
                0x0800023e                lwrb_write_ex
 .text.lwrb_read
                0x0800036e       0x36 z_build/y_thirdparty/lwrb/lwrb.o
                0x0800036e                lwrb_read
 .text.lwrb_read_ex
                0x080003a4      0x130 z_build/y_thirdparty/lwrb/lwrb.o
                0x080003a4                lwrb_read_ex
 .text.lwrb_get_free
                0x080004d4       0x7c z_build/y_thirdparty/lwrb/lwrb.o
                0x080004d4                lwrb_get_free
 .text.lwrb_get_full
                0x08000550       0x7a z_build/y_thirdparty/lwrb/lwrb.o
                0x08000550                lwrb_get_full
 .text.fast_atoi
                0x080005ca       0x46 z_build/y_thirdparty/string_handler/string_handler.o
                0x080005ca                fast_atoi
 .text.fast_itoa
                0x08000610       0xa0 z_build/y_thirdparty/string_handler/string_handler.o
                0x08000610                fast_itoa
 .text.gsm_parse_cpin
                0x080006b0       0x8c z_build/y_thirdparty/string_handler/string_handler.o
                0x080006b0                gsm_parse_cpin
 .text.gsm_parse_creg
                0x0800073c       0xbc z_build/y_thirdparty/string_handler/string_handler.o
                0x0800073c                gsm_parse_creg
 .text.gsm_parse_httpget
                0x080007f8       0xc0 z_build/y_thirdparty/string_handler/string_handler.o
                0x080007f8                gsm_parse_httpget
 .text.gsm_parse_httpread_len
                0x080008b8       0x48 z_build/y_thirdparty/string_handler/string_handler.o
                0x080008b8                gsm_parse_httpread_len
 .text.A7670C_USART_Init
                0x08000900       0x48 z_build/c_hardware/Device/src/a7670c_hardware.o
 .text.A7670C_TX_Init
                0x08000948       0x34 z_build/c_hardware/Device/src/a7670c_hardware.o
 .text.A7670C_RX_Init
                0x0800097c       0x30 z_build/c_hardware/Device/src/a7670c_hardware.o
 .text.A7670C_USART_IRQ_Init
                0x080009ac       0x68 z_build/c_hardware/Device/src/a7670c_hardware.o
 .text.A7670C_PWK_Init
                0x08000a14       0x3c z_build/c_hardware/Device/src/a7670c_hardware.o
 .text.A7670C_NET_Init
                0x08000a50       0x30 z_build/c_hardware/Device/src/a7670c_hardware.o
 .text.A7670C_PEN_Init
                0x08000a80       0x3c z_build/c_hardware/Device/src/a7670c_hardware.o
 .text.a7670c_hardware_init
                0x08000abc       0x24 z_build/c_hardware/Device/src/a7670c_hardware.o
                0x08000abc                a7670c_hardware_init
 .text.hardware_init
                0x08000ae0       0x1c z_build/c_hardware/Device/src/hardware_init.o
                0x08000ae0                hardware_init
 .text.NMI_Handler
                0x08000afc        0xc z_build/c_hardware/Device/src/stm32f1xx_it.o
                0x08000afc                NMI_Handler
 .text.HardFault_Handler
                0x08000b08        0x8 z_build/c_hardware/Device/src/stm32f1xx_it.o
                0x08000b08                HardFault_Handler
 .text.MemManage_Handler
                0x08000b10        0x8 z_build/c_hardware/Device/src/stm32f1xx_it.o
                0x08000b10                MemManage_Handler
 .text.BusFault_Handler
                0x08000b18        0x8 z_build/c_hardware/Device/src/stm32f1xx_it.o
                0x08000b18                BusFault_Handler
 .text.UsageFault_Handler
                0x08000b20        0x8 z_build/c_hardware/Device/src/stm32f1xx_it.o
                0x08000b20                UsageFault_Handler
 .text.DebugMon_Handler
                0x08000b28        0xc z_build/c_hardware/Device/src/stm32f1xx_it.o
                0x08000b28                DebugMon_Handler
 .text.SysTick_Handler
                0x08000b34       0x1c z_build/c_hardware/Device/src/stm32f1xx_it.o
                0x08000b34                SysTick_Handler
 .text.USART1_IRQHandler
                0x08000b50       0x40 z_build/c_hardware/Device/src/stm32f1xx_it.o
                0x08000b50                USART1_IRQHandler
 .text.SystemInit
                0x08000b90       0x68 z_build/c_hardware/Device/src/system_stm32f10x.o
                0x08000b90                SystemInit
 .text.SystemCoreClockUpdate
                0x08000bf8       0xe4 z_build/c_hardware/Device/src/system_stm32f10x.o
                0x08000bf8                SystemCoreClockUpdate
 .text.Clock_72MHz_HSE_Init
                0x08000cdc       0x7e z_build/c_hardware/Device/src/system_stm32f10x.o
                0x08000cdc                Clock_72MHz_HSE_Init
 .text.SetSysClock
                0x08000d5a        0xc z_build/c_hardware/Device/src/system_stm32f10x.o
 *fill*         0x08000d66        0x2 
 .text.SetSysClockTo72
                0x08000d68      0x100 z_build/c_hardware/Device/src/system_stm32f10x.o
 .text.USART_Debugger_Init
                0x08000e68       0x80 z_build/c_hardware/Device/src/tty_hardware.o
 .text.tty_hardware_init
                0x08000ee8        0xc z_build/c_hardware/Device/src/tty_hardware.o
                0x08000ee8                tty_hardware_init
 .text.W25Q32_SPI_Init
                0x08000ef4       0x90 z_build/c_hardware/Device/src/w25q32_hardware.o
 .text.w25q32_hardware_init
                0x08000f84        0xc z_build/c_hardware/Device/src/w25q32_hardware.o
                0x08000f84                w25q32_hardware_init
 .text.NVIC_SetPriority
                0x08000f90       0x54 z_build/c_hardware/Device/src/systick.o
 .text.SysTick_Config
                0x08000fe4       0x44 z_build/c_hardware/Device/src/systick.o
 .text.systick_init
                0x08001028       0x38 z_build/c_hardware/Device/src/systick.o
                0x08001028                systick_init
 .text.delay_ms
                0x08001060       0x30 z_build/c_hardware/Device/src/systick.o
                0x08001060                delay_ms
 .text.get_systick
                0x08001090       0x14 z_build/c_hardware/Device/src/systick.o
                0x08001090                get_systick
 .text.NVIC_Init
                0x080010a4       0xc4 z_build/c_hardware/SPL/src/misc.o
                0x080010a4                NVIC_Init
 .text.GPIO_Init
                0x08001168      0x178 z_build/c_hardware/SPL/src/stm32f10x_gpio.o
                0x08001168                GPIO_Init
 .text.GPIO_SetBits
                0x080012e0       0x1c z_build/c_hardware/SPL/src/stm32f10x_gpio.o
                0x080012e0                GPIO_SetBits
 .text.GPIO_ResetBits
                0x080012fc       0x1c z_build/c_hardware/SPL/src/stm32f10x_gpio.o
                0x080012fc                GPIO_ResetBits
 .text.RCC_DeInit
                0x08001318       0x5c z_build/c_hardware/SPL/src/stm32f10x_rcc.o
                0x08001318                RCC_DeInit
 .text.RCC_HSEConfig
                0x08001374       0x5c z_build/c_hardware/SPL/src/stm32f10x_rcc.o
                0x08001374                RCC_HSEConfig
 .text.RCC_WaitForHSEStartUp
                0x080013d0       0x50 z_build/c_hardware/SPL/src/stm32f10x_rcc.o
                0x080013d0                RCC_WaitForHSEStartUp
 .text.RCC_PLLConfig
                0x08001420       0x3c z_build/c_hardware/SPL/src/stm32f10x_rcc.o
                0x08001420                RCC_PLLConfig
 .text.RCC_PLLCmd
                0x0800145c       0x20 z_build/c_hardware/SPL/src/stm32f10x_rcc.o
                0x0800145c                RCC_PLLCmd
 .text.RCC_SYSCLKConfig
                0x0800147c       0x38 z_build/c_hardware/SPL/src/stm32f10x_rcc.o
                0x0800147c                RCC_SYSCLKConfig
 .text.RCC_GetSYSCLKSource
                0x080014b4       0x1c z_build/c_hardware/SPL/src/stm32f10x_rcc.o
                0x080014b4                RCC_GetSYSCLKSource
 .text.RCC_HCLKConfig
                0x080014d0       0x38 z_build/c_hardware/SPL/src/stm32f10x_rcc.o
                0x080014d0                RCC_HCLKConfig
 .text.RCC_PCLK1Config
                0x08001508       0x38 z_build/c_hardware/SPL/src/stm32f10x_rcc.o
                0x08001508                RCC_PCLK1Config
 .text.RCC_PCLK2Config
                0x08001540       0x38 z_build/c_hardware/SPL/src/stm32f10x_rcc.o
                0x08001540                RCC_PCLK2Config
 .text.RCC_GetClocksFreq
                0x08001578      0x16c z_build/c_hardware/SPL/src/stm32f10x_rcc.o
                0x08001578                RCC_GetClocksFreq
 .text.RCC_APB2PeriphClockCmd
                0x080016e4       0x3c z_build/c_hardware/SPL/src/stm32f10x_rcc.o
                0x080016e4                RCC_APB2PeriphClockCmd
 .text.RCC_APB1PeriphClockCmd
                0x08001720       0x3c z_build/c_hardware/SPL/src/stm32f10x_rcc.o
                0x08001720                RCC_APB1PeriphClockCmd
 .text.RCC_GetFlagStatus
                0x0800175c       0x74 z_build/c_hardware/SPL/src/stm32f10x_rcc.o
                0x0800175c                RCC_GetFlagStatus
 .text.USART_Init
                0x080017d0      0x174 z_build/c_hardware/SPL/src/stm32f10x_usart.o
                0x080017d0                USART_Init
 .text.USART_Cmd
                0x08001944       0x3e z_build/c_hardware/SPL/src/stm32f10x_usart.o
                0x08001944                USART_Cmd
 .text.USART_ITConfig
                0x08001982       0x8e z_build/c_hardware/SPL/src/stm32f10x_usart.o
                0x08001982                USART_ITConfig
 .text.USART_SendData
                0x08001a10       0x22 z_build/c_hardware/SPL/src/stm32f10x_usart.o
                0x08001a10                USART_SendData
 .text.USART_ReceiveData
                0x08001a32       0x1e z_build/c_hardware/SPL/src/stm32f10x_usart.o
                0x08001a32                USART_ReceiveData
 .text.USART_GetFlagStatus
                0x08001a50       0x36 z_build/c_hardware/SPL/src/stm32f10x_usart.o
                0x08001a50                USART_GetFlagStatus
 .text.USART_GetITStatus
                0x08001a86       0xb4 z_build/c_hardware/SPL/src/stm32f10x_usart.o
                0x08001a86                USART_GetITStatus
 .text.SPI_Init
                0x08001b3a       0x86 z_build/c_hardware/SPL/src/stm32f10x_spi.o
                0x08001b3a                SPI_Init
 .text.SPI_Cmd  0x08001bc0       0x3e z_build/c_hardware/SPL/src/stm32f10x_spi.o
                0x08001bc0                SPI_Cmd
 .text.SPI_I2S_SendData
                0x08001bfe       0x1c z_build/c_hardware/SPL/src/stm32f10x_spi.o
                0x08001bfe                SPI_I2S_SendData
 .text.SPI_I2S_ReceiveData
                0x08001c1a       0x18 z_build/c_hardware/SPL/src/stm32f10x_spi.o
                0x08001c1a                SPI_I2S_ReceiveData
 .text.SPI_I2S_GetFlagStatus
                0x08001c32       0x36 z_build/c_hardware/SPL/src/stm32f10x_spi.o
                0x08001c32                SPI_I2S_GetFlagStatus
 .text.FLASH_SetLatency
                0x08001c68       0x38 z_build/c_hardware/SPL/src/stm32f10x_flash.o
                0x08001c68                FLASH_SetLatency
 .text.FLASH_PrefetchBufferCmd
                0x08001ca0       0x30 z_build/c_hardware/SPL/src/stm32f10x_flash.o
                0x08001ca0                FLASH_PrefetchBufferCmd
 .text.FLASH_Unlock
                0x08001cd0       0x24 z_build/c_hardware/SPL/src/stm32f10x_flash.o
                0x08001cd0                FLASH_Unlock
 .text.FLASH_Lock
                0x08001cf4       0x1c z_build/c_hardware/SPL/src/stm32f10x_flash.o
                0x08001cf4                FLASH_Lock
 .text.FLASH_ProgramWord
                0x08001d10       0x94 z_build/c_hardware/SPL/src/stm32f10x_flash.o
                0x08001d10                FLASH_ProgramWord
 .text.FLASH_ClearFlag
                0x08001da4       0x1c z_build/c_hardware/SPL/src/stm32f10x_flash.o
                0x08001da4                FLASH_ClearFlag
 .text.FLASH_GetBank1Status
                0x08001dc0       0x54 z_build/c_hardware/SPL/src/stm32f10x_flash.o
                0x08001dc0                FLASH_GetBank1Status
 .text.FLASH_WaitForLastOperation
                0x08001e14       0x44 z_build/c_hardware/SPL/src/stm32f10x_flash.o
                0x08001e14                FLASH_WaitForLastOperation
 .text.debug_printf
                0x08001e58       0x50 z_build/b_middleware/debugger/debugger.o
                0x08001e58                debug_printf
 .text.SPI1_transfer_w25q32
                0x08001ea8       0x48 z_build/b_middleware/spi_driver/spi_driver.o
                0x08001ea8                SPI1_transfer_w25q32
 .text.usart_sendstring
                0x08001ef0       0x3e z_build/b_middleware/usart_driver/usart_driver.o
                0x08001ef0                usart_sendstring
 *fill*         0x08001f2e        0x2 
 .text.W25Q32_ReadStatusReg
                0x08001f30       0x34 z_build/b_middleware/w25q32_driver/w25q32_driver.o
                0x08001f30                W25Q32_ReadStatusReg
 .text.W25Q32_WaitBusy
                0x08001f64       0x1a z_build/b_middleware/w25q32_driver/w25q32_driver.o
                0x08001f64                W25Q32_WaitBusy
 *fill*         0x08001f7e        0x2 
 .text.W25Q32_WriteEnable
                0x08001f80       0x24 z_build/b_middleware/w25q32_driver/w25q32_driver.o
                0x08001f80                W25Q32_WriteEnable
 .text.W25Q32_EraseChip
                0x08001fa4       0x30 z_build/b_middleware/w25q32_driver/w25q32_driver.o
                0x08001fa4                W25Q32_EraseChip
 .text.W25Q32_WritePage
                0x08001fd4       0x9c z_build/b_middleware/w25q32_driver/w25q32_driver.o
                0x08001fd4                W25Q32_WritePage
 .text.W25Q32_WriteData
                0x08002070       0x5e z_build/b_middleware/w25q32_driver/w25q32_driver.o
                0x08002070                W25Q32_WriteData
 *fill*         0x080020ce        0x2 
 .text.gsm_at_process
                0x080020d0       0x64 z_build/b_middleware/gsm_driver/gsm_at_engine.o
                0x080020d0                gsm_at_process
 .text.send_at_cmd
                0x08002134       0x74 z_build/b_middleware/gsm_driver/gsm_at_engine.o
                0x08002134                send_at_cmd
 .text.gsm_parser_process_line
                0x080021a8       0xb4 z_build/b_middleware/gsm_driver/gsm_at_engine.o
 .text.is_urc   0x0800225c      0x23c z_build/b_middleware/gsm_driver/gsm_at_engine.o
                0x0800225c                is_urc
 .text.at_line_handle
                0x08002498       0x30 z_build/b_middleware/gsm_driver/gsm_at_engine.o
 .text.at_response_handle
                0x080024c8      0x128 z_build/b_middleware/gsm_driver/gsm_at_engine.o
 .text.at_urc_handle
                0x080025f0      0x1ac z_build/b_middleware/gsm_driver/gsm_at_engine.o
 .text.clear_decision_flags
                0x0800279c       0x48 z_build/b_middleware/gsm_driver/gsm.o
 .text.decision_state
                0x080027e4       0xbc z_build/b_middleware/gsm_driver/gsm.o
 .text.GSM_Manager
                0x080028a0       0x90 z_build/b_middleware/gsm_driver/gsm.o
                0x080028a0                GSM_Manager
 .text.gsm_init
                0x08002930       0x1c z_build/b_middleware/gsm_driver/gsm.o
                0x08002930                gsm_init
 .text.at_basic_cb
                0x0800294c       0x98 z_build/b_middleware/gsm_driver/gsm_cb.o
                0x0800294c                at_basic_cb
 .text.gsm_common_sync_at
                0x080029e4      0x150 z_build/b_middleware/gsm_driver/gsm_common.o
                0x080029e4                gsm_common_sync_at
 .text.gsm_common_config
                0x08002b34      0x160 z_build/b_middleware/gsm_driver/gsm_common.o
                0x08002b34                gsm_common_config
 .text.gsm_common_check_sim
                0x08002c94      0x180 z_build/b_middleware/gsm_driver/gsm_common.o
                0x08002c94                gsm_common_check_sim
 .text.gsm_common_check_network
                0x08002e14      0x150 z_build/b_middleware/gsm_driver/gsm_common.o
                0x08002e14                gsm_common_check_network
 .text.gsm_common_check_gprs
                0x08002f64      0x178 z_build/b_middleware/gsm_driver/gsm_common.o
                0x08002f64                gsm_common_check_gprs
 .text.gsm_common_init_pdp
                0x080030dc      0x2e0 z_build/b_middleware/gsm_driver/gsm_common.o
                0x080030dc                gsm_common_init_pdp
 .text.set_sim_state
                0x080033bc       0x20 z_build/b_middleware/gsm_driver/gsm_entity.o
                0x080033bc                set_sim_state
 .text.set_sim_creg_state
                0x080033dc       0x20 z_build/b_middleware/gsm_driver/gsm_entity.o
                0x080033dc                set_sim_creg_state
 .text.set_http_action
                0x080033fc       0x3c z_build/b_middleware/gsm_driver/gsm_entity.o
                0x080033fc                set_http_action
 .text.event_queue_is_empty
                0x08003438       0x28 z_build/b_middleware/gsm_driver/gsm_event.o
                0x08003438                event_queue_is_empty
 .text.event_queue_is_full
                0x08003460       0x3a z_build/b_middleware/gsm_driver/gsm_event.o
                0x08003460                event_queue_is_full
 .text.push_event
                0x0800349a       0x78 z_build/b_middleware/gsm_driver/gsm_event.o
                0x0800349a                push_event
 .text.pop_event
                0x08003512       0x7c z_build/b_middleware/gsm_driver/gsm_event.o
                0x08003512                pop_event
 *fill*         0x0800358e        0x2 
 .text.gsm_http_init
                0x08003590      0x118 z_build/b_middleware/gsm_driver/gsm_http.o
                0x08003590                gsm_http_init
 .text.gsm_http_term
                0x080036a8      0x118 z_build/b_middleware/gsm_driver/gsm_http.o
                0x080036a8                gsm_http_term
 .text.gsm_http_set_url
                0x080037c0      0x110 z_build/b_middleware/gsm_driver/gsm_http.o
                0x080037c0                gsm_http_set_url
 .text.gsm_http_action
                0x080038d0      0x144 z_build/b_middleware/gsm_driver/gsm_http.o
                0x080038d0                gsm_http_action
 .text.gsm_http_read
                0x08003a14      0x18c z_build/b_middleware/gsm_driver/gsm_http.o
                0x08003a14                gsm_http_read
 .text.ota_process
                0x08003ba0      0x1e4 z_build/a_application/ota_task/ota_task.o
                0x08003ba0                ota_process
 .text.set_fw_size
                0x08003d84       0x2c z_build/a_application/ota_task/ota_task.o
 .text.set_fw_flag
                0x08003db0       0x3c z_build/a_application/ota_task/ota_task.o
 .text.main     0x08003dec       0x54 z_build/main.o
                0x08003dec                main
 .text.Reset_Handler
                0x08003e40       0x50 z_build/startup/startup.o
                0x08003e40                Reset_Handler
 .text.Default_Handler
                0x08003e90        0x2 z_build/startup/startup.o
                0x08003e90                EXTI2_IRQHandler
                0x08003e90                TIM1_CC_IRQHandler
                0x08003e90                PVD_IRQHandler
                0x08003e90                PendSV_Handler
                0x08003e90                EXTI3_IRQHandler
                0x08003e90                EXTI0_IRQHandler
                0x08003e90                I2C2_EV_IRQHandler
                0x08003e90                ADC1_2_IRQHandler
                0x08003e90                SPI1_IRQHandler
                0x08003e90                TAMPER_IRQHandler
                0x08003e90                DMA1_Channel4_IRQHandler
                0x08003e90                USART3_IRQHandler
                0x08003e90                RTC_IRQHandler
                0x08003e90                DMA1_Channel7_IRQHandler
                0x08003e90                CAN1_RX1_IRQHandler
                0x08003e90                TIM4_IRQHandler
                0x08003e90                I2C1_EV_IRQHandler
                0x08003e90                DMA1_Channel6_IRQHandler
                0x08003e90                TIM3_IRQHandler
                0x08003e90                RCC_IRQHandler
                0x08003e90                TIM1_TRG_COM_IRQHandler
                0x08003e90                DMA1_Channel1_IRQHandler
                0x08003e90                Default_Handler
                0x08003e90                EXTI15_10_IRQHandler
                0x08003e90                EXTI9_5_IRQHandler
                0x08003e90                SPI2_IRQHandler
                0x08003e90                SVC_Handler
                0x08003e90                DMA1_Channel5_IRQHandler
                0x08003e90                EXTI4_IRQHandler
                0x08003e90                USB_LP_CAN1_RX0_IRQHandler
                0x08003e90                USB_HP_CAN1_TX_IRQHandler
                0x08003e90                DMA1_Channel3_IRQHandler
                0x08003e90                TIM1_UP_IRQHandler
                0x08003e90                WWDG_IRQHandler
                0x08003e90                TIM2_IRQHandler
                0x08003e90                TIM1_BRK_IRQHandler
                0x08003e90                EXTI1_IRQHandler
                0x08003e90                RTCAlarm_IRQHandler
                0x08003e90                USART2_IRQHandler
                0x08003e90                I2C2_ER_IRQHandler
                0x08003e90                DMA1_Channel2_IRQHandler
                0x08003e90                CAN1_SCE_IRQHandler
                0x08003e90                FLASH_IRQHandler
                0x08003e90                I2C1_ER_IRQHandler
                0x08003e90                USBWakeUp_IRQHandler
 *fill*         0x08003e92        0x2 
 .text.snprintf
                0x08003e94       0x6c /home/bdang/toolchains/gcc-arm-none-eabi-14.3/bin/../lib/gcc/arm-none-eabi/14.3.1/../../../../arm-none-eabi/lib/thumb/v7-m/nofp/libc_nano.a(libc_a-snprintf.o)
                0x08003e94                snprintf
                0x08003e94                sniprintf
 .text._vsnprintf_r
                0x08003f00       0x5c /home/bdang/toolchains/gcc-arm-none-eabi-14.3/bin/../lib/gcc/arm-none-eabi/14.3.1/../../../../arm-none-eabi/lib/thumb/v7-m/nofp/libc_nano.a(libc_a-vsnprintf.o)
                0x08003f00                _vsnprintf_r
                0x08003f00                _vsniprintf_r
 .text.vsnprintf
                0x08003f5c       0x1c /home/bdang/toolchains/gcc-arm-none-eabi-14.3/bin/../lib/gcc/arm-none-eabi/14.3.1/../../../../arm-none-eabi/lib/thumb/v7-m/nofp/libc_nano.a(libc_a-vsnprintf.o)
                0x08003f5c                vsnprintf
                0x08003f5c                vsniprintf
 .text.memset   0x08003f78       0x10 /home/bdang/toolchains/gcc-arm-none-eabi-14.3/bin/../lib/gcc/arm-none-eabi/14.3.1/../../../../arm-none-eabi/lib/thumb/v7-m/nofp/libc_nano.a(libc_a-memset.o)
                0x08003f78                memset
 .text.strncmp  0x08003f88       0x24 /home/bdang/toolchains/gcc-arm-none-eabi-14.3/bin/../lib/gcc/arm-none-eabi/14.3.1/../../../../arm-none-eabi/lib/thumb/v7-m/nofp/libc_nano.a(libc_a-strncmp.o)
                0x08003f88                strncmp
 .text.strstr   0x08003fac       0x2c /home/bdang/toolchains/gcc-arm-none-eabi-14.3/bin/../lib/gcc/arm-none-eabi/14.3.1/../../../../arm-none-eabi/lib/thumb/v7-m/nofp/libc_nano.a(libc_a-strstr.o)
                0x08003fac                strstr
 .text.__libc_init_array
                0x08003fd8       0x48 /home/bdang/toolchains/gcc-arm-none-eabi-14.3/bin/../lib/gcc/arm-none-eabi/14.3.1/../../../../arm-none-eabi/lib/thumb/v7-m/nofp/libc_nano.a(libc_a-init.o)
                0x08003fd8                __libc_init_array
 .text.__retarget_lock_acquire_recursive
                0x08004020        0x2 /home/bdang/toolchains/gcc-arm-none-eabi-14.3/bin/../lib/gcc/arm-none-eabi/14.3.1/../../../../arm-none-eabi/lib/thumb/v7-m/nofp/libc_nano.a(libc_a-lock.o)
                0x08004020                __retarget_lock_acquire_recursive
 .text.__retarget_lock_release_recursive
                0x08004022        0x2 /home/bdang/toolchains/gcc-arm-none-eabi-14.3/bin/../lib/gcc/arm-none-eabi/14.3.1/../../../../arm-none-eabi/lib/thumb/v7-m/nofp/libc_nano.a(libc_a-lock.o)
                0x08004022                __retarget_lock_release_recursive
 .text.strcpy   0x08004024       0x10 /home/bdang/toolchains/gcc-arm-none-eabi-14.3/bin/../lib/gcc/arm-none-eabi/14.3.1/../../../../arm-none-eabi/lib/thumb/v7-m/nofp/libc_nano.a(libc_a-strcpy.o)
                0x08004024                strcpy
 .text.memcpy   0x08004034       0x1c /home/bdang/toolchains/gcc-arm-none-eabi-14.3/bin/../lib/gcc/arm-none-eabi/14.3.1/../../../../arm-none-eabi/lib/thumb/v7-m/nofp/libc_nano.a(libc_a-memcpy-stub.o)
                0x08004034                memcpy
 .text._free_r  0x08004050       0x90 /home/bdang/toolchains/gcc-arm-none-eabi-14.3/bin/../lib/gcc/arm-none-eabi/14.3.1/../../../../arm-none-eabi/lib/thumb/v7-m/nofp/libc_nano.a(libc_a-freer.o)
                0x08004050                _free_r
 .text.sbrk_aligned
                0x080040e0       0x44 /home/bdang/toolchains/gcc-arm-none-eabi-14.3/bin/../lib/gcc/arm-none-eabi/14.3.1/../../../../arm-none-eabi/lib/thumb/v7-m/nofp/libc_nano.a(libc_a-mallocr.o)
 .text._malloc_r
                0x08004124      0x100 /home/bdang/toolchains/gcc-arm-none-eabi-14.3/bin/../lib/gcc/arm-none-eabi/14.3.1/../../../../arm-none-eabi/lib/thumb/v7-m/nofp/libc_nano.a(libc_a-mallocr.o)
                0x08004124                _malloc_r
 .text.__malloc_lock
                0x08004224        0xc /home/bdang/toolchains/gcc-arm-none-eabi-14.3/bin/../lib/gcc/arm-none-eabi/14.3.1/../../../../arm-none-eabi/lib/thumb/v7-m/nofp/libc_nano.a(libc_a-mlock.o)
                0x08004224                __malloc_lock
 .text.__malloc_unlock
                0x08004230        0xc /home/bdang/toolchains/gcc-arm-none-eabi-14.3/bin/../lib/gcc/arm-none-eabi/14.3.1/../../../../arm-none-eabi/lib/thumb/v7-m/nofp/libc_nano.a(libc_a-mlock.o)
                0x08004230                __malloc_unlock
 .text.__ssputs_r
                0x0800423c       0xc0 /home/bdang/toolchains/gcc-arm-none-eabi-14.3/bin/../lib/gcc/arm-none-eabi/14.3.1/../../../../arm-none-eabi/lib/thumb/v7-m/nofp/libc_nano.a(libc_a-nano-svfprintf.o)
                0x0800423c                __ssputs_r
 .text._svfprintf_r
                0x080042fc      0x1f0 /home/bdang/toolchains/gcc-arm-none-eabi-14.3/bin/../lib/gcc/arm-none-eabi/14.3.1/../../../../arm-none-eabi/lib/thumb/v7-m/nofp/libc_nano.a(libc_a-nano-svfprintf.o)
                0x080042fc                _svfprintf_r
                0x080042fc                _svfiprintf_r
 .text._printf_common
                0x080044ec       0xe4 /home/bdang/toolchains/gcc-arm-none-eabi-14.3/bin/../lib/gcc/arm-none-eabi/14.3.1/../../../../arm-none-eabi/lib/thumb/v7-m/nofp/libc_nano.a(libc_a-nano-vfprintf_i.o)
                0x080044ec                _printf_common
 .text._printf_i
                0x080045d0      0x24c /home/bdang/toolchains/gcc-arm-none-eabi-14.3/bin/../lib/gcc/arm-none-eabi/14.3.1/../../../../arm-none-eabi/lib/thumb/v7-m/nofp/libc_nano.a(libc_a-nano-vfprintf_i.o)
                0x080045d0                _printf_i
 .text.memmove  0x0800481c       0x32 /home/bdang/toolchains/gcc-arm-none-eabi-14.3/bin/../lib/gcc/arm-none-eabi/14.3.1/../../../../arm-none-eabi/lib/thumb/v7-m/nofp/libc_nano.a(libc_a-memmove.o)
                0x0800481c                memmove
 *fill*         0x0800484e        0x2 
 .text._sbrk_r  0x08004850       0x20 /home/bdang/toolchains/gcc-arm-none-eabi-14.3/bin/../lib/gcc/arm-none-eabi/14.3.1/../../../../arm-none-eabi/lib/thumb/v7-m/nofp/libc_nano.a(libc_a-sbrkr.o)
                0x08004850                _sbrk_r
 .text.memchr   0x08004870       0x1c /home/bdang/toolchains/gcc-arm-none-eabi-14.3/bin/../lib/gcc/arm-none-eabi/14.3.1/../../../../arm-none-eabi/lib/thumb/v7-m/nofp/libc_nano.a(libc_a-memchr-stub.o)
                0x08004870                memchr
 .text._realloc_r
                0x0800488c       0x5c /home/bdang/toolchains/gcc-arm-none-eabi-14.3/bin/../lib/gcc/arm-none-eabi/14.3.1/../../../../arm-none-eabi/lib/thumb/v7-m/nofp/libc_nano.a(libc_a-reallocr.o)
                0x0800488c                _realloc_r
 .text._malloc_usable_size_r
                0x080048e8       0x10 /home/bdang/toolchains/gcc-arm-none-eabi-14.3/bin/../lib/gcc/arm-none-eabi/14.3.1/../../../../arm-none-eabi/lib/thumb/v7-m/nofp/libc_nano.a(libc_a-msizer.o)
                0x080048e8                _malloc_usable_size_r
 .text._sbrk    0x080048f8       0x1c /home/bdang/toolchains/gcc-arm-none-eabi-14.3/bin/../lib/gcc/arm-none-eabi/14.3.1/../../../../arm-none-eabi/lib/thumb/v7-m/nofp/libnosys.a(sbrk.o)
                0x080048f8                _sbrk
 *(.glue_7)
 .glue_7        0x08004914        0x0 linker stubs
 *(.glue_7t)
 .glue_7t       0x08004914        0x0 linker stubs
 *(.eh_frame)
 .eh_frame      0x08004914        0x0 /home/bdang/toolchains/gcc-arm-none-eabi-14.3/bin/../lib/gcc/arm-none-eabi/14.3.1/thumb/v7-m/nofp/crtbegin.o
 *(.init)
 .init          0x08004914        0x4 /home/bdang/toolchains/gcc-arm-none-eabi-14.3/bin/../lib/gcc/arm-none-eabi/14.3.1/thumb/v7-m/nofp/crti.o
                0x08004914                _init
 .init          0x08004918        0x8 /home/bdang/toolchains/gcc-arm-none-eabi-14.3/bin/../lib/gcc/arm-none-eabi/14.3.1/thumb/v7-m/nofp/crtn.o
 *(.fini)
 .fini          0x08004920        0x4 /home/bdang/toolchains/gcc-arm-none-eabi-14.3/bin/../lib/gcc/arm-none-eabi/14.3.1/thumb/v7-m/nofp/crti.o
                0x08004920                _fini
 .fini          0x08004924        0x8 /home/bdang/toolchains/gcc-arm-none-eabi-14.3/bin/../lib/gcc/arm-none-eabi/14.3.1/thumb/v7-m/nofp/crtn.o
                0x0800492c                        . = ALIGN (0x4)
                0x0800492c                        _etext = .

.vfp11_veneer   0x0800492c        0x0
 .vfp11_veneer  0x0800492c        0x0 linker stubs

.v4_bx          0x0800492c        0x0
 .v4_bx         0x0800492c        0x0 linker stubs

.iplt           0x0800492c        0x0
 .iplt          0x0800492c        0x0 /home/bdang/toolchains/gcc-arm-none-eabi-14.3/bin/../lib/gcc/arm-none-eabi/14.3.1/thumb/v7-m/nofp/crtbegin.o

.rodata         0x0800492c      0x77c
                0x0800492c                        . = ALIGN (0x4)
 *(.rodata)
 .rodata        0x0800492c       0x1b z_build/y_thirdparty/string_handler/string_handler.o
 *fill*         0x08004947        0x1 
 .rodata        0x08004948       0x1e z_build/c_hardware/Device/src/w25q32_hardware.o
 *fill*         0x08004966        0x2 
 .rodata        0x08004968      0x18f z_build/b_middleware/gsm_driver/gsm_at_engine.o
 *fill*         0x08004af7        0x1 
 .rodata        0x08004af8      0x157 z_build/b_middleware/gsm_driver/gsm.o
 *fill*         0x08004c4f        0x1 
 .rodata        0x08004c50       0x34 z_build/b_middleware/gsm_driver/gsm_cb.o
 .rodata        0x08004c84      0x1b9 z_build/b_middleware/gsm_driver/gsm_common.o
 *fill*         0x08004e3d        0x3 
 .rodata        0x08004e40      0x195 z_build/b_middleware/gsm_driver/gsm_http.o
 *fill*         0x08004fd5        0x3 
 .rodata        0x08004fd8       0x69 z_build/a_application/ota_task/ota_task.o
 *fill*         0x08005041        0x3 
 .rodata        0x08005044        0xa z_build/main.o
 *(.rodata*)
 *fill*         0x0800504e        0x2 
 .rodata.AHBPrescTable
                0x08005050       0x10 z_build/c_hardware/Device/src/system_stm32f10x.o
                0x08005050                AHBPrescTable
 .rodata.APBAHBPrescTable
                0x08005060       0x10 z_build/c_hardware/SPL/src/stm32f10x_rcc.o
 .rodata.ADCPrescTable
                0x08005070        0x4 z_build/c_hardware/SPL/src/stm32f10x_rcc.o
 .rodata._svfprintf_r.str1.1
                0x08005074       0x33 /home/bdang/toolchains/gcc-arm-none-eabi-14.3/bin/../lib/gcc/arm-none-eabi/14.3.1/../../../../arm-none-eabi/lib/thumb/v7-m/nofp/libc_nano.a(libc_a-nano-svfprintf.o)
                                 0x11 (size before relaxing)
 .rodata._printf_i.str1.1
                0x080050a7       0x22 /home/bdang/toolchains/gcc-arm-none-eabi-14.3/bin/../lib/gcc/arm-none-eabi/14.3.1/../../../../arm-none-eabi/lib/thumb/v7-m/nofp/libc_nano.a(libc_a-nano-vfprintf_i.o)
                0x080050cc                        . = ALIGN (0x4)
 *fill*         0x080050a7        0x1 

.ARM.extab
 *(.ARM.extab* .gnu.linkonce.armextab.*)

.ARM            0x080050a8        0x8
                0x080050a8                        __exidx_start = .
 *(.ARM.exidx*)
 .ARM.exidx     0x080050a8        0x8 /home/bdang/toolchains/gcc-arm-none-eabi-14.3/bin/../lib/gcc/arm-none-eabi/14.3.1/../../../../arm-none-eabi/lib/thumb/v7-m/nofp/libc_nano.a(libc_a-strlen.o)
                0x080050b0                        __exidx_end = .

.rel.dyn        0x080050b0        0x0
 .rel.iplt      0x080050b0        0x0 /home/bdang/toolchains/gcc-arm-none-eabi-14.3/bin/../lib/gcc/arm-none-eabi/14.3.1/thumb/v7-m/nofp/crtbegin.o

.preinit_array  0x080050b0        0x0
                0x080050b0                        PROVIDE (__preinit_array_start = .)
 *(.preinit_array*)
                0x080050b0                        PROVIDE (__preinit_array_end = .)

.init_array     0x080050b0        0x4
                0x080050b0                        PROVIDE (__init_array_start = .)
 *(SORT_BY_NAME(.init_array.*))
 *(.init_array*)
 .init_array    0x080050b0        0x4 /home/bdang/toolchains/gcc-arm-none-eabi-14.3/bin/../lib/gcc/arm-none-eabi/14.3.1/thumb/v7-m/nofp/crtbegin.o
                0x080050b4                        PROVIDE (__init_array_end = .)

.fini_array     0x080050b4        0x4
                [!provide]                        PROVIDE (__fini_array_start = .)
 *(SORT_BY_NAME(.fini_array.*))
 *(.fini_array*)
 .fini_array    0x080050b4        0x4 /home/bdang/toolchains/gcc-arm-none-eabi-14.3/bin/../lib/gcc/arm-none-eabi/14.3.1/thumb/v7-m/nofp/crtbegin.o
                [!provide]                        PROVIDE (__fini_array_end = .)
                0x080050b8                        _sidata = LOADADDR (.data)

.data           0x20000000      0x2bc load address 0x080050b8
                0x20000000                        . = ALIGN (0x4)
                0x20000000                        _sdata = .
 *(.data)
 *(.data*)
 .data.SystemCoreClock
                0x20000000        0x4 z_build/c_hardware/Device/src/system_stm32f10x.o
                0x20000000                SystemCoreClock
 .data.http_buff_ptr
                0x20000004        0x4 z_build/b_middleware/gsm_driver/gsm_at_engine.o
                0x20000004                http_buff_ptr
 .data.sim_entity
                0x20000008       0x1a z_build/b_middleware/gsm_driver/gsm_entity.o
                0x20000008                sim_entity
 *fill*         0x20000022        0x2 
 .data.response_event_queue
                0x20000024      0x206 z_build/b_middleware/gsm_driver/gsm_event.o
                0x20000024                response_event_queue
 *fill*         0x2000022a        0x2 
 .data.ota_url  0x2000022c       0x40 z_build/a_application/ota_task/ota_task.o
 .data._impure_ptr
                0x2000026c        0x4 /home/bdang/toolchains/gcc-arm-none-eabi-14.3/bin/../lib/gcc/arm-none-eabi/14.3.1/../../../../arm-none-eabi/lib/thumb/v7-m/nofp/libc_nano.a(libc_a-impure.o)
                0x2000026c                _impure_ptr
 .data._impure_data
                0x20000270       0x4c /home/bdang/toolchains/gcc-arm-none-eabi-14.3/bin/../lib/gcc/arm-none-eabi/14.3.1/../../../../arm-none-eabi/lib/thumb/v7-m/nofp/libc_nano.a(libc_a-impure.o)
                0x20000270                _impure_data
                0x200002bc                        . = ALIGN (0x4)
                0x200002bc                        _edata = .

.tm_clone_table
                0x200002bc        0x0 load address 0x08005374
 .tm_clone_table
                0x200002bc        0x0 /home/bdang/toolchains/gcc-arm-none-eabi-14.3/bin/../lib/gcc/arm-none-eabi/14.3.1/thumb/v7-m/nofp/crtbegin.o
 .tm_clone_table
                0x200002bc        0x0 /home/bdang/toolchains/gcc-arm-none-eabi-14.3/bin/../lib/gcc/arm-none-eabi/14.3.1/thumb/v7-m/nofp/crtend.o

.igot.plt       0x200002bc        0x0 load address 0x08005374
 .igot.plt      0x200002bc        0x0 /home/bdang/toolchains/gcc-arm-none-eabi-14.3/bin/../lib/gcc/arm-none-eabi/14.3.1/thumb/v7-m/nofp/crtbegin.o
                0x200002bc                        . = ALIGN (0x4)

.bss            0x200002bc      0xcf0 load address 0x08005374
                0x200002bc                        _sbss = .
                0x200002bc                        __bss_start__ = _sbss
 *(.bss)
 *(.bss*)
 .bss.completed.1
                0x200002bc        0x1 /home/bdang/toolchains/gcc-arm-none-eabi-14.3/bin/../lib/gcc/arm-none-eabi/14.3.1/thumb/v7-m/nofp/crtbegin.o
 *fill*         0x200002bd        0x3 
 .bss.object.0  0x200002c0       0x18 /home/bdang/toolchains/gcc-arm-none-eabi-14.3/bin/../lib/gcc/arm-none-eabi/14.3.1/thumb/v7-m/nofp/crtbegin.o
 .bss.msTicks   0x200002d8        0x4 z_build/c_hardware/Device/src/systick.o
                0x200002d8                msTicks
 .bss.cur_w25_addr
                0x200002dc        0x4 z_build/b_middleware/w25q32_driver/w25q32_driver.o
                0x200002dc                cur_w25_addr
 .bss.is_busy   0x200002e0        0x1 z_build/b_middleware/gsm_driver/gsm_at_engine.o
 *fill*         0x200002e1        0x3 
 .bss.executing_cmd
                0x200002e4       0xac z_build/b_middleware/gsm_driver/gsm_at_engine.o
 .bss.line_len.1
                0x20000390        0x2 z_build/b_middleware/gsm_driver/gsm_at_engine.o
 *fill*         0x20000392        0x2 
 .bss.line_buff.0
                0x20000394      0x400 z_build/b_middleware/gsm_driver/gsm_at_engine.o
 .bss.gsm_state
                0x20000794        0x1 z_build/b_middleware/gsm_driver/gsm.o
                0x20000794                gsm_state
 *fill*         0x20000795        0x3 
 .bss.at_rb     0x20000798       0x18 z_build/b_middleware/gsm_driver/gsm.o
                0x20000798                at_rb
 .bss.at_rb_buff
                0x200007b0      0x400 z_build/b_middleware/gsm_driver/gsm.o
                0x200007b0                at_rb_buff
 .bss.decision_flag
                0x20000bb0        0x9 z_build/b_middleware/gsm_driver/gsm.o
                0x20000bb0                decision_flag
 .bss.sharedStep
                0x20000bb9        0x1 z_build/b_middleware/gsm_driver/gsm_common.o
 .bss.sharedTimeout_count
                0x20000bba        0x1 z_build/b_middleware/gsm_driver/gsm_common.o
 *fill*         0x20000bbb        0x1 
 .bss.http_action_entity
                0x20000bbc        0xc z_build/b_middleware/gsm_driver/gsm_entity.o
                0x20000bbc                http_action_entity
 .bss.http_data_buff
                0x20000bc8      0x280 z_build/b_middleware/gsm_driver/gsm_http.o
                0x20000bc8                http_data_buff
 .bss.http_state
                0x20000e48        0x1 z_build/b_middleware/gsm_driver/gsm_http.o
                0x20000e48                http_state
 *fill*         0x20000e49        0x3 
 .bss.http_reading_chunk
                0x20000e4c        0x4 z_build/b_middleware/gsm_driver/gsm_http.o
                0x20000e4c                http_reading_chunk
 .bss.sharedStep
                0x20000e50        0x1 z_build/b_middleware/gsm_driver/gsm_http.o
 .bss.timeout_count.0
                0x20000e51        0x1 z_build/b_middleware/gsm_driver/gsm_http.o
 .bss.sharedStep
                0x20000e52        0x1 z_build/a_application/ota_task/ota_task.o
 *fill*         0x20000e53        0x1 
 .bss.cur_offset
                0x20000e54        0x4 z_build/a_application/ota_task/ota_task.o
 .bss.chunk     0x20000e58        0x4 z_build/a_application/ota_task/ota_task.o
 .bss.cur_task  0x20000e5c        0x1 z_build/main.o
                0x20000e5c                cur_task
 *fill*         0x20000e5d        0x3 
 .bss.__sf      0x20000e60      0x138 /home/bdang/toolchains/gcc-arm-none-eabi-14.3/bin/../lib/gcc/arm-none-eabi/14.3.1/../../../../arm-none-eabi/lib/thumb/v7-m/nofp/libc_nano.a(libc_a-findfp.o)
                0x20000e60                __sf
 .bss.errno     0x20000f98        0x4 /home/bdang/toolchains/gcc-arm-none-eabi-14.3/bin/../lib/gcc/arm-none-eabi/14.3.1/../../../../arm-none-eabi/lib/thumb/v7-m/nofp/libc_nano.a(libc_a-reent.o)
                0x20000f98                errno
 .bss.__lock___malloc_recursive_mutex
                0x20000f9c        0x1 /home/bdang/toolchains/gcc-arm-none-eabi-14.3/bin/../lib/gcc/arm-none-eabi/14.3.1/../../../../arm-none-eabi/lib/thumb/v7-m/nofp/libc_nano.a(libc_a-lock.o)
                0x20000f9c                __lock___malloc_recursive_mutex
 *fill*         0x20000f9d        0x3 
 .bss.__malloc_sbrk_start
                0x20000fa0        0x4 /home/bdang/toolchains/gcc-arm-none-eabi-14.3/bin/../lib/gcc/arm-none-eabi/14.3.1/../../../../arm-none-eabi/lib/thumb/v7-m/nofp/libc_nano.a(libc_a-mallocr.o)
                0x20000fa0                __malloc_sbrk_start
 .bss.__malloc_free_list
                0x20000fa4        0x4 /home/bdang/toolchains/gcc-arm-none-eabi-14.3/bin/../lib/gcc/arm-none-eabi/14.3.1/../../../../arm-none-eabi/lib/thumb/v7-m/nofp/libc_nano.a(libc_a-mallocr.o)
                0x20000fa4                __malloc_free_list
 .bss.heap_end.0
                0x20000fa8        0x4 /home/bdang/toolchains/gcc-arm-none-eabi-14.3/bin/../lib/gcc/arm-none-eabi/14.3.1/../../../../arm-none-eabi/lib/thumb/v7-m/nofp/libnosys.a(sbrk.o)
 *(COMMON)
                0x20000fac                        . = ALIGN (0x4)
                0x20000fac                        _ebss = .
                0x20000fac                        __bss_end__ = _ebss

._user_heap_stack
                0x20000fac      0x100 load address 0x08005374
                0x20000fac                        . = ALIGN (0x4)
                0x20000fac                        PROVIDE (end = .)
                [!provide]                        PROVIDE (_end = .)
                0x20000fac                        . = (. + _Min_Heap_Size)
                0x200010ac                        . = (. + _Min_Stack_Size)
 *fill*         0x20000fac      0x100 
                0x200010ac                        . = ALIGN (0x4)

.memory_b1_text
 *(.mb1text)
 *(.mb1text*)
 *(.mb1rodata)
 *(.mb1rodata*)

/DISCARD/
 libc.a(*)
 libm.a(*)
 libgcc.a(*)

.ARM.attributes
                0x00000000       0x29
 *(.ARM.attributes)
 .ARM.attributes
                0x00000000       0x1d /home/bdang/toolchains/gcc-arm-none-eabi-14.3/bin/../lib/gcc/arm-none-eabi/14.3.1/thumb/v7-m/nofp/crti.o
 .ARM.attributes
                0x0000001d       0x2d /home/bdang/toolchains/gcc-arm-none-eabi-14.3/bin/../lib/gcc/arm-none-eabi/14.3.1/thumb/v7-m/nofp/crtbegin.o
 .ARM.attributes
                0x0000004a       0x2d z_build/y_thirdparty/lwrb/lwrb.o
 .ARM.attributes
                0x00000077       0x2d z_build/y_thirdparty/string_handler/string_handler.o
 .ARM.attributes
                0x000000a4       0x2d z_build/c_hardware/Device/src/a7670c_hardware.o
 .ARM.attributes
                0x000000d1       0x2d z_build/c_hardware/Device/src/hardware_init.o
 .ARM.attributes
                0x000000fe       0x2d z_build/c_hardware/Device/src/stm32f1xx_it.o
 .ARM.attributes
                0x0000012b       0x2d z_build/c_hardware/Device/src/system_stm32f10x.o
 .ARM.attributes
                0x00000158       0x2d z_build/c_hardware/Device/src/tty_hardware.o
 .ARM.attributes
                0x00000185       0x2d z_build/c_hardware/Device/src/w25q32_hardware.o
 .ARM.attributes
                0x000001b2       0x2d z_build/c_hardware/Device/src/systick.o
 .ARM.attributes
                0x000001df       0x2d z_build/c_hardware/SPL/src/misc.o
 .ARM.attributes
                0x0000020c       0x2d z_build/c_hardware/SPL/src/stm32f10x_gpio.o
 .ARM.attributes
                0x00000239       0x2d z_build/c_hardware/SPL/src/stm32f10x_rcc.o
 .ARM.attributes
                0x00000266       0x2d z_build/c_hardware/SPL/src/stm32f10x_usart.o
 .ARM.attributes
                0x00000293       0x2d z_build/c_hardware/SPL/src/stm32f10x_spi.o
 .ARM.attributes
                0x000002c0       0x2d z_build/c_hardware/SPL/src/stm32f10x_flash.o
 .ARM.attributes
                0x000002ed       0x2d z_build/b_middleware/debugger/debugger.o
 .ARM.attributes
                0x0000031a       0x2d z_build/b_middleware/spi_driver/spi_driver.o
 .ARM.attributes
                0x00000347       0x2d z_build/b_middleware/usart_driver/usart_driver.o
 .ARM.attributes
                0x00000374       0x2d z_build/b_middleware/w25q32_driver/w25q32_driver.o
 .ARM.attributes
                0x000003a1       0x2d z_build/b_middleware/gsm_driver/gsm_at_engine.o
 .ARM.attributes
                0x000003ce       0x2d z_build/b_middleware/gsm_driver/gsm.o
 .ARM.attributes
                0x000003fb       0x2d z_build/b_middleware/gsm_driver/gsm_cb.o
 .ARM.attributes
                0x00000428       0x2d z_build/b_middleware/gsm_driver/gsm_common.o
 .ARM.attributes
                0x00000455       0x2d z_build/b_middleware/gsm_driver/gsm_entity.o
 .ARM.attributes
                0x00000482       0x2d z_build/b_middleware/gsm_driver/gsm_event.o
 .ARM.attributes
                0x000004af       0x2d z_build/b_middleware/gsm_driver/gsm_http.o
 .ARM.attributes
                0x000004dc       0x2d z_build/a_application/ota_task/ota_task.o
 .ARM.attributes
                0x00000509       0x2d z_build/main.o
 .ARM.attributes
                0x00000536       0x21 z_build/startup/startup.o
 .ARM.attributes
                0x00000557       0x2d /home/bdang/toolchains/gcc-arm-none-eabi-14.3/bin/../lib/gcc/arm-none-eabi/14.3.1/../../../../arm-none-eabi/lib/thumb/v7-m/nofp/libc_nano.a(libc_a-findfp.o)
 .ARM.attributes
                0x00000584       0x2d /home/bdang/toolchains/gcc-arm-none-eabi-14.3/bin/../lib/gcc/arm-none-eabi/14.3.1/../../../../arm-none-eabi/lib/thumb/v7-m/nofp/libc_nano.a(libc_a-snprintf.o)
 .ARM.attributes
                0x000005b1       0x2d /home/bdang/toolchains/gcc-arm-none-eabi-14.3/bin/../lib/gcc/arm-none-eabi/14.3.1/../../../../arm-none-eabi/lib/thumb/v7-m/nofp/libc_nano.a(libc_a-vsnprintf.o)
 .ARM.attributes
                0x000005de       0x2d /home/bdang/toolchains/gcc-arm-none-eabi-14.3/bin/../lib/gcc/arm-none-eabi/14.3.1/../../../../arm-none-eabi/lib/thumb/v7-m/nofp/libc_nano.a(libc_a-memset.o)
 .ARM.attributes
                0x0000060b       0x2d /home/bdang/toolchains/gcc-arm-none-eabi-14.3/bin/../lib/gcc/arm-none-eabi/14.3.1/../../../../arm-none-eabi/lib/thumb/v7-m/nofp/libc_nano.a(libc_a-strncmp.o)
 .ARM.attributes
                0x00000638       0x2d /home/bdang/toolchains/gcc-arm-none-eabi-14.3/bin/../lib/gcc/arm-none-eabi/14.3.1/../../../../arm-none-eabi/lib/thumb/v7-m/nofp/libc_nano.a(libc_a-strstr.o)
 .ARM.attributes
                0x00000665       0x2d /home/bdang/toolchains/gcc-arm-none-eabi-14.3/bin/../lib/gcc/arm-none-eabi/14.3.1/../../../../arm-none-eabi/lib/thumb/v7-m/nofp/libc_nano.a(libc_a-reent.o)
 .ARM.attributes
                0x00000692       0x2d /home/bdang/toolchains/gcc-arm-none-eabi-14.3/bin/../lib/gcc/arm-none-eabi/14.3.1/../../../../arm-none-eabi/lib/thumb/v7-m/nofp/libc_nano.a(libc_a-impure.o)
 .ARM.attributes
                0x000006bf       0x2d /home/bdang/toolchains/gcc-arm-none-eabi-14.3/bin/../lib/gcc/arm-none-eabi/14.3.1/../../../../arm-none-eabi/lib/thumb/v7-m/nofp/libc_nano.a(libc_a-init.o)
 .ARM.attributes
                0x000006ec       0x2d /home/bdang/toolchains/gcc-arm-none-eabi-14.3/bin/../lib/gcc/arm-none-eabi/14.3.1/../../../../arm-none-eabi/lib/thumb/v7-m/nofp/libc_nano.a(libc_a-lock.o)
 .ARM.attributes
                0x00000719       0x2d /home/bdang/toolchains/gcc-arm-none-eabi-14.3/bin/../lib/gcc/arm-none-eabi/14.3.1/../../../../arm-none-eabi/lib/thumb/v7-m/nofp/libc_nano.a(libc_a-strcpy.o)
 .ARM.attributes
                0x00000746       0x2d /home/bdang/toolchains/gcc-arm-none-eabi-14.3/bin/../lib/gcc/arm-none-eabi/14.3.1/../../../../arm-none-eabi/lib/thumb/v7-m/nofp/libc_nano.a(libc_a-memcpy-stub.o)
 .ARM.attributes
                0x00000773       0x17 /home/bdang/toolchains/gcc-arm-none-eabi-14.3/bin/../lib/gcc/arm-none-eabi/14.3.1/../../../../arm-none-eabi/lib/thumb/v7-m/nofp/libc_nano.a(libc_a-strlen.o)
 .ARM.attributes
                0x0000078a       0x2d /home/bdang/toolchains/gcc-arm-none-eabi-14.3/bin/../lib/gcc/arm-none-eabi/14.3.1/../../../../arm-none-eabi/lib/thumb/v7-m/nofp/libc_nano.a(libc_a-freer.o)
 .ARM.attributes
                0x000007b7       0x2d /home/bdang/toolchains/gcc-arm-none-eabi-14.3/bin/../lib/gcc/arm-none-eabi/14.3.1/../../../../arm-none-eabi/lib/thumb/v7-m/nofp/libc_nano.a(libc_a-mallocr.o)
 .ARM.attributes
                0x000007e4       0x2d /home/bdang/toolchains/gcc-arm-none-eabi-14.3/bin/../lib/gcc/arm-none-eabi/14.3.1/../../../../arm-none-eabi/lib/thumb/v7-m/nofp/libc_nano.a(libc_a-mlock.o)
 .ARM.attributes
                0x00000811       0x2d /home/bdang/toolchains/gcc-arm-none-eabi-14.3/bin/../lib/gcc/arm-none-eabi/14.3.1/../../../../arm-none-eabi/lib/thumb/v7-m/nofp/libc_nano.a(libc_a-nano-svfprintf.o)
 .ARM.attributes
                0x0000083e       0x2d /home/bdang/toolchains/gcc-arm-none-eabi-14.3/bin/../lib/gcc/arm-none-eabi/14.3.1/../../../../arm-none-eabi/lib/thumb/v7-m/nofp/libc_nano.a(libc_a-nano-vfprintf_i.o)
 .ARM.attributes
                0x0000086b       0x2d /home/bdang/toolchains/gcc-arm-none-eabi-14.3/bin/../lib/gcc/arm-none-eabi/14.3.1/../../../../arm-none-eabi/lib/thumb/v7-m/nofp/libc_nano.a(libc_a-memmove.o)
 .ARM.attributes
                0x00000898       0x2d /home/bdang/toolchains/gcc-arm-none-eabi-14.3/bin/../lib/gcc/arm-none-eabi/14.3.1/../../../../arm-none-eabi/lib/thumb/v7-m/nofp/libc_nano.a(libc_a-sbrkr.o)
 .ARM.attributes
                0x000008c5       0x2d /home/bdang/toolchains/gcc-arm-none-eabi-14.3/bin/../lib/gcc/arm-none-eabi/14.3.1/../../../../arm-none-eabi/lib/thumb/v7-m/nofp/libc_nano.a(libc_a-memchr-stub.o)
 .ARM.attributes
                0x000008f2       0x2d /home/bdang/toolchains/gcc-arm-none-eabi-14.3/bin/../lib/gcc/arm-none-eabi/14.3.1/../../../../arm-none-eabi/lib/thumb/v7-m/nofp/libc_nano.a(libc_a-reallocr.o)
 .ARM.attributes
                0x0000091f       0x2d /home/bdang/toolchains/gcc-arm-none-eabi-14.3/bin/../lib/gcc/arm-none-eabi/14.3.1/../../../../arm-none-eabi/lib/thumb/v7-m/nofp/libc_nano.a(libc_a-msizer.o)
 .ARM.attributes
                0x0000094c       0x2d /home/bdang/toolchains/gcc-arm-none-eabi-14.3/bin/../lib/gcc/arm-none-eabi/14.3.1/../../../../arm-none-eabi/lib/thumb/v7-m/nofp/libnosys.a(sbrk.o)
 .ARM.attributes
                0x00000979       0x2d /home/bdang/toolchains/gcc-arm-none-eabi-14.3/bin/../lib/gcc/arm-none-eabi/14.3.1/thumb/v7-m/nofp/crtend.o
 .ARM.attributes
                0x000009a6       0x1d /home/bdang/toolchains/gcc-arm-none-eabi-14.3/bin/../lib/gcc/arm-none-eabi/14.3.1/thumb/v7-m/nofp/crtn.o
OUTPUT(z_build/a7670c.elf elf32-littlearm)
LOAD linker stubs
LOAD /home/bdang/toolchains/gcc-arm-none-eabi-14.3/bin/../lib/gcc/arm-none-eabi/14.3.1/../../../../arm-none-eabi/lib/thumb/v7-m/nofp/libc.a
LOAD /home/bdang/toolchains/gcc-arm-none-eabi-14.3/bin/../lib/gcc/arm-none-eabi/14.3.1/../../../../arm-none-eabi/lib/thumb/v7-m/nofp/libm.a
LOAD /home/bdang/toolchains/gcc-arm-none-eabi-14.3/bin/../lib/gcc/arm-none-eabi/14.3.1/thumb/v7-m/nofp/libgcc.a

.debug_info     0x00000000     0x931b
 .debug_info    0x00000000      0xdbd z_build/y_thirdparty/lwrb/lwrb.o
 .debug_info    0x00000dbd      0x30a z_build/y_thirdparty/string_handler/string_handler.o
 .debug_info    0x000010c7      0x681 z_build/c_hardware/Device/src/a7670c_hardware.o
 .debug_info    0x00001748       0xc2 z_build/c_hardware/Device/src/hardware_init.o
 .debug_info    0x0000180a      0x3c5 z_build/c_hardware/Device/src/stm32f1xx_it.o
 .debug_info    0x00001bcf      0x5e5 z_build/c_hardware/Device/src/system_stm32f10x.o
 .debug_info    0x000021b4      0x3d6 z_build/c_hardware/Device/src/tty_hardware.o
 .debug_info    0x0000258a      0x451 z_build/c_hardware/Device/src/w25q32_hardware.o
 .debug_info    0x000029db      0x5ed z_build/c_hardware/Device/src/systick.o
 .debug_info    0x00002fc8      0x4fa z_build/c_hardware/SPL/src/misc.o
 .debug_info    0x000034c2      0x6da z_build/c_hardware/SPL/src/stm32f10x_gpio.o
 .debug_info    0x00003b9c      0x858 z_build/c_hardware/SPL/src/stm32f10x_rcc.o
 .debug_info    0x000043f4      0x9f1 z_build/c_hardware/SPL/src/stm32f10x_usart.o
 .debug_info    0x00004de5      0x908 z_build/c_hardware/SPL/src/stm32f10x_spi.o
 .debug_info    0x000056ed      0x773 z_build/c_hardware/SPL/src/stm32f10x_flash.o
 .debug_info    0x00005e60      0x266 z_build/b_middleware/debugger/debugger.o
 .debug_info    0x000060c6      0x23e z_build/b_middleware/spi_driver/spi_driver.o
 .debug_info    0x00006304      0x204 z_build/b_middleware/usart_driver/usart_driver.o
 .debug_info    0x00006508      0x38f z_build/b_middleware/w25q32_driver/w25q32_driver.o
 .debug_info    0x00006897      0x86b z_build/b_middleware/gsm_driver/gsm_at_engine.o
 .debug_info    0x00007102      0x500 z_build/b_middleware/gsm_driver/gsm.o
 .debug_info    0x00007602      0x353 z_build/b_middleware/gsm_driver/gsm_cb.o
 .debug_info    0x00007955      0x794 z_build/b_middleware/gsm_driver/gsm_common.o
 .debug_info    0x000080e9      0x2c7 z_build/b_middleware/gsm_driver/gsm_entity.o
 .debug_info    0x000083b0      0x31d z_build/b_middleware/gsm_driver/gsm_event.o
 .debug_info    0x000086cd      0x6f0 z_build/b_middleware/gsm_driver/gsm_http.o
 .debug_info    0x00008dbd      0x36c z_build/a_application/ota_task/ota_task.o
 .debug_info    0x00009129      0x1c2 z_build/main.o
 .debug_info    0x000092eb       0x30 z_build/startup/startup.o

.debug_abbrev   0x00000000     0x2e55
 .debug_abbrev  0x00000000      0x21e z_build/y_thirdparty/lwrb/lwrb.o
 .debug_abbrev  0x0000021e      0x136 z_build/y_thirdparty/string_handler/string_handler.o
 .debug_abbrev  0x00000354      0x194 z_build/c_hardware/Device/src/a7670c_hardware.o
 .debug_abbrev  0x000004e8       0x84 z_build/c_hardware/Device/src/hardware_init.o
 .debug_abbrev  0x0000056c      0x1b3 z_build/c_hardware/Device/src/stm32f1xx_it.o
 .debug_abbrev  0x0000071f      0x1fb z_build/c_hardware/Device/src/system_stm32f10x.o
 .debug_abbrev  0x0000091a      0x146 z_build/c_hardware/Device/src/tty_hardware.o
 .debug_abbrev  0x00000a60      0x145 z_build/c_hardware/Device/src/w25q32_hardware.o
 .debug_abbrev  0x00000ba5      0x203 z_build/c_hardware/Device/src/systick.o
 .debug_abbrev  0x00000da8      0x17f z_build/c_hardware/SPL/src/misc.o
 .debug_abbrev  0x00000f27      0x217 z_build/c_hardware/SPL/src/stm32f10x_gpio.o
 .debug_abbrev  0x0000113e      0x1e3 z_build/c_hardware/SPL/src/stm32f10x_rcc.o
 .debug_abbrev  0x00001321      0x1bf z_build/c_hardware/SPL/src/stm32f10x_usart.o
 .debug_abbrev  0x000014e0      0x1dc z_build/c_hardware/SPL/src/stm32f10x_spi.o
 .debug_abbrev  0x000016bc      0x1b6 z_build/c_hardware/SPL/src/stm32f10x_flash.o
 .debug_abbrev  0x00001872      0x158 z_build/b_middleware/debugger/debugger.o
 .debug_abbrev  0x000019ca      0x114 z_build/b_middleware/spi_driver/spi_driver.o
 .debug_abbrev  0x00001ade      0x12a z_build/b_middleware/usart_driver/usart_driver.o
 .debug_abbrev  0x00001c08      0x186 z_build/b_middleware/w25q32_driver/w25q32_driver.o
 .debug_abbrev  0x00001d8e      0x26f z_build/b_middleware/gsm_driver/gsm_at_engine.o
 .debug_abbrev  0x00001ffd      0x27c z_build/b_middleware/gsm_driver/gsm.o
 .debug_abbrev  0x00002279      0x1b4 z_build/b_middleware/gsm_driver/gsm_cb.o
 .debug_abbrev  0x0000242d      0x23c z_build/b_middleware/gsm_driver/gsm_common.o
 .debug_abbrev  0x00002669       0xef z_build/b_middleware/gsm_driver/gsm_entity.o
 .debug_abbrev  0x00002758      0x198 z_build/b_middleware/gsm_driver/gsm_event.o
 .debug_abbrev  0x000028f0      0x265 z_build/b_middleware/gsm_driver/gsm_http.o
 .debug_abbrev  0x00002b55      0x1d9 z_build/a_application/ota_task/ota_task.o
 .debug_abbrev  0x00002d2e      0x103 z_build/main.o
 .debug_abbrev  0x00002e31       0x24 z_build/startup/startup.o

.debug_aranges  0x00000000      0xa98
 .debug_aranges
                0x00000000       0xc0 z_build/y_thirdparty/lwrb/lwrb.o
 .debug_aranges
                0x000000c0       0x50 z_build/y_thirdparty/string_handler/string_handler.o
 .debug_aranges
                0x00000110       0x58 z_build/c_hardware/Device/src/a7670c_hardware.o
 .debug_aranges
                0x00000168       0x20 z_build/c_hardware/Device/src/hardware_init.o
 .debug_aranges
                0x00000188       0x58 z_build/c_hardware/Device/src/stm32f1xx_it.o
 .debug_aranges
                0x000001e0       0x40 z_build/c_hardware/Device/src/system_stm32f10x.o
 .debug_aranges
                0x00000220       0x28 z_build/c_hardware/Device/src/tty_hardware.o
 .debug_aranges
                0x00000248       0x28 z_build/c_hardware/Device/src/w25q32_hardware.o
 .debug_aranges
                0x00000270       0x40 z_build/c_hardware/Device/src/systick.o
 .debug_aranges
                0x000002b0       0x40 z_build/c_hardware/SPL/src/misc.o
 .debug_aranges
                0x000002f0       0xa8 z_build/c_hardware/SPL/src/stm32f10x_gpio.o
 .debug_aranges
                0x00000398      0x118 z_build/c_hardware/SPL/src/stm32f10x_rcc.o
 .debug_aranges
                0x000004b0      0x100 z_build/c_hardware/SPL/src/stm32f10x_usart.o
 .debug_aranges
                0x000005b0       0xd0 z_build/c_hardware/SPL/src/stm32f10x_spi.o
 .debug_aranges
                0x00000680       0xf8 z_build/c_hardware/SPL/src/stm32f10x_flash.o
 .debug_aranges
                0x00000778       0x28 z_build/b_middleware/debugger/debugger.o
 .debug_aranges
                0x000007a0       0x20 z_build/b_middleware/spi_driver/spi_driver.o
 .debug_aranges
                0x000007c0       0x20 z_build/b_middleware/usart_driver/usart_driver.o
 .debug_aranges
                0x000007e0       0x78 z_build/b_middleware/w25q32_driver/w25q32_driver.o
 .debug_aranges
                0x00000858       0x50 z_build/b_middleware/gsm_driver/gsm_at_engine.o
 .debug_aranges
                0x000008a8       0x50 z_build/b_middleware/gsm_driver/gsm.o
 .debug_aranges
                0x000008f8       0x20 z_build/b_middleware/gsm_driver/gsm_cb.o
 .debug_aranges
                0x00000918       0x48 z_build/b_middleware/gsm_driver/gsm_common.o
 .debug_aranges
                0x00000960       0x40 z_build/b_middleware/gsm_driver/gsm_entity.o
 .debug_aranges
                0x000009a0       0x40 z_build/b_middleware/gsm_driver/gsm_event.o
 .debug_aranges
                0x000009e0       0x40 z_build/b_middleware/gsm_driver/gsm_http.o
 .debug_aranges
                0x00000a20       0x30 z_build/a_application/ota_task/ota_task.o
 .debug_aranges
                0x00000a50       0x20 z_build/main.o
 .debug_aranges
                0x00000a70       0x28 z_build/startup/startup.o

.debug_rnglists
                0x00000000      0x883
 .debug_rnglists
                0x00000000       0x93 z_build/y_thirdparty/lwrb/lwrb.o
 .debug_rnglists
                0x00000093       0x3b z_build/y_thirdparty/string_handler/string_handler.o
 .debug_rnglists
                0x000000ce       0x3d z_build/c_hardware/Device/src/a7670c_hardware.o
 .debug_rnglists
                0x0000010b       0x13 z_build/c_hardware/Device/src/hardware_init.o
 .debug_rnglists
                0x0000011e       0x3d z_build/c_hardware/Device/src/stm32f1xx_it.o
 .debug_rnglists
                0x0000015b       0x2d z_build/c_hardware/Device/src/system_stm32f10x.o
 .debug_rnglists
                0x00000188       0x1a z_build/c_hardware/Device/src/tty_hardware.o
 .debug_rnglists
                0x000001a2       0x1a z_build/c_hardware/Device/src/w25q32_hardware.o
 .debug_rnglists
                0x000001bc       0x2b z_build/c_hardware/Device/src/systick.o
 .debug_rnglists
                0x000001e7       0x2c z_build/c_hardware/SPL/src/misc.o
 .debug_rnglists
                0x00000213       0x7d z_build/c_hardware/SPL/src/stm32f10x_gpio.o
 .debug_rnglists
                0x00000290       0xce z_build/c_hardware/SPL/src/stm32f10x_rcc.o
 .debug_rnglists
                0x0000035e       0xbf z_build/c_hardware/SPL/src/stm32f10x_usart.o
 .debug_rnglists
                0x0000041d       0x99 z_build/c_hardware/SPL/src/stm32f10x_spi.o
 .debug_rnglists
                0x000004b6       0xba z_build/c_hardware/SPL/src/stm32f10x_flash.o
 .debug_rnglists
                0x00000570       0x19 z_build/b_middleware/debugger/debugger.o
 .debug_rnglists
                0x00000589       0x13 z_build/b_middleware/spi_driver/spi_driver.o
 .debug_rnglists
                0x0000059c       0x13 z_build/b_middleware/usart_driver/usart_driver.o
 .debug_rnglists
                0x000005af       0x57 z_build/b_middleware/w25q32_driver/w25q32_driver.o
 .debug_rnglists
                0x00000606       0x3b z_build/b_middleware/gsm_driver/gsm_at_engine.o
 .debug_rnglists
                0x00000641       0x3b z_build/b_middleware/gsm_driver/gsm.o
 .debug_rnglists
                0x0000067c       0x14 z_build/b_middleware/gsm_driver/gsm_cb.o
 .debug_rnglists
                0x00000690      0x109 z_build/b_middleware/gsm_driver/gsm_common.o
 .debug_rnglists
                0x00000799       0x2b z_build/b_middleware/gsm_driver/gsm_entity.o
 .debug_rnglists
                0x000007c4       0x2b z_build/b_middleware/gsm_driver/gsm_event.o
 .debug_rnglists
                0x000007ef       0x48 z_build/b_middleware/gsm_driver/gsm_http.o
 .debug_rnglists
                0x00000837       0x20 z_build/a_application/ota_task/ota_task.o
 .debug_rnglists
                0x00000857       0x13 z_build/main.o
 .debug_rnglists
                0x0000086a       0x19 z_build/startup/startup.o

.debug_macro    0x00000000     0xf77d
 .debug_macro   0x00000000      0x174 z_build/y_thirdparty/lwrb/lwrb.o
 .debug_macro   0x00000174      0xac6 z_build/y_thirdparty/lwrb/lwrb.o
 .debug_macro   0x00000c3a      0x190 z_build/y_thirdparty/lwrb/lwrb.o
 .debug_macro   0x00000dca       0x22 z_build/y_thirdparty/lwrb/lwrb.o
 .debug_macro   0x00000dec       0x8e z_build/y_thirdparty/lwrb/lwrb.o
 .debug_macro   0x00000e7a       0x51 z_build/y_thirdparty/lwrb/lwrb.o
 .debug_macro   0x00000ecb      0x103 z_build/y_thirdparty/lwrb/lwrb.o
 .debug_macro   0x00000fce       0x6a z_build/y_thirdparty/lwrb/lwrb.o
 .debug_macro   0x00001038      0x1df z_build/y_thirdparty/lwrb/lwrb.o
 .debug_macro   0x00001217       0x7b z_build/y_thirdparty/lwrb/lwrb.o
 .debug_macro   0x00001292       0x24 z_build/y_thirdparty/lwrb/lwrb.o
 .debug_macro   0x000012b6       0x3c z_build/y_thirdparty/lwrb/lwrb.o
 .debug_macro   0x000012f2       0x34 z_build/y_thirdparty/lwrb/lwrb.o
 .debug_macro   0x00001326      0x364 z_build/y_thirdparty/lwrb/lwrb.o
 .debug_macro   0x0000168a       0x16 z_build/y_thirdparty/lwrb/lwrb.o
 .debug_macro   0x000016a0       0x4a z_build/y_thirdparty/lwrb/lwrb.o
 .debug_macro   0x000016ea       0x34 z_build/y_thirdparty/lwrb/lwrb.o
 .debug_macro   0x0000171e       0x10 z_build/y_thirdparty/lwrb/lwrb.o
 .debug_macro   0x0000172e       0x58 z_build/y_thirdparty/lwrb/lwrb.o
 .debug_macro   0x00001786      0x1e5 z_build/y_thirdparty/lwrb/lwrb.o
 .debug_macro   0x0000196b       0x10 z_build/y_thirdparty/lwrb/lwrb.o
 .debug_macro   0x0000197b       0x3c z_build/y_thirdparty/lwrb/lwrb.o
 .debug_macro   0x000019b7      0x119 z_build/y_thirdparty/lwrb/lwrb.o
 .debug_macro   0x00001ad0       0x10 z_build/y_thirdparty/lwrb/lwrb.o
 .debug_macro   0x00001ae0      0x126 z_build/y_thirdparty/string_handler/string_handler.o
 .debug_macro   0x00001c06       0x75 z_build/y_thirdparty/string_handler/string_handler.o
 .debug_macro   0x00001c7b       0x94 z_build/y_thirdparty/string_handler/string_handler.o
 .debug_macro   0x00001d0f       0x57 z_build/y_thirdparty/string_handler/string_handler.o
 .debug_macro   0x00001d66      0x10c z_build/c_hardware/Device/src/a7670c_hardware.o
 .debug_macro   0x00001e72       0x5d z_build/c_hardware/Device/src/a7670c_hardware.o
 .debug_macro   0x00001ecf       0x34 z_build/c_hardware/Device/src/a7670c_hardware.o
 .debug_macro   0x00001f03       0x18 z_build/c_hardware/Device/src/a7670c_hardware.o
 .debug_macro   0x00001f1b      0x663 z_build/c_hardware/Device/src/a7670c_hardware.o
 .debug_macro   0x0000257e     0x7eb3 z_build/c_hardware/Device/src/a7670c_hardware.o
 .debug_macro   0x0000a431       0x97 z_build/c_hardware/Device/src/a7670c_hardware.o
 .debug_macro   0x0000a4c8      0x2d5 z_build/c_hardware/Device/src/a7670c_hardware.o
 .debug_macro   0x0000a79d      0x2ad z_build/c_hardware/Device/src/a7670c_hardware.o
 .debug_macro   0x0000aa4a      0x3e2 z_build/c_hardware/Device/src/a7670c_hardware.o
 .debug_macro   0x0000ae2c      0x2c4 z_build/c_hardware/Device/src/a7670c_hardware.o
 .debug_macro   0x0000b0f0      0x229 z_build/c_hardware/Device/src/a7670c_hardware.o
 .debug_macro   0x0000b319       0x8c z_build/c_hardware/Device/src/a7670c_hardware.o
 .debug_macro   0x0000b3a5       0x35 z_build/c_hardware/Device/src/a7670c_hardware.o
 .debug_macro   0x0000b3da       0x82 z_build/c_hardware/Device/src/a7670c_hardware.o
 .debug_macro   0x0000b45c      0x12c z_build/c_hardware/Device/src/hardware_init.o
 .debug_macro   0x0000b588       0x34 z_build/c_hardware/Device/src/hardware_init.o
 .debug_macro   0x0000b5bc       0x46 z_build/c_hardware/Device/src/hardware_init.o
 .debug_macro   0x0000b602       0x88 z_build/c_hardware/Device/src/hardware_init.o
 .debug_macro   0x0000b68a      0x263 z_build/c_hardware/Device/src/stm32f1xx_it.o
 .debug_macro   0x0000b8ed       0x58 z_build/c_hardware/Device/src/stm32f1xx_it.o
 .debug_macro   0x0000b945       0x1c z_build/c_hardware/Device/src/stm32f1xx_it.o
 .debug_macro   0x0000b961       0x1c z_build/c_hardware/Device/src/stm32f1xx_it.o
 .debug_macro   0x0000b97d       0x16 z_build/c_hardware/Device/src/stm32f1xx_it.o
 .debug_macro   0x0000b993      0x170 z_build/c_hardware/Device/src/stm32f1xx_it.o
 .debug_macro   0x0000bb03       0x94 z_build/c_hardware/Device/src/stm32f1xx_it.o
 .debug_macro   0x0000bb97      0x10a z_build/c_hardware/Device/src/system_stm32f10x.o
 .debug_macro   0x0000bca1      0x10c z_build/c_hardware/Device/src/tty_hardware.o
 .debug_macro   0x0000bdad       0x2e z_build/c_hardware/Device/src/tty_hardware.o
 .debug_macro   0x0000bddb      0x10c z_build/c_hardware/Device/src/w25q32_hardware.o
 .debug_macro   0x0000bee7       0x40 z_build/c_hardware/Device/src/w25q32_hardware.o
 .debug_macro   0x0000bf27      0x107 z_build/c_hardware/Device/src/systick.o
 .debug_macro   0x0000c02e      0x10d z_build/c_hardware/SPL/src/misc.o
 .debug_macro   0x0000c13b       0x86 z_build/c_hardware/SPL/src/misc.o
 .debug_macro   0x0000c1c1      0x155 z_build/c_hardware/SPL/src/stm32f10x_gpio.o
 .debug_macro   0x0000c316      0x2a7 z_build/c_hardware/SPL/src/stm32f10x_gpio.o
 .debug_macro   0x0000c5bd      0x227 z_build/c_hardware/SPL/src/stm32f10x_rcc.o
 .debug_macro   0x0000c7e4      0x3dc z_build/c_hardware/SPL/src/stm32f10x_rcc.o
 .debug_macro   0x0000cbc0      0x1bb z_build/c_hardware/SPL/src/stm32f10x_usart.o
 .debug_macro   0x0000cd7b      0x223 z_build/c_hardware/SPL/src/stm32f10x_usart.o
 .debug_macro   0x0000cf9e      0x16d z_build/c_hardware/SPL/src/stm32f10x_spi.o
 .debug_macro   0x0000d10b      0x2be z_build/c_hardware/SPL/src/stm32f10x_spi.o
 .debug_macro   0x0000d3c9      0x19d z_build/c_hardware/SPL/src/stm32f10x_flash.o
 .debug_macro   0x0000d566      0x2cf z_build/c_hardware/SPL/src/stm32f10x_flash.o
 .debug_macro   0x0000d835      0x269 z_build/b_middleware/debugger/debugger.o
 .debug_macro   0x0000da9e      0x107 z_build/b_middleware/spi_driver/spi_driver.o
 .debug_macro   0x0000dba5      0x269 z_build/b_middleware/usart_driver/usart_driver.o
 .debug_macro   0x0000de0e      0x129 z_build/b_middleware/w25q32_driver/w25q32_driver.o
 .debug_macro   0x0000df37      0x2d0 z_build/b_middleware/gsm_driver/gsm_at_engine.o
 .debug_macro   0x0000e207       0x22 z_build/b_middleware/gsm_driver/gsm_at_engine.o
 .debug_macro   0x0000e229       0x10 z_build/b_middleware/gsm_driver/gsm_at_engine.o
 .debug_macro   0x0000e239       0x16 z_build/b_middleware/gsm_driver/gsm_at_engine.o
 .debug_macro   0x0000e24f       0x16 z_build/b_middleware/gsm_driver/gsm_at_engine.o
 .debug_macro   0x0000e265      0x2dc z_build/b_middleware/gsm_driver/gsm.o
 .debug_macro   0x0000e541      0x296 z_build/b_middleware/gsm_driver/gsm_cb.o
 .debug_macro   0x0000e7d7      0x2e0 z_build/b_middleware/gsm_driver/gsm_common.o
 .debug_macro   0x0000eab7      0x28b z_build/b_middleware/gsm_driver/gsm_entity.o
 .debug_macro   0x0000ed42      0x119 z_build/b_middleware/gsm_driver/gsm_event.o
 .debug_macro   0x0000ee5b      0x2de z_build/b_middleware/gsm_driver/gsm_http.o
 .debug_macro   0x0000f139      0x301 z_build/a_application/ota_task/ota_task.o
 .debug_macro   0x0000f43a       0x28 z_build/a_application/ota_task/ota_task.o
 .debug_macro   0x0000f462      0x31b z_build/main.o

.debug_line     0x00000000     0xae77
 .debug_line    0x00000000      0xa08 z_build/y_thirdparty/lwrb/lwrb.o
 .debug_line    0x00000a08      0x5b6 z_build/y_thirdparty/string_handler/string_handler.o
 .debug_line    0x00000fbe      0x450 z_build/c_hardware/Device/src/a7670c_hardware.o
 .debug_line    0x0000140e      0x378 z_build/c_hardware/Device/src/hardware_init.o
 .debug_line    0x00001786      0x5c1 z_build/c_hardware/Device/src/stm32f1xx_it.o
 .debug_line    0x00001d47      0x514 z_build/c_hardware/Device/src/system_stm32f10x.o
 .debug_line    0x0000225b      0x36d z_build/c_hardware/Device/src/tty_hardware.o
 .debug_line    0x000025c8      0x35c z_build/c_hardware/Device/src/w25q32_hardware.o
 .debug_line    0x00002924      0x3ee z_build/c_hardware/Device/src/systick.o
 .debug_line    0x00002d12      0x413 z_build/c_hardware/SPL/src/misc.o
 .debug_line    0x00003125      0x6fe z_build/c_hardware/SPL/src/stm32f10x_gpio.o
 .debug_line    0x00003823      0x8ca z_build/c_hardware/SPL/src/stm32f10x_rcc.o
 .debug_line    0x000040ed      0x88b z_build/c_hardware/SPL/src/stm32f10x_usart.o
 .debug_line    0x00004978      0x764 z_build/c_hardware/SPL/src/stm32f10x_spi.o
 .debug_line    0x000050dc      0x92b z_build/c_hardware/SPL/src/stm32f10x_flash.o
 .debug_line    0x00005a07      0x514 z_build/b_middleware/debugger/debugger.o
 .debug_line    0x00005f1b      0x34f z_build/b_middleware/spi_driver/spi_driver.o
 .debug_line    0x0000626a      0x510 z_build/b_middleware/usart_driver/usart_driver.o
 .debug_line    0x0000677a      0x56b z_build/b_middleware/w25q32_driver/w25q32_driver.o
 .debug_line    0x00006ce5      0x9a1 z_build/b_middleware/gsm_driver/gsm_at_engine.o
 .debug_line    0x00007686      0x847 z_build/b_middleware/gsm_driver/gsm.o
 .debug_line    0x00007ecd      0x5a1 z_build/b_middleware/gsm_driver/gsm_cb.o
 .debug_line    0x0000846e      0x9f8 z_build/b_middleware/gsm_driver/gsm_common.o
 .debug_line    0x00008e66      0x5ab z_build/b_middleware/gsm_driver/gsm_entity.o
 .debug_line    0x00009411      0x44e z_build/b_middleware/gsm_driver/gsm_event.o
 .debug_line    0x0000985f      0x83c z_build/b_middleware/gsm_driver/gsm_http.o
 .debug_line    0x0000a09b      0x708 z_build/a_application/ota_task/ota_task.o
 .debug_line    0x0000a7a3      0x65c z_build/main.o
 .debug_line    0x0000adff       0x78 z_build/startup/startup.o

.debug_str      0x00000000    0x43bfe
 .debug_str     0x00000000    0x43bfe z_build/y_thirdparty/lwrb/lwrb.o
                               0x8110 (size before relaxing)
 .debug_str     0x00043bfe     0x6ce3 z_build/y_thirdparty/string_handler/string_handler.o
 .debug_str     0x00043bfe    0x3b5e2 z_build/c_hardware/Device/src/a7670c_hardware.o
 .debug_str     0x00043bfe    0x3b24c z_build/c_hardware/Device/src/hardware_init.o
 .debug_str     0x00043bfe    0x3fa9b z_build/c_hardware/Device/src/stm32f1xx_it.o
 .debug_str     0x00043bfe    0x3af72 z_build/c_hardware/Device/src/system_stm32f10x.o
 .debug_str     0x00043bfe    0x3b03f z_build/c_hardware/Device/src/tty_hardware.o
 .debug_str     0x00043bfe    0x3b0eb z_build/c_hardware/Device/src/w25q32_hardware.o
 .debug_str     0x00043bfe    0x3b0e7 z_build/c_hardware/Device/src/systick.o
 .debug_str     0x00043bfe    0x3aef7 z_build/c_hardware/SPL/src/misc.o
 .debug_str     0x00043bfe    0x3b280 z_build/c_hardware/SPL/src/stm32f10x_gpio.o
 .debug_str     0x00043bfe    0x3b84f z_build/c_hardware/SPL/src/stm32f10x_rcc.o
 .debug_str     0x00043bfe    0x3b5b9 z_build/c_hardware/SPL/src/stm32f10x_usart.o
 .debug_str     0x00043bfe    0x3b3a9 z_build/c_hardware/SPL/src/stm32f10x_spi.o
 .debug_str     0x00043bfe    0x3b47c z_build/c_hardware/SPL/src/stm32f10x_flash.o
 .debug_str     0x00043bfe    0x3f963 z_build/b_middleware/debugger/debugger.o
 .debug_str     0x00043bfe    0x3ad93 z_build/b_middleware/spi_driver/spi_driver.o
 .debug_str     0x00043bfe    0x3f942 z_build/b_middleware/usart_driver/usart_driver.o
 .debug_str     0x00043bfe    0x3b26d z_build/b_middleware/w25q32_driver/w25q32_driver.o
 .debug_str     0x00043bfe    0x401e1 z_build/b_middleware/gsm_driver/gsm_at_engine.o
 .debug_str     0x00043bfe    0x40055 z_build/b_middleware/gsm_driver/gsm.o
 .debug_str     0x00043bfe    0x3fb56 z_build/b_middleware/gsm_driver/gsm_cb.o
 .debug_str     0x00043bfe    0x401de z_build/b_middleware/gsm_driver/gsm_common.o
 .debug_str     0x00043bfe    0x3fdbc z_build/b_middleware/gsm_driver/gsm_entity.o
 .debug_str     0x00043bfe    0x3ae93 z_build/b_middleware/gsm_driver/gsm_event.o
 .debug_str     0x00043bfe    0x40019 z_build/b_middleware/gsm_driver/gsm_http.o
 .debug_str     0x00043bfe    0x3ffc0 z_build/a_application/ota_task/ota_task.o
 .debug_str     0x00043bfe    0x3fef1 z_build/main.o
 .debug_str     0x00043bfe       0x67 z_build/startup/startup.o

.comment        0x00000000       0x46
 .comment       0x00000000       0x46 z_build/y_thirdparty/lwrb/lwrb.o
                                 0x47 (size before relaxing)
 .comment       0x00000046       0x47 z_build/y_thirdparty/string_handler/string_handler.o
 .comment       0x00000046       0x47 z_build/c_hardware/Device/src/a7670c_hardware.o
 .comment       0x00000046       0x47 z_build/c_hardware/Device/src/hardware_init.o
 .comment       0x00000046       0x47 z_build/c_hardware/Device/src/stm32f1xx_it.o
 .comment       0x00000046       0x47 z_build/c_hardware/Device/src/system_stm32f10x.o
 .comment       0x00000046       0x47 z_build/c_hardware/Device/src/tty_hardware.o
 .comment       0x00000046       0x47 z_build/c_hardware/Device/src/w25q32_hardware.o
 .comment       0x00000046       0x47 z_build/c_hardware/Device/src/systick.o
 .comment       0x00000046       0x47 z_build/c_hardware/SPL/src/misc.o
 .comment       0x00000046       0x47 z_build/c_hardware/SPL/src/stm32f10x_gpio.o
 .comment       0x00000046       0x47 z_build/c_hardware/SPL/src/stm32f10x_rcc.o
 .comment       0x00000046       0x47 z_build/c_hardware/SPL/src/stm32f10x_usart.o
 .comment       0x00000046       0x47 z_build/c_hardware/SPL/src/stm32f10x_spi.o
 .comment       0x00000046       0x47 z_build/c_hardware/SPL/src/stm32f10x_flash.o
 .comment       0x00000046       0x47 z_build/b_middleware/debugger/debugger.o
 .comment       0x00000046       0x47 z_build/b_middleware/spi_driver/spi_driver.o
 .comment       0x00000046       0x47 z_build/b_middleware/usart_driver/usart_driver.o
 .comment       0x00000046       0x47 z_build/b_middleware/w25q32_driver/w25q32_driver.o
 .comment       0x00000046       0x47 z_build/b_middleware/gsm_driver/gsm_at_engine.o
 .comment       0x00000046       0x47 z_build/b_middleware/gsm_driver/gsm.o
 .comment       0x00000046       0x47 z_build/b_middleware/gsm_driver/gsm_cb.o
 .comment       0x00000046       0x47 z_build/b_middleware/gsm_driver/gsm_common.o
 .comment       0x00000046       0x47 z_build/b_middleware/gsm_driver/gsm_entity.o
 .comment       0x00000046       0x47 z_build/b_middleware/gsm_driver/gsm_event.o
 .comment       0x00000046       0x47 z_build/b_middleware/gsm_driver/gsm_http.o
 .comment       0x00000046       0x47 z_build/a_application/ota_task/ota_task.o
 .comment       0x00000046       0x47 z_build/main.o

.debug_frame    0x00000000     0x2cdc
 .debug_frame   0x00000000      0x334 z_build/y_thirdparty/lwrb/lwrb.o
 .debug_frame   0x00000334      0x114 z_build/y_thirdparty/string_handler/string_handler.o
 .debug_frame   0x00000448      0x128 z_build/c_hardware/Device/src/a7670c_hardware.o
 .debug_frame   0x00000570       0x2c z_build/c_hardware/Device/src/hardware_init.o
 .debug_frame   0x0000059c       0xf4 z_build/c_hardware/Device/src/stm32f1xx_it.o
 .debug_frame   0x00000690       0xbc z_build/c_hardware/Device/src/system_stm32f10x.o
 .debug_frame   0x0000074c       0x50 z_build/c_hardware/Device/src/tty_hardware.o
 .debug_frame   0x0000079c       0x54 z_build/c_hardware/Device/src/w25q32_hardware.o
 .debug_frame   0x000007f0       0xc8 z_build/c_hardware/Device/src/systick.o
 .debug_frame   0x000008b8       0xd8 z_build/c_hardware/SPL/src/misc.o
 .debug_frame   0x00000990      0x2d0 z_build/c_hardware/SPL/src/stm32f10x_gpio.o
 .debug_frame   0x00000c60      0x4f4 z_build/c_hardware/SPL/src/stm32f10x_rcc.o
 .debug_frame   0x00001154      0x490 z_build/c_hardware/SPL/src/stm32f10x_usart.o
 .debug_frame   0x000015e4      0x3a0 z_build/c_hardware/SPL/src/stm32f10x_spi.o
 .debug_frame   0x00001984      0x410 z_build/c_hardware/SPL/src/stm32f10x_flash.o
 .debug_frame   0x00001d94       0x68 z_build/b_middleware/debugger/debugger.o
 .debug_frame   0x00001dfc       0x34 z_build/b_middleware/spi_driver/spi_driver.o
 .debug_frame   0x00001e30       0x34 z_build/b_middleware/usart_driver/usart_driver.o
 .debug_frame   0x00001e64      0x190 z_build/b_middleware/w25q32_driver/w25q32_driver.o
 .debug_frame   0x00001ff4      0x114 z_build/b_middleware/gsm_driver/gsm_at_engine.o
 .debug_frame   0x00002108       0xe0 z_build/b_middleware/gsm_driver/gsm.o
 .debug_frame   0x000021e8       0x34 z_build/b_middleware/gsm_driver/gsm_cb.o
 .debug_frame   0x0000221c      0x104 z_build/b_middleware/gsm_driver/gsm_common.o
 .debug_frame   0x00002320       0xc8 z_build/b_middleware/gsm_driver/gsm_entity.o
 .debug_frame   0x000023e8       0xd0 z_build/b_middleware/gsm_driver/gsm_event.o
 .debug_frame   0x000024b8       0xdc z_build/b_middleware/gsm_driver/gsm_http.o
 .debug_frame   0x00002594       0x7c z_build/a_application/ota_task/ota_task.o
 .debug_frame   0x00002610       0x30 z_build/main.o
 .debug_frame   0x00002640      0x144 /home/bdang/toolchains/gcc-arm-none-eabi-14.3/bin/../lib/gcc/arm-none-eabi/14.3.1/../../../../arm-none-eabi/lib/thumb/v7-m/nofp/libc_nano.a(libc_a-findfp.o)
 .debug_frame   0x00002784       0x7c /home/bdang/toolchains/gcc-arm-none-eabi-14.3/bin/../lib/gcc/arm-none-eabi/14.3.1/../../../../arm-none-eabi/lib/thumb/v7-m/nofp/libc_nano.a(libc_a-snprintf.o)
 .debug_frame   0x00002800       0x4c /home/bdang/toolchains/gcc-arm-none-eabi-14.3/bin/../lib/gcc/arm-none-eabi/14.3.1/../../../../arm-none-eabi/lib/thumb/v7-m/nofp/libc_nano.a(libc_a-vsnprintf.o)
 .debug_frame   0x0000284c       0x20 /home/bdang/toolchains/gcc-arm-none-eabi-14.3/bin/../lib/gcc/arm-none-eabi/14.3.1/../../../../arm-none-eabi/lib/thumb/v7-m/nofp/libc_nano.a(libc_a-memset.o)
 .debug_frame   0x0000286c       0x28 /home/bdang/toolchains/gcc-arm-none-eabi-14.3/bin/../lib/gcc/arm-none-eabi/14.3.1/../../../../arm-none-eabi/lib/thumb/v7-m/nofp/libc_nano.a(libc_a-strncmp.o)
 .debug_frame   0x00002894       0x2c /home/bdang/toolchains/gcc-arm-none-eabi-14.3/bin/../lib/gcc/arm-none-eabi/14.3.1/../../../../arm-none-eabi/lib/thumb/v7-m/nofp/libc_nano.a(libc_a-strstr.o)
 .debug_frame   0x000028c0       0x38 /home/bdang/toolchains/gcc-arm-none-eabi-14.3/bin/../lib/gcc/arm-none-eabi/14.3.1/../../../../arm-none-eabi/lib/thumb/v7-m/nofp/libc_nano.a(libc_a-reent.o)
 .debug_frame   0x000028f8       0x2c /home/bdang/toolchains/gcc-arm-none-eabi-14.3/bin/../lib/gcc/arm-none-eabi/14.3.1/../../../../arm-none-eabi/lib/thumb/v7-m/nofp/libc_nano.a(libc_a-init.o)
 .debug_frame   0x00002924       0xb0 /home/bdang/toolchains/gcc-arm-none-eabi-14.3/bin/../lib/gcc/arm-none-eabi/14.3.1/../../../../arm-none-eabi/lib/thumb/v7-m/nofp/libc_nano.a(libc_a-lock.o)
 .debug_frame   0x000029d4       0x20 /home/bdang/toolchains/gcc-arm-none-eabi-14.3/bin/../lib/gcc/arm-none-eabi/14.3.1/../../../../arm-none-eabi/lib/thumb/v7-m/nofp/libc_nano.a(libc_a-strcpy.o)
 .debug_frame   0x000029f4       0x28 /home/bdang/toolchains/gcc-arm-none-eabi-14.3/bin/../lib/gcc/arm-none-eabi/14.3.1/../../../../arm-none-eabi/lib/thumb/v7-m/nofp/libc_nano.a(libc_a-memcpy-stub.o)
 .debug_frame   0x00002a1c       0x20 /home/bdang/toolchains/gcc-arm-none-eabi-14.3/bin/../lib/gcc/arm-none-eabi/14.3.1/../../../../arm-none-eabi/lib/thumb/v7-m/nofp/libc_nano.a(libc_a-strlen.o)
 .debug_frame   0x00002a3c       0x38 /home/bdang/toolchains/gcc-arm-none-eabi-14.3/bin/../lib/gcc/arm-none-eabi/14.3.1/../../../../arm-none-eabi/lib/thumb/v7-m/nofp/libc_nano.a(libc_a-freer.o)
 .debug_frame   0x00002a74       0x50 /home/bdang/toolchains/gcc-arm-none-eabi-14.3/bin/../lib/gcc/arm-none-eabi/14.3.1/../../../../arm-none-eabi/lib/thumb/v7-m/nofp/libc_nano.a(libc_a-mallocr.o)
 .debug_frame   0x00002ac4       0x30 /home/bdang/toolchains/gcc-arm-none-eabi-14.3/bin/../lib/gcc/arm-none-eabi/14.3.1/../../../../arm-none-eabi/lib/thumb/v7-m/nofp/libc_nano.a(libc_a-mlock.o)
 .debug_frame   0x00002af4       0x90 /home/bdang/toolchains/gcc-arm-none-eabi-14.3/bin/../lib/gcc/arm-none-eabi/14.3.1/../../../../arm-none-eabi/lib/thumb/v7-m/nofp/libc_nano.a(libc_a-nano-svfprintf.o)
 .debug_frame   0x00002b84       0x60 /home/bdang/toolchains/gcc-arm-none-eabi-14.3/bin/../lib/gcc/arm-none-eabi/14.3.1/../../../../arm-none-eabi/lib/thumb/v7-m/nofp/libc_nano.a(libc_a-nano-vfprintf_i.o)
 .debug_frame   0x00002be4       0x28 /home/bdang/toolchains/gcc-arm-none-eabi-14.3/bin/../lib/gcc/arm-none-eabi/14.3.1/../../../../arm-none-eabi/lib/thumb/v7-m/nofp/libc_nano.a(libc_a-memmove.o)
 .debug_frame   0x00002c0c       0x2c /home/bdang/toolchains/gcc-arm-none-eabi-14.3/bin/../lib/gcc/arm-none-eabi/14.3.1/../../../../arm-none-eabi/lib/thumb/v7-m/nofp/libc_nano.a(libc_a-sbrkr.o)
 .debug_frame   0x00002c38       0x28 /home/bdang/toolchains/gcc-arm-none-eabi-14.3/bin/../lib/gcc/arm-none-eabi/14.3.1/../../../../arm-none-eabi/lib/thumb/v7-m/nofp/libc_nano.a(libc_a-memchr-stub.o)
 .debug_frame   0x00002c60       0x3c /home/bdang/toolchains/gcc-arm-none-eabi-14.3/bin/../lib/gcc/arm-none-eabi/14.3.1/../../../../arm-none-eabi/lib/thumb/v7-m/nofp/libc_nano.a(libc_a-reallocr.o)
 .debug_frame   0x00002c9c       0x20 /home/bdang/toolchains/gcc-arm-none-eabi-14.3/bin/../lib/gcc/arm-none-eabi/14.3.1/../../../../arm-none-eabi/lib/thumb/v7-m/nofp/libc_nano.a(libc_a-msizer.o)
 .debug_frame   0x00002cbc       0x20 /home/bdang/toolchains/gcc-arm-none-eabi-14.3/bin/../lib/gcc/arm-none-eabi/14.3.1/../../../../arm-none-eabi/lib/thumb/v7-m/nofp/libnosys.a(sbrk.o)

.debug_line_str
                0x00000000      0x12b
 .debug_line_str
                0x00000000      0x12b z_build/startup/startup.o
                                 0x4b (size before relaxing)
 .debug_line_str
                0x0000012b       0xe0 /home/bdang/toolchains/gcc-arm-none-eabi-14.3/bin/../lib/gcc/arm-none-eabi/14.3.1/../../../../arm-none-eabi/lib/thumb/v7-m/nofp/libc_nano.a(libc_a-strlen.o)

Cross Reference Table

Symbol                                            File
ADC1_2_IRQHandler                                 z_build/startup/startup.o
AHBPrescTable                                     z_build/c_hardware/Device/src/system_stm32f10x.o
BusFault_Handler                                  z_build/c_hardware/Device/src/stm32f1xx_it.o
CAN1_RX1_IRQHandler                               z_build/startup/startup.o
CAN1_SCE_IRQHandler                               z_build/startup/startup.o
Clock_72MHz_HSE_Init                              z_build/c_hardware/Device/src/system_stm32f10x.o
                                                  z_build/main.o
DMA1_Channel1_IRQHandler                          z_build/startup/startup.o
DMA1_Channel2_IRQHandler                          z_build/startup/startup.o
DMA1_Channel3_IRQHandler                          z_build/startup/startup.o
DMA1_Channel4_IRQHandler                          z_build/startup/startup.o
DMA1_Channel5_IRQHandler                          z_build/startup/startup.o
DMA1_Channel6_IRQHandler                          z_build/startup/startup.o
DMA1_Channel7_IRQHandler                          z_build/startup/startup.o
DMA_ClearFlag                                     z_build/c_hardware/SPL/src/stm32f10x_dma.o
DMA_ClearITPendingBit                             z_build/c_hardware/SPL/src/stm32f10x_dma.o
DMA_Cmd                                           z_build/c_hardware/SPL/src/stm32f10x_dma.o
DMA_DeInit                                        z_build/c_hardware/SPL/src/stm32f10x_dma.o
DMA_GetCurrDataCounter                            z_build/c_hardware/SPL/src/stm32f10x_dma.o
DMA_GetFlagStatus                                 z_build/c_hardware/SPL/src/stm32f10x_dma.o
DMA_GetITStatus                                   z_build/c_hardware/SPL/src/stm32f10x_dma.o
DMA_ITConfig                                      z_build/c_hardware/SPL/src/stm32f10x_dma.o
DMA_Init                                          z_build/c_hardware/SPL/src/stm32f10x_dma.o
DMA_SetCurrDataCounter                            z_build/c_hardware/SPL/src/stm32f10x_dma.o
DMA_StructInit                                    z_build/c_hardware/SPL/src/stm32f10x_dma.o
DebugMon_Handler                                  z_build/c_hardware/Device/src/stm32f1xx_it.o
Default_Handler                                   z_build/startup/startup.o
EXTI0_IRQHandler                                  z_build/startup/startup.o
EXTI15_10_IRQHandler                              z_build/startup/startup.o
EXTI1_IRQHandler                                  z_build/startup/startup.o
EXTI2_IRQHandler                                  z_build/startup/startup.o
EXTI3_IRQHandler                                  z_build/startup/startup.o
EXTI4_IRQHandler                                  z_build/startup/startup.o
EXTI9_5_IRQHandler                                z_build/startup/startup.o
EXTI_ClearFlag                                    z_build/c_hardware/SPL/src/stm32f10x_exti.o
EXTI_ClearITPendingBit                            z_build/c_hardware/SPL/src/stm32f10x_exti.o
EXTI_DeInit                                       z_build/c_hardware/SPL/src/stm32f10x_exti.o
EXTI_GenerateSWInterrupt                          z_build/c_hardware/SPL/src/stm32f10x_exti.o
EXTI_GetFlagStatus                                z_build/c_hardware/SPL/src/stm32f10x_exti.o
EXTI_GetITStatus                                  z_build/c_hardware/SPL/src/stm32f10x_exti.o
EXTI_Init                                         z_build/c_hardware/SPL/src/stm32f10x_exti.o
EXTI_StructInit                                   z_build/c_hardware/SPL/src/stm32f10x_exti.o
FLASH_ClearFlag                                   z_build/c_hardware/SPL/src/stm32f10x_flash.o
                                                  z_build/a_application/ota_task/ota_task.o
FLASH_EnableWriteProtection                       z_build/c_hardware/SPL/src/stm32f10x_flash.o
FLASH_EraseAllBank1Pages                          z_build/c_hardware/SPL/src/stm32f10x_flash.o
FLASH_EraseAllPages                               z_build/c_hardware/SPL/src/stm32f10x_flash.o
FLASH_EraseOptionBytes                            z_build/c_hardware/SPL/src/stm32f10x_flash.o
FLASH_ErasePage                                   z_build/c_hardware/SPL/src/stm32f10x_flash.o
FLASH_GetBank1Status                              z_build/c_hardware/SPL/src/stm32f10x_flash.o
FLASH_GetFlagStatus                               z_build/c_hardware/SPL/src/stm32f10x_flash.o
FLASH_GetPrefetchBufferStatus                     z_build/c_hardware/SPL/src/stm32f10x_flash.o
FLASH_GetReadOutProtectionStatus                  z_build/c_hardware/SPL/src/stm32f10x_flash.o
FLASH_GetStatus                                   z_build/c_hardware/SPL/src/stm32f10x_flash.o
FLASH_GetUserOptionByte                           z_build/c_hardware/SPL/src/stm32f10x_flash.o
FLASH_GetWriteProtectionOptionByte                z_build/c_hardware/SPL/src/stm32f10x_flash.o
FLASH_HalfCycleAccessCmd                          z_build/c_hardware/SPL/src/stm32f10x_flash.o
FLASH_IRQHandler                                  z_build/startup/startup.o
FLASH_ITConfig                                    z_build/c_hardware/SPL/src/stm32f10x_flash.o
FLASH_Lock                                        z_build/c_hardware/SPL/src/stm32f10x_flash.o