Archive member included to satisfy reference by file (symbol)

/home/bdang/toolchains/gcc-arm-none-eabi-14.3/bin/../lib/gcc/arm-none-eabi/14.3.1/../../../../arm-none-eabi/lib/thumb/v7-m/nofp/libc_nano.a(libc_a-exit.o)
                              /home/bdang/toolchains/gcc-arm-none-eabi-14.3/bin/../lib/gcc/arm-none-eabi/14.3.1/../../../../arm-none-eabi/lib/thumb/v7-m/nofp/crt0.o (exit)
/home/bdang/toolchains/gcc-arm-none-eabi-14.3/bin/../lib/gcc/arm-none-eabi/14.3.1/../../../../arm-none-eabi/lib/thumb/v7-m/nofp/libc_nano.a(libc_a-findfp.o)
                              /home/bdang/toolchains/gcc-arm-none-eabi-14.3/bin/../lib/gcc/arm-none-eabi/14.3.1/../../../../arm-none-eabi/lib/thumb/v7-m/nofp/libc_nano.a(libc_a-exit.o) (__stdio_exit_handler)
/home/bdang/toolchains/gcc-arm-none-eabi-14.3/bin/../lib/gcc/arm-none-eabi/14.3.1/../../../../arm-none-eabi/lib/thumb/v7-m/nofp/libc_nano.a(libc_a-fwalk.o)
                              /home/bdang/toolchains/gcc-arm-none-eabi-14.3/bin/../lib/gcc/arm-none-eabi/14.3.1/../../../../arm-none-eabi/lib/thumb/v7-m/nofp/libc_nano.a(libc_a-findfp.o) (_fwalk_sglue)
/home/bdang/toolchains/gcc-arm-none-eabi-14.3/bin/../lib/gcc/arm-none-eabi/14.3.1/../../../../arm-none-eabi/lib/thumb/v7-m/nofp/libc_nano.a(libc_a-snprintf.o)
                              z_build/b_middleware/gsm_driver/gsm_http.o (snprintf)
/home/bdang/toolchains/gcc-arm-none-eabi-14.3/bin/../lib/gcc/arm-none-eabi/14.3.1/../../../../arm-none-eabi/lib/thumb/v7-m/nofp/libc_nano.a(libc_a-stdio.o)
                              /home/bdang/toolchains/gcc-arm-none-eabi-14.3/bin/../lib/gcc/arm-none-eabi/14.3.1/../../../../arm-none-eabi/lib/thumb/v7-m/nofp/libc_nano.a(libc_a-findfp.o) (__sread)
/home/bdang/toolchains/gcc-arm-none-eabi-14.3/bin/../lib/gcc/arm-none-eabi/14.3.1/../../../../arm-none-eabi/lib/thumb/v7-m/nofp/libc_nano.a(libc_a-vsnprintf.o)
                              z_build/b_middleware/debugger/debugger.o (vsnprintf)
/home/bdang/toolchains/gcc-arm-none-eabi-14.3/bin/../lib/gcc/arm-none-eabi/14.3.1/../../../../arm-none-eabi/lib/thumb/v7-m/nofp/libc_nano.a(libc_a-memset.o)
                              /home/bdang/toolchains/gcc-arm-none-eabi-14.3/bin/../lib/gcc/arm-none-eabi/14.3.1/../../../../arm-none-eabi/lib/thumb/v7-m/nofp/crt0.o (memset)
/home/bdang/toolchains/gcc-arm-none-eabi-14.3/bin/../lib/gcc/arm-none-eabi/14.3.1/../../../../arm-none-eabi/lib/thumb/v7-m/nofp/libc_nano.a(libc_a-strchr.o)
                              z_build/y_thirdparty/string_handler/string_handler.o (strchr)
/home/bdang/toolchains/gcc-arm-none-eabi-14.3/bin/../lib/gcc/arm-none-eabi/14.3.1/../../../../arm-none-eabi/lib/thumb/v7-m/nofp/libc_nano.a(libc_a-strncmp.o)
                              z_build/y_thirdparty/string_handler/string_handler.o (strncmp)
/home/bdang/toolchains/gcc-arm-none-eabi-14.3/bin/../lib/gcc/arm-none-eabi/14.3.1/../../../../arm-none-eabi/lib/thumb/v7-m/nofp/libc_nano.a(libc_a-strstr.o)
                              z_build/y_thirdparty/string_handler/string_handler.o (strstr)
/home/bdang/toolchains/gcc-arm-none-eabi-14.3/bin/../lib/gcc/arm-none-eabi/14.3.1/../../../../arm-none-eabi/lib/thumb/v7-m/nofp/libc_nano.a(libc_a-closer.o)
                              /home/bdang/toolchains/gcc-arm-none-eabi-14.3/bin/../lib/gcc/arm-none-eabi/14.3.1/../../../../arm-none-eabi/lib/thumb/v7-m/nofp/libc_nano.a(libc_a-stdio.o) (_close_r)
/home/bdang/toolchains/gcc-arm-none-eabi-14.3/bin/../lib/gcc/arm-none-eabi/14.3.1/../../../../arm-none-eabi/lib/thumb/v7-m/nofp/libc_nano.a(libc_a-reent.o)
                              /home/bdang/toolchains/gcc-arm-none-eabi-14.3/bin/../lib/gcc/arm-none-eabi/14.3.1/../../../../arm-none-eabi/lib/thumb/v7-m/nofp/libc_nano.a(libc_a-closer.o) (errno)
/home/bdang/toolchains/gcc-arm-none-eabi-14.3/bin/../lib/gcc/arm-none-eabi/14.3.1/../../../../arm-none-eabi/lib/thumb/v7-m/nofp/libc_nano.a(libc_a-impure.o)
                              /home/bdang/toolchains/gcc-arm-none-eabi-14.3/bin/../lib/gcc/arm-none-eabi/14.3.1/../../../../arm-none-eabi/lib/thumb/v7-m/nofp/libc_nano.a(libc_a-snprintf.o) (_impure_ptr)
/home/bdang/toolchains/gcc-arm-none-eabi-14.3/bin/../lib/gcc/arm-none-eabi/14.3.1/../../../../arm-none-eabi/lib/thumb/v7-m/nofp/libc_nano.a(libc_a-lseekr.o)
                              /home/bdang/toolchains/gcc-arm-none-eabi-14.3/bin/../lib/gcc/arm-none-eabi/14.3.1/../../../../arm-none-eabi/lib/thumb/v7-m/nofp/libc_nano.a(libc_a-stdio.o) (_lseek_r)
/home/bdang/toolchains/gcc-arm-none-eabi-14.3/bin/../lib/gcc/arm-none-eabi/14.3.1/../../../../arm-none-eabi/lib/thumb/v7-m/nofp/libc_nano.a(libc_a-readr.o)
                              /home/bdang/toolchains/gcc-arm-none-eabi-14.3/bin/../lib/gcc/arm-none-eabi/14.3.1/../../../../arm-none-eabi/lib/thumb/v7-m/nofp/libc_nano.a(libc_a-stdio.o) (_read_r)
/home/bdang/toolchains/gcc-arm-none-eabi-14.3/bin/../lib/gcc/arm-none-eabi/14.3.1/../../../../arm-none-eabi/lib/thumb/v7-m/nofp/libc_nano.a(libc_a-writer.o)
[...]
Memory Configuration

Name             Origin             Length             Attributes
FLASH            0x08004000         0x0000c000         xr
RAM              0x20000000         0x00005000         xrw
MEMORY_B1        0x60000000         0x00000000         xr
*default*        0x00000000         0xffffffff

Linker script and memory map

LOAD /home/bdang/toolchains/gcc-arm-none-eabi-14.3/bin/../lib/gcc/arm-none-eabi/14.3.1/thumb/v7-m/nofp/crti.o
LOAD /home/bdang/toolchains/gcc-arm-none-eabi-14.3/bin/../lib/gcc/arm-none-eabi/14.3.1/thumb/v7-m/nofp/crtbegin.o
LOAD /home/bdang/toolchains/gcc-arm-none-eabi-14.3/bin/../lib/gcc/arm-none-eabi/14.3.1/../../../../arm-none-eabi/lib/thumb/v7-m/nofp/crt0.o
LOAD z_build/y_thirdparty/lwrb/lwrb.o
LOAD z_build/y_thirdparty/string_handler/string_handler.o
LOAD z_build/c_hardware/Device/src/a7670c_hardware.o
LOAD z_build/c_hardware/Device/src/hardware_init.o
LOAD z_build/c_hardware/Device/src/stm32f1xx_it.o
LOAD z_build/c_hardware/Device/src/system_stm32f10x.o
LOAD z_build/c_hardware/Device/src/tiny_printf.o
LOAD z_build/c_hardware/Device/src/tty_hardware.o
LOAD z_build/c_hardware/Device/src/w25q32_hardware.o
LOAD z_build/c_hardware/Device/src/led_hardware.o
LOAD z_build/c_hardware/Device/src/systick.o
LOAD z_build/c_hardware/SPL/src/misc.o
LOAD z_build/c_hardware/SPL/src/stm32f10x_gpio.o
LOAD z_build/c_hardware/SPL/src/stm32f10x_rcc.o
LOAD z_build/c_hardware/SPL/src/stm32f10x_usart.o
LOAD z_build/c_hardware/SPL/src/stm32f10x_spi.o
LOAD z_build/c_hardware/SPL/src/stm32f10x_dma.o
LOAD z_build/c_hardware/SPL/src/stm32f10x_flash.o
LOAD z_build/c_hardware/SPL/src/stm32f10x_exti.o
LOAD z_build/c_hardware/SPL/src/stm32f10x_tim.o
LOAD z_build/b_middleware/debugger/debugger.o
LOAD z_build/b_middleware/spi_driver/spi_driver.o
LOAD z_build/b_middleware/usart_driver/usart_driver.o
LOAD z_build/b_middleware/w25q32_driver/w25q32_driver.o
LOAD z_build/b_middleware/gsm_driver/gsm_at_engine.o
LOAD z_build/b_middleware/gsm_driver/gsm.o
LOAD z_build/b_middleware/gsm_driver/gsm_cb.o
LOAD z_build/b_middleware/gsm_driver/gsm_common.o
LOAD z_build/b_middleware/gsm_driver/gsm_entity.o
LOAD z_build/b_middleware/gsm_driver/gsm_event.o
LOAD z_build/b_middleware/gsm_driver/gsm_http.o
LOAD z_build/a_application/ota_task/ota_task.o
LOAD z_build/main.o
LOAD z_build/startup/startup.o
START GROUP
LOAD /home/bdang/toolchains/gcc-arm-none-eabi-14.3/bin/../lib/gcc/arm-none-eabi/14.3.1/thumb/v7-m/nofp/libgcc.a
LOAD /home/bdang/toolchains/gcc-arm-none-eabi-14.3/bin/../lib/gcc/arm-none-eabi/14.3.1/../../../../arm-none-eabi/lib/thumb/v7-m/nofp/libc_nano.a
END GROUP
START GROUP
LOAD /home/bdang/toolchains/gcc-arm-none-eabi-14.3/bin/../lib/gcc/arm-none-eabi/14.3.1/thumb/v7-m/nofp/libgcc.a
LOAD /home/bdang/toolchains/gcc-arm-none-eabi-14.3/bin/../lib/gcc/arm-none-eabi/14.3.1/../../../../arm-none-eabi/lib/thumb/v7-m/nofp/libc_nano.a
LOAD /home/bdang/toolchains/gcc-arm-none-eabi-14.3/bin/../lib/gcc/arm-none-eabi/14.3.1/../../../../arm-none-eabi/lib/thumb/v7-m/nofp/libnosys.a
END GROUP
START GROUP
LOAD /home/bdang/toolchains/gcc-arm-none-eabi-14.3/bin/../lib/gcc/arm-none-eabi/14.3.1/thumb/v7-m/nofp/libgcc.a
LOAD /home/bdang/toolchains/gcc-arm-none-eabi-14.3/bin/../lib/gcc/arm-none-eabi/14.3.1/../../../../arm-none-eabi/lib/thumb/v7-m/nofp/libc_nano.a
LOAD /home/bdang/toolchains/gcc-arm-none-eabi-14.3/bin/../lib/gcc/arm-none-eabi/14.3.1/../../../../arm-none-eabi/lib/thumb/v7-m/nofp/libnosys.a
END GROUP
LOAD /home/bdang/toolchains/gcc-arm-none-eabi-14.3/bin/../lib/gcc/arm-none-eabi/14.3.1/thumb/v7-m/nofp/crtend.o
LOAD /home/bdang/toolchains/gcc-arm-none-eabi-14.3/bin/../lib/gcc/arm-none-eabi/14.3.1/thumb/v7-m/nofp/crtn.o
                0x20005000                        _estack = 0x20005000
                0x00000000                        _Min_Heap_Size = 0x0
                0x00000100                        _Min_Stack_Size = 0x100

.isr_vector     0x08004000      0x10c
                0x08004000                        . = ALIGN (0x4)
 *(.isr_vector)
 .isr_vector    0x08004000      0x10c z_build/startup/startup.o
                0x08004000                g_pfnVectors
                0x0800410c                        . = ALIGN (0x4)

.text           0x0800410c     0x48d4
                0x0800410c                        . = ALIGN (0x4)
 *(.text)
 .text          0x0800410c       0x10 /home/bdang/toolchains/gcc-arm-none-eabi-14.3/bin/../lib/gcc/arm-none-eabi/14.3.1/../../../../arm-none-eabi/lib/thumb/v7-m/nofp/libc_nano.a(libc_a-strlen.o)
                0x0800410c                strlen
 *(.text*)
 .text.deregister_tm_clones
                0x0800411c       0x1c /home/bdang/toolchains/gcc-arm-none-eabi-14.3/bin/../lib/gcc/arm-none-eabi/14.3.1/thumb/v7-m/nofp/crtbegin.o
 .text.register_tm_clones
                0x08004138       0x24 /home/bdang/toolchains/gcc-arm-none-eabi-14.3/bin/../lib/gcc/arm-none-eabi/14.3.1/thumb/v7-m/nofp/crtbegin.o
 .text.__do_global_dtors_aux
                0x0800415c       0x28 /home/bdang/toolchains/gcc-arm-none-eabi-14.3/bin/../lib/gcc/arm-none-eabi/14.3.1/thumb/v7-m/nofp/crtbegin.o
 .text.frame_dummy
                0x08004184       0x24 /home/bdang/toolchains/gcc-arm-none-eabi-14.3/bin/../lib/gcc/arm-none-eabi/14.3.1/thumb/v7-m/nofp/crtbegin.o
 .text.lwrb_init
                0x080041a8       0x60 z_build/y_thirdparty/lwrb/lwrb.o
                0x080041a8                lwrb_init
 .text.lwrb_write
                0x08004208       0x36 z_build/y_thirdparty/lwrb/lwrb.o
                0x08004208                lwrb_write
 .text.lwrb_write_ex
                0x0800423e      0x130 z_build/y_thirdparty/lwrb/lwrb.o
                0x0800423e                lwrb_write_ex
 .text.lwrb_read
                0x0800436e       0x36 z_build/y_thirdparty/lwrb/lwrb.o
                0x0800436e                lwrb_read
 .text.lwrb_read_ex
                0x080043a4      0x130 z_build/y_thirdparty/lwrb/lwrb.o
                0x080043a4                lwrb_read_ex
 .text.lwrb_get_free
                0x080044d4       0x7c z_build/y_thirdparty/lwrb/lwrb.o
                0x080044d4                lwrb_get_free
 .text.lwrb_get_full
                0x08004550       0x7a z_build/y_thirdparty/lwrb/lwrb.o
                0x08004550                lwrb_get_full
 .text.fast_atoi
                0x080045ca       0x46 z_build/y_thirdparty/string_handler/string_handler.o
                0x080045ca                fast_atoi
 .text.fast_itoa
                0x08004610       0xa0 z_build/y_thirdparty/string_handler/string_handler.o
                0x08004610                fast_itoa
 .text.gsm_parse_cpin
                0x080046b0       0x8c z_build/y_thirdparty/string_handler/string_handler.o
                0x080046b0                gsm_parse_cpin
 .text.gsm_parse_creg
                0x0800473c       0xbc z_build/y_thirdparty/string_handler/string_handler.o
                0x0800473c                gsm_parse_creg
 .text.gsm_parse_httpget
                0x080047f8       0xc0 z_build/y_thirdparty/string_handler/string_handler.o
                0x080047f8                gsm_parse_httpget
 .text.gsm_parse_httpread_len
                0x080048b8       0x48 z_build/y_thirdparty/string_handler/string_handler.o
                0x080048b8                gsm_parse_httpread_len
 .text.A7670C_USART_Init
                0x08004900       0x48 z_build/c_hardware/Device/src/a7670c_hardware.o
 .text.A7670C_TX_Init
                0x08004948       0x34 z_build/c_hardware/Device/src/a7670c_hardware.o
 .text.A7670C_RX_Init
                0x0800497c       0x30 z_build/c_hardware/Device/src/a7670c_hardware.o
 .text.A7670C_USART_IRQ_Init
                0x080049ac       0x68 z_build/c_hardware/Device/src/a7670c_hardware.o
 .text.A7670C_PWK_Init
                0x08004a14       0x3c z_build/c_hardware/Device/src/a7670c_hardware.o
 .text.A7670C_NET_Init
                0x08004a50       0x30 z_build/c_hardware/Device/src/a7670c_hardware.o
 .text.A7670C_PEN_Init
                0x08004a80       0x3c z_build/c_hardware/Device/src/a7670c_hardware.o
 .text.a7670c_hardware_init
                0x08004abc       0x24 z_build/c_hardware/Device/src/a7670c_hardware.o
                0x08004abc                a7670c_hardware_init
 .text.hardware_init
                0x08004ae0       0x30 z_build/c_hardware/Device/src/hardware_init.o
                0x08004ae0                hardware_init
 .text.NMI_Handler
                0x08004b10        0xc z_build/c_hardware/Device/src/stm32f1xx_it.o
                0x08004b10                NMI_Handler
 .text.HardFault_Handler
                0x08004b1c        0x8 z_build/c_hardware/Device/src/stm32f1xx_it.o
                0x08004b1c                HardFault_Handler
 .text.MemManage_Handler
                0x08004b24        0x8 z_build/c_hardware/Device/src/stm32f1xx_it.o
                0x08004b24                MemManage_Handler
 .text.BusFault_Handler
                0x08004b2c       0x28 z_build/c_hardware/Device/src/stm32f1xx_it.o
                0x08004b2c                BusFault_Handler
 .text.UsageFault_Handler
                0x08004b54        0x8 z_build/c_hardware/Device/src/stm32f1xx_it.o
                0x08004b54                UsageFault_Handler
 .text.DebugMon_Handler
                0x08004b5c        0xc z_build/c_hardware/Device/src/stm32f1xx_it.o
                0x08004b5c                DebugMon_Handler
 .text.SysTick_Handler
                0x08004b68       0x1c z_build/c_hardware/Device/src/stm32f1xx_it.o
                0x08004b68                SysTick_Handler
 .text.USART1_IRQHandler
                0x08004b84       0x40 z_build/c_hardware/Device/src/stm32f1xx_it.o
                0x08004b84                USART1_IRQHandler
 .text.SystemInit
                0x08004bc4       0x68 z_build/c_hardware/Device/src/system_stm32f10x.o
                0x08004bc4                SystemInit
 .text.SystemCoreClockUpdate
                0x08004c2c       0xe4 z_build/c_hardware/Device/src/system_stm32f10x.o
                0x08004c2c                SystemCoreClockUpdate
 .text.Clock_72MHz_HSE_Init
                0x08004d10       0x7e z_build/c_hardware/Device/src/system_stm32f10x.o
                0x08004d10                Clock_72MHz_HSE_Init
 .text.SetSysClock
                0x08004d8e        0xc z_build/c_hardware/Device/src/system_stm32f10x.o
 *fill*         0x08004d9a        0x2 
 .text.SetSysClockTo72
                0x08004d9c      0x100 z_build/c_hardware/Device/src/system_stm32f10x.o
 .text.USART_Debugger_Init
                0x08004e9c       0x80 z_build/c_hardware/Device/src/tty_hardware.o
 .text.tty_hardware_init
                0x08004f1c        0xc z_build/c_hardware/Device/src/tty_hardware.o
                0x08004f1c                tty_hardware_init
 .text.W25Q32_SPI_Init
                0x08004f28       0x90 z_build/c_hardware/Device/src/w25q32_hardware.o
 .text.w25q32_hardware_init
                0x08004fb8        0xc z_build/c_hardware/Device/src/w25q32_hardware.o
                0x08004fb8                w25q32_hardware_init
 .text.led_hardware_init
                0x08004fc4       0x34 z_build/c_hardware/Device/src/led_hardware.o
                0x08004fc4                led_hardware_init
 .text.NVIC_SetPriority
                0x08004ff8       0x54 z_build/c_hardware/Device/src/systick.o
 .text.SysTick_Config
                0x0800504c       0x44 z_build/c_hardware/Device/src/systick.o
 .text.systick_init
                0x08005090       0x38 z_build/c_hardware/Device/src/systick.o
                0x08005090                systick_init
 .text.delay_ms
                0x080050c8       0x30 z_build/c_hardware/Device/src/systick.o
                0x080050c8                delay_ms
 .text.get_systick
                0x080050f8       0x14 z_build/c_hardware/Device/src/systick.o
                0x080050f8                get_systick
 .text.NVIC_Init
                0x0800510c       0xc4 z_build/c_hardware/SPL/src/misc.o
                0x0800510c                NVIC_Init
 .text.GPIO_Init
                0x080051d0      0x178 z_build/c_hardware/SPL/src/stm32f10x_gpio.o
                0x080051d0                GPIO_Init
 .text.GPIO_SetBits
                0x08005348       0x1c z_build/c_hardware/SPL/src/stm32f10x_gpio.o
                0x08005348                GPIO_SetBits
 .text.GPIO_ResetBits
                0x08005364       0x1c z_build/c_hardware/SPL/src/stm32f10x_gpio.o
                0x08005364                GPIO_ResetBits
 .text.RCC_DeInit
                0x08005380       0x5c z_build/c_hardware/SPL/src/stm32f10x_rcc.o
                0x08005380                RCC_DeInit
 .text.RCC_HSEConfig
                0x080053dc       0x5c z_build/c_hardware/SPL/src/stm32f10x_rcc.o
                0x080053dc                RCC_HSEConfig
 .text.RCC_WaitForHSEStartUp
                0x08005438       0x50 z_build/c_hardware/SPL/src/stm32f10x_rcc.o
                0x08005438                RCC_WaitForHSEStartUp
 .text.RCC_PLLConfig
                0x08005488       0x3c z_build/c_hardware/SPL/src/stm32f10x_rcc.o
                0x08005488                RCC_PLLConfig
 .text.RCC_PLLCmd
                0x080054c4       0x20 z_build/c_hardware/SPL/src/stm32f10x_rcc.o
                0x080054c4                RCC_PLLCmd
 .text.RCC_SYSCLKConfig
                0x080054e4       0x38 z_build/c_hardware/SPL/src/stm32f10x_rcc.o
                0x080054e4                RCC_SYSCLKConfig
 .text.RCC_GetSYSCLKSource
                0x0800551c       0x1c z_build/c_hardware/SPL/src/stm32f10x_rcc.o
                0x0800551c                RCC_GetSYSCLKSource
 .text.RCC_HCLKConfig
                0x08005538       0x38 z_build/c_hardware/SPL/src/stm32f10x_rcc.o
                0x08005538                RCC_HCLKConfig
 .text.RCC_PCLK1Config
                0x08005570       0x38 z_build/c_hardware/SPL/src/stm32f10x_rcc.o
                0x08005570                RCC_PCLK1Config
 .text.RCC_PCLK2Config
                0x080055a8       0x38 z_build/c_hardware/SPL/src/stm32f10x_rcc.o
                0x080055a8                RCC_PCLK2Config
 .text.RCC_GetClocksFreq
                0x080055e0      0x16c z_build/c_hardware/SPL/src/stm32f10x_rcc.o
                0x080055e0                RCC_GetClocksFreq
 .text.RCC_APB2PeriphClockCmd
                0x0800574c       0x3c z_build/c_hardware/SPL/src/stm32f10x_rcc.o
                0x0800574c                RCC_APB2PeriphClockCmd
 .text.RCC_APB1PeriphClockCmd
                0x08005788       0x3c z_build/c_hardware/SPL/src/stm32f10x_rcc.o
                0x08005788                RCC_APB1PeriphClockCmd
 .text.RCC_GetFlagStatus
                0x080057c4       0x74 z_build/c_hardware/SPL/src/stm32f10x_rcc.o
                0x080057c4                RCC_GetFlagStatus
 .text.USART_Init
                0x08005838      0x174 z_build/c_hardware/SPL/src/stm32f10x_usart.o
                0x08005838                USART_Init
 .text.USART_Cmd
                0x080059ac       0x3e z_build/c_hardware/SPL/src/stm32f10x_usart.o
                0x080059ac                USART_Cmd
 .text.USART_ITConfig
                0x080059ea       0x8e z_build/c_hardware/SPL/src/stm32f10x_usart.o
                0x080059ea                USART_ITConfig
 .text.USART_SendData
                0x08005a78       0x22 z_build/c_hardware/SPL/src/stm32f10x_usart.o
                0x08005a78                USART_SendData
 .text.USART_ReceiveData
                0x08005a9a       0x1e z_build/c_hardware/SPL/src/stm32f10x_usart.o
                0x08005a9a                USART_ReceiveData
 .text.USART_GetFlagStatus
                0x08005ab8       0x36 z_build/c_hardware/SPL/src/stm32f10x_usart.o
                0x08005ab8                USART_GetFlagStatus
 .text.USART_GetITStatus
                0x08005aee       0xb4 z_build/c_hardware/SPL/src/stm32f10x_usart.o
                0x08005aee                USART_GetITStatus
 .text.SPI_Init
                0x08005ba2       0x86 z_build/c_hardware/SPL/src/stm32f10x_spi.o
                0x08005ba2                SPI_Init
 .text.SPI_Cmd  0x08005c28       0x3e z_build/c_hardware/SPL/src/stm32f10x_spi.o
                0x08005c28                SPI_Cmd
 .text.SPI_I2S_SendData
                0x08005c66       0x1c z_build/c_hardware/SPL/src/stm32f10x_spi.o
                0x08005c66                SPI_I2S_SendData
 .text.SPI_I2S_ReceiveData
                0x08005c82       0x18 z_build/c_hardware/SPL/src/stm32f10x_spi.o
                0x08005c82                SPI_I2S_ReceiveData
 .text.SPI_I2S_GetFlagStatus
                0x08005c9a       0x36 z_build/c_hardware/SPL/src/stm32f10x_spi.o
                0x08005c9a                SPI_I2S_GetFlagStatus
 .text.FLASH_SetLatency
                0x08005cd0       0x38 z_build/c_hardware/SPL/src/stm32f10x_flash.o
                0x08005cd0                FLASH_SetLatency
 .text.FLASH_PrefetchBufferCmd
                0x08005d08       0x30 z_build/c_hardware/SPL/src/stm32f10x_flash.o
                0x08005d08                FLASH_PrefetchBufferCmd
 .text.FLASH_Unlock
                0x08005d38       0x24 z_build/c_hardware/SPL/src/stm32f10x_flash.o
                0x08005d38                FLASH_Unlock
 .text.FLASH_Lock
                0x08005d5c       0x1c z_build/c_hardware/SPL/src/stm32f10x_flash.o
                0x08005d5c                FLASH_Lock
 .text.FLASH_ProgramWord
                0x08005d78       0x94 z_build/c_hardware/SPL/src/stm32f10x_flash.o
                0x08005d78                FLASH_ProgramWord
 .text.FLASH_ClearFlag
                0x08005e0c       0x1c z_build/c_hardware/SPL/src/stm32f10x_flash.o
                0x08005e0c                FLASH_ClearFlag
 .text.FLASH_GetBank1Status
                0x08005e28       0x54 z_build/c_hardware/SPL/src/stm32f10x_flash.o
                0x08005e28                FLASH_GetBank1Status
 .text.FLASH_WaitForLastOperation
                0x08005e7c       0x44 z_build/c_hardware/SPL/src/stm32f10x_flash.o
                0x08005e7c                FLASH_WaitForLastOperation
 .text.debug_printf
                0x08005ec0       0x50 z_build/b_middleware/debugger/debugger.o
                0x08005ec0                debug_printf
 .text.SPI1_transfer_w25q32
                0x08005f10       0x48 z_build/b_middleware/spi_driver/spi_driver.o
                0x08005f10                SPI1_transfer_w25q32
 .text.usart_sendstring
                0x08005f58       0x3e z_build/b_middleware/usart_driver/usart_driver.o
                0x08005f58                usart_sendstring
 *fill*         0x08005f96        0x2 
 .text.W25Q32_ReadStatusReg
                0x08005f98       0x34 z_build/b_middleware/w25q32_driver/w25q32_driver.o
                0x08005f98                W25Q32_ReadStatusReg
 .text.W25Q32_WaitBusy
                0x08005fcc       0x1a z_build/b_middleware/w25q32_driver/w25q32_driver.o
                0x08005fcc                W25Q32_WaitBusy
 *fill*         0x08005fe6        0x2 
 .text.W25Q32_WriteEnable
                0x08005fe8       0x24 z_build/b_middleware/w25q32_driver/w25q32_driver.o
                0x08005fe8                W25Q32_WriteEnable
 .text.W25Q32_EraseChip
                0x0800600c       0x30 z_build/b_middleware/w25q32_driver/w25q32_driver.o
                0x0800600c                W25Q32_EraseChip
 .text.W25Q32_WritePage
                0x0800603c       0x9c z_build/b_middleware/w25q32_driver/w25q32_driver.o
                0x0800603c                W25Q32_WritePage
 .text.W25Q32_WriteData
                0x080060d8       0x5e z_build/b_middleware/w25q32_driver/w25q32_driver.o
                0x080060d8                W25Q32_WriteData
 *fill*         0x08006136        0x2 
 .text.gsm_at_process
                0x08006138       0x64 z_build/b_middleware/gsm_driver/gsm_at_engine.o
                0x08006138                gsm_at_process
 .text.send_at_cmd
                0x0800619c       0x74 z_build/b_middleware/gsm_driver/gsm_at_engine.o
                0x0800619c                send_at_cmd
 .text.gsm_parser_process_line
                0x08006210       0xb4 z_build/b_middleware/gsm_driver/gsm_at_engine.o
 .text.is_urc   0x080062c4      0x23c z_build/b_middleware/gsm_driver/gsm_at_engine.o
                0x080062c4                is_urc
 .text.at_line_handle
                0x08006500       0x30 z_build/b_middleware/gsm_driver/gsm_at_engine.o
 .text.at_response_handle
                0x08006530      0x128 z_build/b_middleware/gsm_driver/gsm_at_engine.o
 .text.at_urc_handle
                0x08006658      0x1ac z_build/b_middleware/gsm_driver/gsm_at_engine.o
 .text.clear_decision_flags
                0x08006804       0x48 z_build/b_middleware/gsm_driver/gsm.o
 .text.decision_state
                0x0800684c       0xbc z_build/b_middleware/gsm_driver/gsm.o
 .text.GSM_Manager
                0x08006908       0x90 z_build/b_middleware/gsm_driver/gsm.o
                0x08006908                GSM_Manager
 .text.gsm_init
                0x08006998       0x1c z_build/b_middleware/gsm_driver/gsm.o
                0x08006998                gsm_init
 .text.at_basic_cb
                0x080069b4       0x98 z_build/b_middleware/gsm_driver/gsm_cb.o
                0x080069b4                at_basic_cb
 .text.gsm_common_sync_at
                0x08006a4c      0x150 z_build/b_middleware/gsm_driver/gsm_common.o
                0x08006a4c                gsm_common_sync_at
 .text.gsm_common_config
                0x08006b9c      0x160 z_build/b_middleware/gsm_driver/gsm_common.o
                0x08006b9c                gsm_common_config
 .text.gsm_common_check_sim
                0x08006cfc      0x180 z_build/b_middleware/gsm_driver/gsm_common.o
                0x08006cfc                gsm_common_check_sim
 .text.gsm_common_check_network
                0x08006e7c      0x150 z_build/b_middleware/gsm_driver/gsm_common.o
                0x08006e7c                gsm_common_check_network
 .text.gsm_common_check_gprs
                0x08006fcc      0x178 z_build/b_middleware/gsm_driver/gsm_common.o
                0x08006fcc                gsm_common_check_gprs
 .text.gsm_common_init_pdp
                0x08007144      0x2e0 z_build/b_middleware/gsm_driver/gsm_common.o
                0x08007144                gsm_common_init_pdp
 .text.set_sim_state
                0x08007424       0x20 z_build/b_middleware/gsm_driver/gsm_entity.o
                0x08007424                set_sim_state
 .text.set_sim_creg_state
                0x08007444       0x20 z_build/b_middleware/gsm_driver/gsm_entity.o
                0x08007444                set_sim_creg_state
 .text.set_http_action
                0x08007464       0x3c z_build/b_middleware/gsm_driver/gsm_entity.o
                0x08007464                set_http_action
 .text.event_queue_is_empty
                0x080074a0       0x28 z_build/b_middleware/gsm_driver/gsm_event.o
                0x080074a0                event_queue_is_empty
 .text.event_queue_is_full
                0x080074c8       0x3a z_build/b_middleware/gsm_driver/gsm_event.o
                0x080074c8                event_queue_is_full
 .text.push_event
                0x08007502       0x78 z_build/b_middleware/gsm_driver/gsm_event.o
                0x08007502                push_event
 .text.pop_event
                0x0800757a       0x7c z_build/b_middleware/gsm_driver/gsm_event.o
                0x0800757a                pop_event
 *fill*         0x080075f6        0x2 
 .text.gsm_http_init
                0x080075f8      0x118 z_build/b_middleware/gsm_driver/gsm_http.o
                0x080075f8                gsm_http_init
 .text.gsm_http_term
                0x08007710      0x118 z_build/b_middleware/gsm_driver/gsm_http.o
                0x08007710                gsm_http_term
 .text.gsm_http_set_url
                0x08007828      0x110 z_build/b_middleware/gsm_driver/gsm_http.o
                0x08007828                gsm_http_set_url
 .text.gsm_http_action
                0x08007938      0x144 z_build/b_middleware/gsm_driver/gsm_http.o
                0x08007938                gsm_http_action
 .text.gsm_http_read
                0x08007a7c      0x184 z_build/b_middleware/gsm_driver/gsm_http.o
                0x08007a7c                gsm_http_read
 .text.NVIC_SystemReset
                0x08007c00       0x2c z_build/a_application/ota_task/ota_task.o
 .text.ota_process
                0x08007c2c      0x1f4 z_build/a_application/ota_task/ota_task.o
                0x08007c2c                ota_process
 .text.set_fw_size
                0x08007e20       0x2c z_build/a_application/ota_task/ota_task.o
 .text.set_fw_flag
                0x08007e4c       0x3c z_build/a_application/ota_task/ota_task.o
 .text.main     0x08007e88       0x6c z_build/main.o
                0x08007e88                main
 .text.Reset_Handler
                0x08007ef4       0x50 z_build/startup/startup.o
                0x08007ef4                Reset_Handler
 .text.Default_Handler
                0x08007f44        0x2 z_build/startup/startup.o
                0x08007f44                EXTI2_IRQHandler
                0x08007f44                TIM1_CC_IRQHandler
                0x08007f44                PVD_IRQHandler
                0x08007f44                PendSV_Handler
                0x08007f44                EXTI3_IRQHandler
                0x08007f44                EXTI0_IRQHandler
                0x08007f44                I2C2_EV_IRQHandler
                0x08007f44                ADC1_2_IRQHandler
                0x08007f44                SPI1_IRQHandler
                0x08007f44                TAMPER_IRQHandler
                0x08007f44                DMA1_Channel4_IRQHandler
                0x08007f44                USART3_IRQHandler
                0x08007f44                RTC_IRQHandler
                0x08007f44                DMA1_Channel7_IRQHandler
                0x08007f44                CAN1_RX1_IRQHandler
                0x08007f44                TIM4_IRQHandler
                0x08007f44                I2C1_EV_IRQHandler
                0x08007f44                DMA1_Channel6_IRQHandler
                0x08007f44                TIM3_IRQHandler
                0x08007f44                RCC_IRQHandler
                0x08007f44                TIM1_TRG_COM_IRQHandler
                0x08007f44                DMA1_Channel1_IRQHandler
                0x08007f44                Default_Handler
                0x08007f44                EXTI15_10_IRQHandler
                0x08007f44                EXTI9_5_IRQHandler
                0x08007f44                SPI2_IRQHandler
                0x08007f44                SVC_Handler
                0x08007f44                DMA1_Channel5_IRQHandler
                0x08007f44                EXTI4_IRQHandler
                0x08007f44                USB_LP_CAN1_RX0_IRQHandler
                0x08007f44                USB_HP_CAN1_TX_IRQHandler
                0x08007f44                DMA1_Channel3_IRQHandler
                0x08007f44                TIM1_UP_IRQHandler
                0x08007f44                WWDG_IRQHandler
                0x08007f44                TIM2_IRQHandler
                0x08007f44                TIM1_BRK_IRQHandler
                0x08007f44                EXTI1_IRQHandler
                0x08007f44                RTCAlarm_IRQHandler
                0x08007f44                USART2_IRQHandler
                0x08007f44                I2C2_ER_IRQHandler
                0x08007f44                DMA1_Channel2_IRQHandler
                0x08007f44                CAN1_SCE_IRQHandler
                0x08007f44                FLASH_IRQHandler
                0x08007f44                I2C1_ER_IRQHandler
                0x08007f44                USBWakeUp_IRQHandler
 *fill*         0x08007f46        0x2 
 .text.snprintf
                0x08007f48       0x6c /home/bdang/toolchains/gcc-arm-none-eabi-14.3/bin/../lib/gcc/arm-none-eabi/14.3.1/../../../../arm-none-eabi/lib/thumb/v7-m/nofp/libc_nano.a(libc_a-snprintf.o)
                0x08007f48                snprintf
                0x08007f48                sniprintf
 .text._vsnprintf_r
                0x08007fb4       0x5c /home/bdang/toolchains/gcc-arm-none-eabi-14.3/bin/../lib/gcc/arm-none-eabi/14.3.1/../../../../arm-none-eabi/lib/thumb/v7-m/nofp/libc_nano.a(libc_a-vsnprintf.o)
                0x08007fb4                _vsnprintf_r
                0x08007fb4                _vsniprintf_r
 .text.vsnprintf
                0x08008010       0x1c /home/bdang/toolchains/gcc-arm-none-eabi-14.3/bin/../lib/gcc/arm-none-eabi/14.3.1/../../../../arm-none-eabi/lib/thumb/v7-m/nofp/libc_nano.a(libc_a-vsnprintf.o)
                0x08008010                vsnprintf
                0x08008010                vsniprintf
 .text.memset   0x0800802c       0x10 /home/bdang/toolchains/gcc-arm-none-eabi-14.3/bin/../lib/gcc/arm-none-eabi/14.3.1/../../../../arm-none-eabi/lib/thumb/v7-m/nofp/libc_nano.a(libc_a-memset.o)
                0x0800802c                memset
 .text.strncmp  0x0800803c       0x24 /home/bdang/toolchains/gcc-arm-none-eabi-14.3/bin/../lib/gcc/arm-none-eabi/14.3.1/../../../../arm-none-eabi/lib/thumb/v7-m/nofp/libc_nano.a(libc_a-strncmp.o)
                0x0800803c                strncmp
 .text.strstr   0x08008060       0x2c /home/bdang/toolchains/gcc-arm-none-eabi-14.3/bin/../lib/gcc/arm-none-eabi/14.3.1/../../../../arm-none-eabi/lib/thumb/v7-m/nofp/libc_nano.a(libc_a-strstr.o)
                0x08008060                strstr
 .text.__libc_init_array
                0x0800808c       0x48 /home/bdang/toolchains/gcc-arm-none-eabi-14.3/bin/../lib/gcc/arm-none-eabi/14.3.1/../../../../arm-none-eabi/lib/thumb/v7-m/nofp/libc_nano.a(libc_a-init.o)
                0x0800808c                __libc_init_array
 .text.__retarget_lock_acquire_recursive
                0x080080d4        0x2 /home/bdang/toolchains/gcc-arm-none-eabi-14.3/bin/../lib/gcc/arm-none-eabi/14.3.1/../../../../arm-none-eabi/lib/thumb/v7-m/nofp/libc_nano.a(libc_a-lock.o)
                0x080080d4                __retarget_lock_acquire_recursive
 .text.__retarget_lock_release_recursive
                0x080080d6        0x2 /home/bdang/toolchains/gcc-arm-none-eabi-14.3/bin/../lib/gcc/arm-none-eabi/14.3.1/../../../../arm-none-eabi/lib/thumb/v7-m/nofp/libc_nano.a(libc_a-lock.o)
                0x080080d6                __retarget_lock_release_recursive
 .text.strcpy   0x080080d8       0x10 /home/bdang/toolchains/gcc-arm-none-eabi-14.3/bin/../lib/gcc/arm-none-eabi/14.3.1/../../../../arm-none-eabi/lib/thumb/v7-m/nofp/libc_nano.a(libc_a-strcpy.o)
                0x080080d8                strcpy
 .text.memcpy   0x080080e8       0x1c /home/bdang/toolchains/gcc-arm-none-eabi-14.3/bin/../lib/gcc/arm-none-eabi/14.3.1/../../../../arm-none-eabi/lib/thumb/v7-m/nofp/libc_nano.a(libc_a-memcpy-stub.o)
                0x080080e8                memcpy
 .text._free_r  0x08008104       0x90 /home/bdang/toolchains/gcc-arm-none-eabi-14.3/bin/../lib/gcc/arm-none-eabi/14.3.1/../../../../arm-none-eabi/lib/thumb/v7-m/nofp/libc_nano.a(libc_a-freer.o)
                0x08008104                _free_r
 .text.sbrk_aligned
                0x08008194       0x44 /home/bdang/toolchains/gcc-arm-none-eabi-14.3/bin/../lib/gcc/arm-none-eabi/14.3.1/../../../../arm-none-eabi/lib/thumb/v7-m/nofp/libc_nano.a(libc_a-mallocr.o)
 .text._malloc_r
                0x080081d8      0x100 /home/bdang/toolchains/gcc-arm-none-eabi-14.3/bin/../lib/gcc/arm-none-eabi/14.3.1/../../../../arm-none-eabi/lib/thumb/v7-m/nofp/libc_nano.a(libc_a-mallocr.o)
                0x080081d8                _malloc_r
 .text.__malloc_lock
                0x080082d8        0xc /home/bdang/toolchains/gcc-arm-none-eabi-14.3/bin/../lib/gcc/arm-none-eabi/14.3.1/../../../../arm-none-eabi/lib/thumb/v7-m/nofp/libc_nano.a(libc_a-mlock.o)
                0x080082d8                __malloc_lock
 .text.__malloc_unlock
                0x080082e4        0xc /home/bdang/toolchains/gcc-arm-none-eabi-14.3/bin/../lib/gcc/arm-none-eabi/14.3.1/../../../../arm-none-eabi/lib/thumb/v7-m/nofp/libc_nano.a(libc_a-mlock.o)
                0x080082e4                __malloc_unlock
 .text.__ssputs_r
                0x080082f0       0xc0 /home/bdang/toolchains/gcc-arm-none-eabi-14.3/bin/../lib/gcc/arm-none-eabi/14.3.1/../../../../arm-none-eabi/lib/thumb/v7-m/nofp/libc_nano.a(libc_a-nano-svfprintf.o)
                0x080082f0                __ssputs_r
 .text._svfprintf_r
                0x080083b0      0x1f0 /home/bdang/toolchains/gcc-arm-none-eabi-14.3/bin/../lib/gcc/arm-none-eabi/14.3.1/../../../../arm-none-eabi/lib/thumb/v7-m/nofp/libc_nano.a(libc_a-nano-svfprintf.o)
                0x080083b0                _svfprintf_r
                0x080083b0                _svfiprintf_r
 .text._printf_common
                0x080085a0       0xe4 /home/bdang/toolchains/gcc-arm-none-eabi-14.3/bin/../lib/gcc/arm-none-eabi/14.3.1/../../../../arm-none-eabi/lib/thumb/v7-m/nofp/libc_nano.a(libc_a-nano-vfprintf_i.o)
                0x080085a0                _printf_common
 .text._printf_i
                0x08008684      0x24c /home/bdang/toolchains/gcc-arm-none-eabi-14.3/bin/../lib/gcc/arm-none-eabi/14.3.1/../../../../arm-none-eabi/lib/thumb/v7-m/nofp/libc_nano.a(libc_a-nano-vfprintf_i.o)
                0x08008684                _printf_i
 .text.memmove  0x080088d0       0x32 /home/bdang/toolchains/gcc-arm-none-eabi-14.3/bin/../lib/gcc/arm-none-eabi/14.3.1/../../../../arm-none-eabi/lib/thumb/v7-m/nofp/libc_nano.a(libc_a-memmove.o)
                0x080088d0                memmove
 *fill*         0x08008902        0x2 
 .text._sbrk_r  0x08008904       0x20 /home/bdang/toolchains/gcc-arm-none-eabi-14.3/bin/../lib/gcc/arm-none-eabi/14.3.1/../../../../arm-none-eabi/lib/thumb/v7-m/nofp/libc_nano.a(libc_a-sbrkr.o)
                0x08008904                _sbrk_r
 .text.memchr   0x08008924       0x1c /home/bdang/toolchains/gcc-arm-none-eabi-14.3/bin/../lib/gcc/arm-none-eabi/14.3.1/../../../../arm-none-eabi/lib/thumb/v7-m/nofp/libc_nano.a(libc_a-memchr-stub.o)
                0x08008924                memchr
 .text._realloc_r
                0x08008940       0x5c /home/bdang/toolchains/gcc-arm-none-eabi-14.3/bin/../lib/gcc/arm-none-eabi/14.3.1/../../../../arm-none-eabi/lib/thumb/v7-m/nofp/libc_nano.a(libc_a-reallocr.o)
                0x08008940                _realloc_r
 .text._malloc_usable_size_r
                0x0800899c       0x10 /home/bdang/toolchains/gcc-arm-none-eabi-14.3/bin/../lib/gcc/arm-none-eabi/14.3.1/../../../../arm-none-eabi/lib/thumb/v7-m/nofp/libc_nano.a(libc_a-msizer.o)
                0x0800899c                _malloc_usable_size_r
 .text._sbrk    0x080089ac       0x1c /home/bdang/toolchains/gcc-arm-none-eabi-14.3/bin/../lib/gcc/arm-none-eabi/14.3.1/../../../../arm-none-eabi/lib/thumb/v7-m/nofp/libnosys.a(sbrk.o)
                0x080089ac                _sbrk
 *(.glue_7)
 .glue_7        0x080089c8        0x0 linker stubs
 *(.glue_7t)
 .glue_7t       0x080089c8        0x0 linker stubs
 *(.eh_frame)
 .eh_frame      0x080089c8        0x0 /home/bdang/toolchains/gcc-arm-none-eabi-14.3/bin/../lib/gcc/arm-none-eabi/14.3.1/thumb/v7-m/nofp/crtbegin.o
 *(.init)
 .init          0x080089c8        0x4 /home/bdang/toolchains/gcc-arm-none-eabi-14.3/bin/../lib/gcc/arm-none-eabi/14.3.1/thumb/v7-m/nofp/crti.o
                0x080089c8                _init
 .init          0x080089cc        0x8 /home/bdang/toolchains/gcc-arm-none-eabi-14.3/bin/../lib/gcc/arm-none-eabi/14.3.1/thumb/v7-m/nofp/crtn.o
 *(.fini)
 .fini          0x080089d4        0x4 /home/bdang/toolchains/gcc-arm-none-eabi-14.3/bin/../lib/gcc/arm-none-eabi/14.3.1/thumb/v7-m/nofp/crti.o
                0x080089d4                _fini
 .fini          0x080089d8        0x8 /home/bdang/toolchains/gcc-arm-none-eabi-14.3/bin/../lib/gcc/arm-none-eabi/14.3.1/thumb/v7-m/nofp/crtn.o
                0x080089e0                        . = ALIGN (0x4)
                0x080089e0                        _etext = .

.vfp11_veneer   0x080089e0        0x0
 .vfp11_veneer  0x080089e0        0x0 linker stubs

.v4_bx          0x080089e0        0x0
 .v4_bx         0x080089e0        0x0 linker stubs

.iplt           0x080089e0        0x0
 .iplt          0x080089e0        0x0 /home/bdang/toolchains/gcc-arm-none-eabi-14.3/bin/../lib/gcc/arm-none-eabi/14.3.1/thumb/v7-m/nofp/crtbegin.o

.rodata         0x080089e0      0x8cc
                0x080089e0                        . = ALIGN (0x4)
 *(.rodata)
 .rodata        0x080089e0       0x1b z_build/y_thirdparty/string_handler/string_handler.o
 *fill*         0x080089fb        0x1 
 .rodata        0x080089fc       0x27 z_build/c_hardware/Device/src/stm32f1xx_it.o
 *fill*         0x08008a23        0x1 
 .rodata        0x08008a24       0x1e z_build/c_hardware/Device/src/w25q32_hardware.o
 *fill*         0x08008a42        0x2 
 .rodata        0x08008a44      0x18f z_build/b_middleware/gsm_driver/gsm_at_engine.o
 *fill*         0x08008bd3        0x1 
 .rodata        0x08008bd4      0x157 z_build/b_middleware/gsm_driver/gsm.o
 *fill*         0x08008d2b        0x1 
 .rodata        0x08008d2c       0x34 z_build/b_middleware/gsm_driver/gsm_cb.o
 .rodata        0x08008d60      0x1b9 z_build/b_middleware/gsm_driver/gsm_common.o
 *fill*         0x08008f19        0x3 
 .rodata        0x08008f1c      0x195 z_build/b_middleware/gsm_driver/gsm_http.o
 *fill*         0x080090b1        0x3 
 .rodata        0x080090b4       0x69 z_build/a_application/ota_task/ota_task.o
 *fill*         0x0800911d        0x3 
 .rodata        0x08009120      0x132 z_build/main.o
 *(.rodata*)
 *fill*         0x08009252        0x2 
 .rodata.AHBPrescTable
                0x08009254       0x10 z_build/c_hardware/Device/src/system_stm32f10x.o
                0x08009254                AHBPrescTable
 .rodata.APBAHBPrescTable
                0x08009264       0x10 z_build/c_hardware/SPL/src/stm32f10x_rcc.o
 .rodata.ADCPrescTable
                0x08009274        0x4 z_build/c_hardware/SPL/src/stm32f10x_rcc.o
 .rodata._svfprintf_r.str1.1
                0x08009278       0x33 /home/bdang/toolchains/gcc-arm-none-eabi-14.3/bin/../lib/gcc/arm-none-eabi/14.3.1/../../../../arm-none-eabi/lib/thumb/v7-m/nofp/libc_nano.a(libc_a-nano-svfprintf.o)
                                 0x11 (size before relaxing)
 .rodata._printf_i.str1.1
                0x080092ab       0x22 /home/bdang/toolchains/gcc-arm-none-eabi-14.3/bin/../lib/gcc/arm-none-eabi/14.3.1/../../../../arm-none-eabi/lib/thumb/v7-m/nofp/libc_nano.a(libc_a-nano-vfprintf_i.o)
                0x080092d0                        . = ALIGN (0x4)
 *fill*         0x080092ab        0x1 

.ARM.extab
 *(.ARM.extab* .gnu.linkonce.armextab.*)

.ARM            0x080092ac        0x8
                0x080092ac                        __exidx_start = .
 *(.ARM.exidx*)
 .ARM.exidx     0x080092ac        0x8 /home/bdang/toolchains/gcc-arm-none-eabi-14.3/bin/../lib/gcc/arm-none-eabi/14.3.1/../../../../arm-none-eabi/lib/thumb/v7-m/nofp/libc_nano.a(libc_a-strlen.o)
                0x080092b4                        __exidx_end = .

.rel.dyn        0x080092b4        0x0
 .rel.iplt      0x080092b4        0x0 /home/bdang/toolchains/gcc-arm-none-eabi-14.3/bin/../lib/gcc/arm-none-eabi/14.3.1/thumb/v7-m/nofp/crtbegin.o

.preinit_array  0x080092b4        0x0
                0x080092b4                        PROVIDE (__preinit_array_start = .)
 *(.preinit_array*)
                0x080092b4                        PROVIDE (__preinit_array_end = .)

.init_array     0x080092b4        0x4
                0x080092b4                        PROVIDE (__init_array_start = .)
 *(SORT_BY_NAME(.init_array.*))
 *(.init_array*)
 .init_array    0x080092b4        0x4 /home/bdang/toolchains/gcc-arm-none-eabi-14.3/bin/../lib/gcc/arm-none-eabi/14.3.1/thumb/v7-m/nofp/crtbegin.o
                0x080092b8                        PROVIDE (__init_array_end = .)

.fini_array     0x080092b8        0x4
                [!provide]                        PROVIDE (__fini_array_start = .)
 *(SORT_BY_NAME(.fini_array.*))
 *(.fini_array*)
 .fini_array    0x080092b8        0x4 /home/bdang/toolchains/gcc-arm-none-eabi-14.3/bin/../lib/gcc/arm-none-eabi/14.3.1/thumb/v7-m/nofp/crtbegin.o
                [!provide]                        PROVIDE (__fini_array_end = .)
                0x080092bc                        _sidata = LOADADDR (.data)

.data           0x20000000      0x2bc load address 0x080092bc
                0x20000000                        . = ALIGN (0x4)
                0x20000000                        _sdata = .
 *(.data)
 *(.data*)
 .data.SystemCoreClock
                0x20000000        0x4 z_build/c_hardware/Device/src/system_stm32f10x.o
                0x20000000                SystemCoreClock
 .data.http_buff_ptr
                0x20000004        0x4 z_build/b_middleware/gsm_driver/gsm_at_engine.o
                0x20000004                http_buff_ptr
 .data.sim_entity
                0x20000008       0x1a z_build/b_middleware/gsm_driver/gsm_entity.o
                0x20000008                sim_entity
 *fill*         0x20000022        0x2 
 .data.response_event_queue
                0x20000024      0x206 z_build/b_middleware/gsm_driver/gsm_event.o
                0x20000024                response_event_queue
 *fill*         0x2000022a        0x2 
 .data.ota_url  0x2000022c       0x40 z_build/a_application/ota_task/ota_task.o
 .data._impure_ptr
                0x2000026c        0x4 /home/bdang/toolchains/gcc-arm-none-eabi-14.3/bin/../lib/gcc/arm-none-eabi/14.3.1/../../../../arm-none-eabi/lib/thumb/v7-m/nofp/libc_nano.a(libc_a-impure.o)
                0x2000026c                _impure_ptr
 .data._impure_data
                0x20000270       0x4c /home/bdang/toolchains/gcc-arm-none-eabi-14.3/bin/../lib/gcc/arm-none-eabi/14.3.1/../../../../arm-none-eabi/lib/thumb/v7-m/nofp/libc_nano.a(libc_a-impure.o)
                0x20000270                _impure_data
                0x200002bc                        . = ALIGN (0x4)
                0x200002bc                        _edata = .

.tm_clone_table
                0x200002bc        0x0 load address 0x08009578
 .tm_clone_table
                0x200002bc        0x0 /home/bdang/toolchains/gcc-arm-none-eabi-14.3/bin/../lib/gcc/arm-none-eabi/14.3.1/thumb/v7-m/nofp/crtbegin.o
 .tm_clone_table
                0x200002bc        0x0 /home/bdang/toolchains/gcc-arm-none-eabi-14.3/bin/../lib/gcc/arm-none-eabi/14.3.1/thumb/v7-m/nofp/crtend.o

.igot.plt       0x200002bc        0x0 load address 0x08009578
 .igot.plt      0x200002bc        0x0 /home/bdang/toolchains/gcc-arm-none-eabi-14.3/bin/../lib/gcc/arm-none-eabi/14.3.1/thumb/v7-m/nofp/crtbegin.o
                0x200002bc                        . = ALIGN (0x4)

.bss            0x200002bc      0xd2c load address 0x08009578
                0x200002bc                        _sbss = .
                0x200002bc                        __bss_start__ = _sbss
 *(.bss)
 *(.bss*)
 .bss.completed.1
                0x200002bc        0x1 /home/bdang/toolchains/gcc-arm-none-eabi-14.3/bin/../lib/gcc/arm-none-eabi/14.3.1/thumb/v7-m/nofp/crtbegin.o
 *fill*         0x200002bd        0x3 
 .bss.object.0  0x200002c0       0x18 /home/bdang/toolchains/gcc-arm-none-eabi-14.3/bin/../lib/gcc/arm-none-eabi/14.3.1/thumb/v7-m/nofp/crtbegin.o
 .bss.msTicks   0x200002d8        0x4 z_build/c_hardware/Device/src/systick.o
                0x200002d8                msTicks
 .bss.cur_w25_addr
                0x200002dc        0x4 z_build/b_middleware/w25q32_driver/w25q32_driver.o
                0x200002dc                cur_w25_addr
 .bss.is_busy   0x200002e0        0x1 z_build/b_middleware/gsm_driver/gsm_at_engine.o
 *fill*         0x200002e1        0x3 
 .bss.executing_cmd
                0x200002e4       0xac z_build/b_middleware/gsm_driver/gsm_at_engine.o
 .bss.line_len.1
                0x20000390        0x2 z_build/b_middleware/gsm_driver/gsm_at_engine.o
 *fill*         0x20000392        0x2 
 .bss.line_buff.0
                0x20000394      0x400 z_build/b_middleware/gsm_driver/gsm_at_engine.o
 .bss.gsm_state
                0x20000794        0x1 z_build/b_middleware/gsm_driver/gsm.o
                0x20000794                gsm_state
 *fill*         0x20000795        0x3 
 .bss.at_rb     0x20000798       0x18 z_build/b_middleware/gsm_driver/gsm.o
                0x20000798                at_rb
 .bss.at_rb_buff
                0x200007b0      0x400 z_build/b_middleware/gsm_driver/gsm.o
                0x200007b0                at_rb_buff
 .bss.decision_flag
                0x20000bb0        0x9 z_build/b_middleware/gsm_driver/gsm.o
                0x20000bb0                decision_flag
 .bss.sharedStep
                0x20000bb9        0x1 z_build/b_middleware/gsm_driver/gsm_common.o
 .bss.sharedTimeout_count
                0x20000bba        0x1 z_build/b_middleware/gsm_driver/gsm_common.o
 *fill*         0x20000bbb        0x1 
 .bss.http_action_entity
                0x20000bbc        0xc z_build/b_middleware/gsm_driver/gsm_entity.o
                0x20000bbc                http_action_entity
 .bss.http_data_buff
                0x20000bc8      0x280 z_build/b_middleware/gsm_driver/gsm_http.o
                0x20000bc8                http_data_buff
 .bss.http_state
                0x20000e48        0x1 z_build/b_middleware/gsm_driver/gsm_http.o
                0x20000e48                http_state
 *fill*         0x20000e49        0x3 
 .bss.http_reading_chunk
                0x20000e4c        0x4 z_build/b_middleware/gsm_driver/gsm_http.o
                0x20000e4c                http_reading_chunk
 .bss.sharedStep
                0x20000e50        0x1 z_build/b_middleware/gsm_driver/gsm_http.o
 *fill*         0x20000e51        0x3 
 .bss.offset_str.3
                0x20000e54        0xc z_build/b_middleware/gsm_driver/gsm_http.o
 .bss.chunk_str.2
                0x20000e60        0xc z_build/b_middleware/gsm_driver/gsm_http.o
 .bss.cmd_buf.1
                0x20000e6c       0x20 z_build/b_middleware/gsm_driver/gsm_http.o
 .bss.timeout_count.0
                0x20000e8c        0x1 z_build/b_middleware/gsm_driver/gsm_http.o
 .bss.sharedStep
                0x20000e8d        0x1 z_build/a_application/ota_task/ota_task.o
 *fill*         0x20000e8e        0x2 
 .bss.cur_offset
                0x20000e90        0x4 z_build/a_application/ota_task/ota_task.o
 .bss.chunk     0x20000e94        0x4 z_build/a_application/ota_task/ota_task.o
 .bss.cur_task  0x20000e98        0x1 z_build/main.o
                0x20000e98                cur_task
 *fill*         0x20000e99        0x3 
 .bss.__sf      0x20000e9c      0x138 /home/bdang/toolchains/gcc-arm-none-eabi-14.3/bin/../lib/gcc/arm-none-eabi/14.3.1/../../../../arm-none-eabi/lib/thumb/v7-m/nofp/libc_nano.a(libc_a-findfp.o)
                0x20000e9c                __sf
 .bss.errno     0x20000fd4        0x4 /home/bdang/toolchains/gcc-arm-none-eabi-14.3/bin/../lib/gcc/arm-none-eabi/14.3.1/../../../../arm-none-eabi/lib/thumb/v7-m/nofp/libc_nano.a(libc_a-reent.o)
                0x20000fd4                errno
 .bss.__lock___malloc_recursive_mutex
                0x20000fd8        0x1 /home/bdang/toolchains/gcc-arm-none-eabi-14.3/bin/../lib/gcc/arm-none-eabi/14.3.1/../../../../arm-none-eabi/lib/thumb/v7-m/nofp/libc_nano.a(libc_a-lock.o)
                0x20000fd8                __lock___malloc_recursive_mutex
 *fill*         0x20000fd9        0x3 
 .bss.__malloc_sbrk_start
                0x20000fdc        0x4 /home/bdang/toolchains/gcc-arm-none-eabi-14.3/bin/../lib/gcc/arm-none-eabi/14.3.1/../../../../arm-none-eabi/lib/thumb/v7-m/nofp/libc_nano.a(libc_a-mallocr.o)
                0x20000fdc                __malloc_sbrk_start
 .bss.__malloc_free_list
                0x20000fe0        0x4 /home/bdang/toolchains/gcc-arm-none-eabi-14.3/bin/../lib/gcc/arm-none-eabi/14.3.1/../../../../arm-none-eabi/lib/thumb/v7-m/nofp/libc_nano.a(libc_a-mallocr.o)
                0x20000fe0                __malloc_free_list
 .bss.heap_end.0
                0x20000fe4        0x4 /home/bdang/toolchains/gcc-arm-none-eabi-14.3/bin/../lib/gcc/arm-none-eabi/14.3.1/../../../../arm-none-eabi/lib/thumb/v7-m/nofp/libnosys.a(sbrk.o)
 *(COMMON)
                0x20000fe8                        . = ALIGN (0x4)
                0x20000fe8                        _ebss = .
                0x20000fe8                        __bss_end__ = _ebss

._user_heap_stack
                0x20000fe8      0x100 load address 0x08009578
                0x20000fe8                        . = ALIGN (0x4)
                0x20000fe8                        PROVIDE (end = .)
                [!provide]                        PROVIDE (_end = .)
                0x20000fe8                        . = (. + _Min_Heap_Size)
                0x200010e8                        . = (. + _Min_Stack_Size)
 *fill*         0x20000fe8      0x100 
                0x200010e8                        . = ALIGN (0x4)

.memory_b1_text
 *(.mb1text)
 *(.mb1text*)
 *(.mb1rodata)
 *(.mb1rodata*)

/DISCARD/
 libc.a(*)
 libm.a(*)
 libgcc.a(*)

.ARM.attributes
                0x00000000       0x29
 *(.ARM.attributes)
 .ARM.attributes
                0x00000000       0x1d /home/bdang/toolchains/gcc-arm-none-eabi-14.3/bin/../lib/gcc/arm-none-eabi/14.3.1/thumb/v7-m/nofp/crti.o
 .ARM.attributes
                0x0000001d       0x2d /home/bdang/toolchains/gcc-arm-none-eabi-14.3/bin/../lib/gcc/arm-none-eabi/14.3.1/thumb/v7-m/nofp/crtbegin.o
 .ARM.attributes
                0x0000004a       0x2d z_build/y_thirdparty/lwrb/lwrb.o
 .ARM.attributes
                0x00000077       0x2d z_build/y_thirdparty/string_handler/string_handler.o
 .ARM.attributes
                0x000000a4       0x2d z_build/c_hardware/Device/src/a7670c_hardware.o
 .ARM.attributes
                0x000000d1       0x2d z_build/c_hardware/Device/src/hardware_init.o
 .ARM.attributes
                0x000000fe       0x2d z_build/c_hardware/Device/src/stm32f1xx_it.o
 .ARM.attributes
                0x0000012b       0x2d z_build/c_hardware/Device/src/system_stm32f10x.o
 .ARM.attributes
                0x00000158       0x2d z_build/c_hardware/Device/src/tty_hardware.o
 .ARM.attributes
                0x00000185       0x2d z_build/c_hardware/Device/src/w25q32_hardware.o
 .ARM.attributes
                0x000001b2       0x2d z_build/c_hardware/Device/src/led_hardware.o
 .ARM.attributes
                0x000001df       0x2d z_build/c_hardware/Device/src/systick.o
 .ARM.attributes
                0x0000020c       0x2d z_build/c_hardware/SPL/src/misc.o
 .ARM.attributes
                0x00000239       0x2d z_build/c_hardware/SPL/src/stm32f10x_gpio.o
 .ARM.attributes
                0x00000266       0x2d z_build/c_hardware/SPL/src/stm32f10x_rcc.o
 .ARM.attributes
                0x00000293       0x2d z_build/c_hardware/SPL/src/stm32f10x_usart.o
 .ARM.attributes
                0x000002c0       0x2d z_build/c_hardware/SPL/src/stm32f10x_spi.o
 .ARM.attributes
                0x000002ed       0x2d z_build/c_hardware/SPL/src/stm32f10x_flash.o
 .ARM.attributes
                0x0000031a       0x2d z_build/b_middleware/debugger/debugger.o
 .ARM.attributes
                0x00000347       0x2d z_build/b_middleware/spi_driver/spi_driver.o
 .ARM.attributes
                0x00000374       0x2d z_build/b_middleware/usart_driver/usart_driver.o
 .ARM.attributes
                0x000003a1       0x2d z_build/b_middleware/w25q32_driver/w25q32_driver.o
 .ARM.attributes
                0x000003ce       0x2d z_build/b_middleware/gsm_driver/gsm_at_engine.o
 .ARM.attributes
                0x000003fb       0x2d z_build/b_middleware/gsm_driver/gsm.o
 .ARM.attributes
                0x00000428       0x2d z_build/b_middleware/gsm_driver/gsm_cb.o
 .ARM.attributes
                0x00000455       0x2d z_build/b_middleware/gsm_driver/gsm_common.o
 .ARM.attributes
                0x00000482       0x2d z_build/b_middleware/gsm_driver/gsm_entity.o
 .ARM.attributes
                0x000004af       0x2d z_build/b_middleware/gsm_driver/gsm_event.o
 .ARM.attributes
                0x000004dc       0x2d z_build/b_middleware/gsm_driver/gsm_http.o
 .ARM.attributes
                0x00000509       0x2d z_build/a_application/ota_task/ota_task.o
 .ARM.attributes
                0x00000536       0x2d z_build/main.o
 .ARM.attributes
                0x00000563       0x21 z_build/startup/startup.o
 .ARM.attributes
                0x00000584       0x2d /home/bdang/toolchains/gcc-arm-none-eabi-14.3/bin/../lib/gcc/arm-none-eabi/14.3.1/../../../../arm-none-eabi/lib/thumb/v7-m/nofp/libc_nano.a(libc_a-findfp.o)
 .ARM.attributes
                0x000005b1       0x2d /home/bdang/toolchains/gcc-arm-none-eabi-14.3/bin/../lib/gcc/arm-none-eabi/14.3.1/../../../../arm-none-eabi/lib/thumb/v7-m/nofp/libc_nano.a(libc_a-snprintf.o)
 .ARM.attributes
                0x000005de       0x2d /home/bdang/toolchains/gcc-arm-none-eabi-14.3/bin/../lib/gcc/arm-none-eabi/14.3.1/../../../../arm-none-eabi/lib/thumb/v7-m/nofp/libc_nano.a(libc_a-vsnprintf.o)
 .ARM.attributes
                0x0000060b       0x2d /home/bdang/toolchains/gcc-arm-none-eabi-14.3/bin/../lib/gcc/arm-none-eabi/14.3.1/../../../../arm-none-eabi/lib/thumb/v7-m/nofp/libc_nano.a(libc_a-memset.o)
 .ARM.attributes
                0x00000638       0x2d /home/bdang/toolchains/gcc-arm-none-eabi-14.3/bin/../lib/gcc/arm-none-eabi/14.3.1/../../../../arm-none-eabi/lib/thumb/v7-m/nofp/libc_nano.a(libc_a-strncmp.o)
 .ARM.attributes
                0x00000665       0x2d /home/bdang/toolchains/gcc-arm-none-eabi-14.3/bin/../lib/gcc/arm-none-eabi/14.3.1/../../../../arm-none-eabi/lib/thumb/v7-m/nofp/libc_nano.a(libc_a-strstr.o)
 .ARM.attributes
                0x00000692       0x2d /home/bdang/toolchains/gcc-arm-none-eabi-14.3/bin/../lib/gcc/arm-none-eabi/14.3.1/../../../../arm-none-eabi/lib/thumb/v7-m/nofp/libc_nano.a(libc_a-reent.o)
 .ARM.attributes
                0x000006bf       0x2d /home/bdang/toolchains/gcc-arm-none-eabi-14.3/bin/../lib/gcc/arm-none-eabi/14.3.1/../../../../arm-none-eabi/lib/thumb/v7-m/nofp/libc_nano.a(libc_a-impure.o)
 .ARM.attributes
                0x000006ec       0x2d /home/bdang/toolchains/gcc-arm-none-eabi-14.3/bin/../lib/gcc/arm-none-eabi/14.3.1/../../../../arm-none-eabi/lib/thumb/v7-m/nofp/libc_nano.a(libc_a-init.o)
 .ARM.attributes
                0x00000719       0x2d /home/bdang/toolchains/gcc-arm-none-eabi-14.3/bin/../lib/gcc/arm-none-eabi/14.3.1/../../../../arm-none-eabi/lib/thumb/v7-m/nofp/libc_nano.a(libc_a-lock.o)
 .ARM.attributes
                0x00000746       0x2d /home/bdang/toolchains/gcc-arm-none-eabi-14.3/bin/../lib/gcc/arm-none-eabi/14.3.1/../../../../arm-none-eabi/lib/thumb/v7-m/nofp/libc_nano.a(libc_a-strcpy.o)
 .ARM.attributes
                0x00000773       0x2d /home/bdang/toolchains/gcc-arm-none-eabi-14.3/bin/../lib/gcc/arm-none-eabi/14.3.1/../../../../arm-none-eabi/lib/thumb/v7-m/nofp/libc_nano.a(libc_a-memcpy-stub.o)
 .ARM.attributes
                0x000007a0       0x17 /home/bdang/toolchains/gcc-arm-none-eabi-14.3/bin/../lib/gcc/arm-none-eabi/14.3.1/../../../../arm-none-eabi/lib/thumb/v7-m/nofp/libc_nano.a(libc_a-strlen.o)
 .ARM.attributes
                0x000007b7       0x2d /home/bdang/toolchains/gcc-arm-none-eabi-14.3/bin/../lib/gcc/arm-none-eabi/14.3.1/../../../../arm-none-eabi/lib/thumb/v7-m/nofp/libc_nano.a(libc_a-freer.o)
 .ARM.attributes
                0x000007e4       0x2d /home/bdang/toolchains/gcc-arm-none-eabi-14.3/bin/../lib/gcc/arm-none-eabi/14.3.1/../../../../arm-none-eabi/lib/thumb/v7-m/nofp/libc_nano.a(libc_a-mallocr.o)
 .ARM.attributes
                0x00000811       0x2d /home/bdang/toolchains/gcc-arm-none-eabi-14.3/bin/../lib/gcc/arm-none-eabi/14.3.1/../../../../arm-none-eabi/lib/thumb/v7-m/nofp/libc_nano.a(libc_a-mlock.o)
 .ARM.attributes
                0x0000083e       0x2d /home/bdang/toolchains/gcc-arm-none-eabi-14.3/bin/../lib/gcc/arm-none-eabi/14.3.1/../../../../arm-none-eabi/lib/thumb/v7-m/nofp/libc_nano.a(libc_a-nano-svfprintf.o)
 .ARM.attributes
                0x0000086b       0x2d /home/bdang/toolchains/gcc-arm-none-eabi-14.3/bin/../lib/gcc/arm-none-eabi/14.3.1/../../../../arm-none-eabi/lib/thumb/v7-m/nofp/libc_nano.a(libc_a-nano-vfprintf_i.o)
 .ARM.attributes
                0x00000898       0x2d /home/bdang/toolchains/gcc-arm-none-eabi-14.3/bin/../lib/gcc/arm-none-eabi/14.3.1/../../../../arm-none-eabi/lib/thumb/v7-m/nofp/libc_nano.a(libc_a-memmove.o)
 .ARM.attributes
                0x000008c5       0x2d /home/bdang/toolchains/gcc-arm-none-eabi-14.3/bin/../lib/gcc/arm-none-eabi/14.3.1/../../../../arm-none-eabi/lib/thumb/v7-m/nofp/libc_nano.a(libc_a-sbrkr.o)
 .ARM.attributes
                0x000008f2       0x2d /home/bdang/toolchains/gcc-arm-none-eabi-14.3/bin/../lib/gcc/arm-none-eabi/14.3.1/../../../../arm-none-eabi/lib/thumb/v7-m/nofp/libc_nano.a(libc_a-memchr-stub.o)
 .ARM.attributes
                0x0000091f       0x2d /home/bdang/toolchains/gcc-arm-none-eabi-14.3/bin/../lib/gcc/arm-none-eabi/14.3.1/../../../../arm-none-eabi/lib/thumb/v7-m/nofp/libc_nano.a(libc_a-reallocr.o)
 .ARM.attributes
                0x0000094c       0x2d /home/bdang/toolchains/gcc-arm-none-eabi-14.3/bin/../lib/gcc/arm-none-eabi/14.3.1/../../../../arm-none-eabi/lib/thumb/v7-m/nofp/libc_nano.a(libc_a-msizer.o)
 .ARM.attributes
                0x00000979       0x2d /home/bdang/toolchains/gcc-arm-none-eabi-14.3/bin/../lib/gcc/arm-none-eabi/14.3.1/../../../../arm-none-eabi/lib/thumb/v7-m/nofp/libnosys.a(sbrk.o)
 .ARM.attributes
                0x000009a6       0x2d /home/bdang/toolchains/gcc-arm-none-eabi-14.3/bin/../lib/gcc/arm-none-eabi/14.3.1/thumb/v7-m/nofp/crtend.o
 .ARM.attributes
                0x000009d3       0x1d /home/bdang/toolchains/gcc-arm-none-eabi-14.3/bin/../lib/gcc/arm-none-eabi/14.3.1/thumb/v7-m/nofp/crtn.o
OUTPUT(z_build/a7670c.elf elf32-littlearm)
LOAD linker stubs
LOAD /home/bdang/toolchains/gcc-arm-none-eabi-14.3/bin/../lib/gcc/arm-none-eabi/14.3.1/../../../../arm-none-eabi/lib/thumb/v7-m/nofp/libc.a
LOAD /home/bdang/toolchains/gcc-arm-none-eabi-14.3/bin/../lib/gcc/arm-none-eabi/14.3.1/../../../../arm-none-eabi/lib/thumb/v7-m/nofp/libm.a
LOAD /home/bdang/toolchains/gcc-arm-none-eabi-14.3/bin/../lib/gcc/arm-none-eabi/14.3.1/thumb/v7-m/nofp/libgcc.a

.debug_info     0x00000000     0x9cae
 .debug_info    0x00000000      0xdbd z_build/y_thirdparty/lwrb/lwrb.o
 .debug_info    0x00000dbd      0x30a z_build/y_thirdparty/string_handler/string_handler.o
 .debug_info    0x000010c7      0x681 z_build/c_hardware/Device/src/a7670c_hardware.o
 .debug_info    0x00001748      0x277 z_build/c_hardware/Device/src/hardware_init.o
 .debug_info    0x000019bf      0x5c3 z_build/c_hardware/Device/src/stm32f1xx_it.o
 .debug_info    0x00001f82      0x5e5 z_build/c_hardware/Device/src/system_stm32f10x.o
 .debug_info    0x00002567      0x3d6 z_build/c_hardware/Device/src/tty_hardware.o
 .debug_info    0x0000293d      0x451 z_build/c_hardware/Device/src/w25q32_hardware.o
 .debug_info    0x00002d8e      0x23d z_build/c_hardware/Device/src/led_hardware.o
 .debug_info    0x00002fcb      0x5ed z_build/c_hardware/Device/src/systick.o
 .debug_info    0x000035b8      0x4fa z_build/c_hardware/SPL/src/misc.o
 .debug_info    0x00003ab2      0x6da z_build/c_hardware/SPL/src/stm32f10x_gpio.o
 .debug_info    0x0000418c      0x858 z_build/c_hardware/SPL/src/stm32f10x_rcc.o
 .debug_info    0x000049e4      0x9f1 z_build/c_hardware/SPL/src/stm32f10x_usart.o
 .debug_info    0x000053d5      0x908 z_build/c_hardware/SPL/src/stm32f10x_spi.o
 .debug_info    0x00005cdd      0x773 z_build/c_hardware/SPL/src/stm32f10x_flash.o
 .debug_info    0x00006450      0x266 z_build/b_middleware/debugger/debugger.o
 .debug_info    0x000066b6      0x23e z_build/b_middleware/spi_driver/spi_driver.o
 .debug_info    0x000068f4      0x204 z_build/b_middleware/usart_driver/usart_driver.o
 .debug_info    0x00006af8      0x38f z_build/b_middleware/w25q32_driver/w25q32_driver.o
 .debug_info    0x00006e87      0x86b z_build/b_middleware/gsm_driver/gsm_at_engine.o
 .debug_info    0x000076f2      0x500 z_build/b_middleware/gsm_driver/gsm.o
 .debug_info    0x00007bf2      0x353 z_build/b_middleware/gsm_driver/gsm_cb.o
 .debug_info    0x00007f45      0x794 z_build/b_middleware/gsm_driver/gsm_common.o
 .debug_info    0x000086d9      0x2c7 z_build/b_middleware/gsm_driver/gsm_entity.o
 .debug_info    0x000089a0      0x31d z_build/b_middleware/gsm_driver/gsm_event.o
 .debug_info    0x00008cbd      0x6f8 z_build/b_middleware/gsm_driver/gsm_http.o
 .debug_info    0x000093b5      0x541 z_build/a_application/ota_task/ota_task.o
 .debug_info    0x000098f6      0x388 z_build/main.o
 .debug_info    0x00009c7e       0x30 z_build/startup/startup.o

.debug_abbrev   0x00000000     0x317e
 .debug_abbrev  0x00000000      0x21e z_build/y_thirdparty/lwrb/lwrb.o
 .debug_abbrev  0x0000021e      0x136 z_build/y_thirdparty/string_handler/string_handler.o
 .debug_abbrev  0x00000354      0x194 z_build/c_hardware/Device/src/a7670c_hardware.o
 .debug_abbrev  0x000004e8       0xe8 z_build/c_hardware/Device/src/hardware_init.o
 .debug_abbrev  0x000005d0      0x1e7 z_build/c_hardware/Device/src/stm32f1xx_it.o
 .debug_abbrev  0x000007b7      0x1fb z_build/c_hardware/Device/src/system_stm32f10x.o
 .debug_abbrev  0x000009b2      0x146 z_build/c_hardware/Device/src/tty_hardware.o
 .debug_abbrev  0x00000af8      0x145 z_build/c_hardware/Device/src/w25q32_hardware.o
 .debug_abbrev  0x00000c3d      0x12c z_build/c_hardware/Device/src/led_hardware.o
 .debug_abbrev  0x00000d69      0x203 z_build/c_hardware/Device/src/systick.o
 .debug_abbrev  0x00000f6c      0x17f z_build/c_hardware/SPL/src/misc.o
 .debug_abbrev  0x000010eb      0x217 z_build/c_hardware/SPL/src/stm32f10x_gpio.o
 .debug_abbrev  0x00001302      0x1e3 z_build/c_hardware/SPL/src/stm32f10x_rcc.o
 .debug_abbrev  0x000014e5      0x1bf z_build/c_hardware/SPL/src/stm32f10x_usart.o
 .debug_abbrev  0x000016a4      0x1dc z_build/c_hardware/SPL/src/stm32f10x_spi.o
 .debug_abbrev  0x00001880      0x1b6 z_build/c_hardware/SPL/src/stm32f10x_flash.o
 .debug_abbrev  0x00001a36      0x158 z_build/b_middleware/debugger/debugger.o
 .debug_abbrev  0x00001b8e      0x114 z_build/b_middleware/spi_driver/spi_driver.o
 .debug_abbrev  0x00001ca2      0x12a z_build/b_middleware/usart_driver/usart_driver.o
 .debug_abbrev  0x00001dcc      0x186 z_build/b_middleware/w25q32_driver/w25q32_driver.o
 .debug_abbrev  0x00001f52      0x26f z_build/b_middleware/gsm_driver/gsm_at_engine.o
 .debug_abbrev  0x000021c1      0x27c z_build/b_middleware/gsm_driver/gsm.o
 .debug_abbrev  0x0000243d      0x1b4 z_build/b_middleware/gsm_driver/gsm_cb.o
 .debug_abbrev  0x000025f1      0x23c z_build/b_middleware/gsm_driver/gsm_common.o
 .debug_abbrev  0x0000282d       0xef z_build/b_middleware/gsm_driver/gsm_entity.o
 .debug_abbrev  0x0000291c      0x198 z_build/b_middleware/gsm_driver/gsm_event.o
 .debug_abbrev  0x00002ab4      0x265 z_build/b_middleware/gsm_driver/gsm_http.o
 .debug_abbrev  0x00002d19      0x25c z_build/a_application/ota_task/ota_task.o
 .debug_abbrev  0x00002f75      0x1e5 z_build/main.o
 .debug_abbrev  0x0000315a       0x24 z_build/startup/startup.o

.debug_aranges  0x00000000      0xad8
 .debug_aranges
                0x00000000       0xc0 z_build/y_thirdparty/lwrb/lwrb.o
 .debug_aranges
                0x000000c0       0x50 z_build/y_thirdparty/string_handler/string_handler.o
 .debug_aranges
                0x00000110       0x58 z_build/c_hardware/Device/src/a7670c_hardware.o
 .debug_aranges
                0x00000168       0x20 z_build/c_hardware/Device/src/hardware_init.o
 .debug_aranges
                0x00000188       0x58 z_build/c_hardware/Device/src/stm32f1xx_it.o
 .debug_aranges
                0x000001e0       0x40 z_build/c_hardware/Device/src/system_stm32f10x.o
 .debug_aranges
                0x00000220       0x28 z_build/c_hardware/Device/src/tty_hardware.o
 .debug_aranges
                0x00000248       0x28 z_build/c_hardware/Device/src/w25q32_hardware.o
 .debug_aranges
                0x00000270       0x20 z_build/c_hardware/Device/src/led_hardware.o
 .debug_aranges
                0x00000290       0x40 z_build/c_hardware/Device/src/systick.o
 .debug_aranges
                0x000002d0       0x40 z_build/c_hardware/SPL/src/misc.o
 .debug_aranges
                0x00000310       0xa8 z_build/c_hardware/SPL/src/stm32f10x_gpio.o
 .debug_aranges
                0x000003b8      0x118 z_build/c_hardware/SPL/src/stm32f10x_rcc.o
 .debug_aranges
                0x000004d0      0x100 z_build/c_hardware/SPL/src/stm32f10x_usart.o
 .debug_aranges
                0x000005d0       0xd0 z_build/c_hardware/SPL/src/stm32f10x_spi.o
 .debug_aranges
                0x000006a0       0xf8 z_build/c_hardware/SPL/src/stm32f10x_flash.o
 .debug_aranges
                0x00000798       0x28 z_build/b_middleware/debugger/debugger.o
 .debug_aranges
                0x000007c0       0x20 z_build/b_middleware/spi_driver/spi_driver.o
 .debug_aranges
                0x000007e0       0x20 z_build/b_middleware/usart_driver/usart_driver.o
 .debug_aranges
                0x00000800       0x78 z_build/b_middleware/w25q32_driver/w25q32_driver.o
 .debug_aranges
                0x00000878       0x50 z_build/b_middleware/gsm_driver/gsm_at_engine.o
 .debug_aranges
                0x000008c8       0x50 z_build/b_middleware/gsm_driver/gsm.o
 .debug_aranges
                0x00000918       0x20 z_build/b_middleware/gsm_driver/gsm_cb.o
 .debug_aranges
                0x00000938       0x48 z_build/b_middleware/gsm_driver/gsm_common.o
 .debug_aranges
                0x00000980       0x40 z_build/b_middleware/gsm_driver/gsm_entity.o
 .debug_aranges
                0x000009c0       0x40 z_build/b_middleware/gsm_driver/gsm_event.o
 .debug_aranges
                0x00000a00       0x40 z_build/b_middleware/gsm_driver/gsm_http.o
 .debug_aranges
                0x00000a40       0x38 z_build/a_application/ota_task/ota_task.o
 .debug_aranges
                0x00000a78       0x38 z_build/main.o
 .debug_aranges
                0x00000ab0       0x28 z_build/startup/startup.o

.debug_rnglists
                0x00000000      0x8af
 .debug_rnglists
                0x00000000       0x93 z_build/y_thirdparty/lwrb/lwrb.o
 .debug_rnglists
                0x00000093       0x3b z_build/y_thirdparty/string_handler/string_handler.o
 .debug_rnglists
                0x000000ce       0x3d z_build/c_hardware/Device/src/a7670c_hardware.o
 .debug_rnglists
                0x0000010b       0x13 z_build/c_hardware/Device/src/hardware_init.o
 .debug_rnglists
                0x0000011e       0x3d z_build/c_hardware/Device/src/stm32f1xx_it.o
 .debug_rnglists
                0x0000015b       0x2d z_build/c_hardware/Device/src/system_stm32f10x.o
 .debug_rnglists
                0x00000188       0x1a z_build/c_hardware/Device/src/tty_hardware.o
 .debug_rnglists
                0x000001a2       0x1a z_build/c_hardware/Device/src/w25q32_hardware.o
 .debug_rnglists
                0x000001bc       0x13 z_build/c_hardware/Device/src/led_hardware.o
 .debug_rnglists
                0x000001cf       0x2b z_build/c_hardware/Device/src/systick.o
 .debug_rnglists
                0x000001fa       0x2c z_build/c_hardware/SPL/src/misc.o
 .debug_rnglists
                0x00000226       0x7d z_build/c_hardware/SPL/src/stm32f10x_gpio.o
 .debug_rnglists
                0x000002a3       0xce z_build/c_hardware/SPL/src/stm32f10x_rcc.o
 .debug_rnglists
                0x00000371       0xbf z_build/c_hardware/SPL/src/stm32f10x_usart.o
 .debug_rnglists
                0x00000430       0x99 z_build/c_hardware/SPL/src/stm32f10x_spi.o
 .debug_rnglists
                0x000004c9       0xba z_build/c_hardware/SPL/src/stm32f10x_flash.o
 .debug_rnglists
                0x00000583       0x19 z_build/b_middleware/debugger/debugger.o
 .debug_rnglists
                0x0000059c       0x13 z_build/b_middleware/spi_driver/spi_driver.o
 .debug_rnglists
                0x000005af       0x13 z_build/b_middleware/usart_driver/usart_driver.o
 .debug_rnglists
                0x000005c2       0x57 z_build/b_middleware/w25q32_driver/w25q32_driver.o
 .debug_rnglists
                0x00000619       0x3b z_build/b_middleware/gsm_driver/gsm_at_engine.o
 .debug_rnglists
                0x00000654       0x3b z_build/b_middleware/gsm_driver/gsm.o
 .debug_rnglists
                0x0000068f       0x14 z_build/b_middleware/gsm_driver/gsm_cb.o
 .debug_rnglists
                0x000006a3      0x109 z_build/b_middleware/gsm_driver/gsm_common.o
 .debug_rnglists
                0x000007ac       0x2b z_build/b_middleware/gsm_driver/gsm_entity.o
 .debug_rnglists
                0x000007d7       0x2b z_build/b_middleware/gsm_driver/gsm_event.o
 .debug_rnglists
                0x00000802       0x48 z_build/b_middleware/gsm_driver/gsm_http.o
 .debug_rnglists
                0x0000084a       0x26 z_build/a_application/ota_task/ota_task.o
 .debug_rnglists
                0x00000870       0x26 z_build/main.o
 .debug_rnglists
                0x00000896       0x19 z_build/startup/startup.o

.debug_macro    0x00000000     0xf8cd
 .debug_macro   0x00000000      0x174 z_build/y_thirdparty/lwrb/lwrb.o
 .debug_macro   0x00000174      0xac6 z_build/y_thirdparty/lwrb/lwrb.o
 .debug_macro   0x00000c3a      0x190 z_build/y_thirdparty/lwrb/lwrb.o
 .debug_macro   0x00000dca       0x22 z_build/y_thirdparty/lwrb/lwrb.o
 .debug_macro   0x00000dec       0x8e z_build/y_thirdparty/lwrb/lwrb.o
 .debug_macro   0x00000e7a       0x51 z_build/y_thirdparty/lwrb/lwrb.o
 .debug_macro   0x00000ecb      0x103 z_build/y_thirdparty/lwrb/lwrb.o
 .debug_macro   0x00000fce       0x6a z_build/y_thirdparty/lwrb/lwrb.o
 .debug_macro   0x00001038      0x1df z_build/y_thirdparty/lwrb/lwrb.o
 .debug_macro   0x00001217       0x7b z_build/y_thirdparty/lwrb/lwrb.o
 .debug_macro   0x00001292       0x24 z_build/y_thirdparty/lwrb/lwrb.o
 .debug_macro   0x000012b6       0x3c z_build/y_thirdparty/lwrb/lwrb.o
 .debug_macro   0x000012f2       0x34 z_build/y_thirdparty/lwrb/lwrb.o
 .debug_macro   0x00001326      0x364 z_build/y_thirdparty/lwrb/lwrb.o
 .debug_macro   0x0000168a       0x16 z_build/y_thirdparty/lwrb/lwrb.o
 .debug_macro   0x000016a0       0x4a z_build/y_thirdparty/lwrb/lwrb.o
 .debug_macro   0x000016ea       0x34 z_build/y_thirdparty/lwrb/lwrb.o
 .debug_macro   0x0000171e       0x10 z_build/y_thirdparty/lwrb/lwrb.o
 .debug_macro   0x0000172e       0x58 z_build/y_thirdparty/lwrb/lwrb.o
 .debug_macro   0x00001786      0x1e5 z_build/y_thirdparty/lwrb/lwrb.o
 .debug_macro   0x0000196b       0x10 z_build/y_thirdparty/lwrb/lwrb.o
 .debug_macro   0x0000197b       0x3c z_build/y_thirdparty/lwrb/lwrb.o
 .debug_macro   0x000019b7      0x119 z_build/y_thirdparty/lwrb/lwrb.o
 .debug_macro   0x00001ad0       0x10 z_build/y_thirdparty/lwrb/lwrb.o
 .debug_macro   0x00001ae0      0x126 z_build/y_thirdparty/string_handler/string_handler.o
 .debug_macro   0x00001c06       0x75 z_build/y_thirdparty/string_handler/string_handler.o
 .debug_macro   0x00001c7b       0x94 z_build/y_thirdparty/string_handler/string_handler.o
 .debug_macro   0x00001d0f       0x57 z_build/y_thirdparty/string_handler/string_handler.o
 .debug_macro   0x00001d66      0x10c z_build/c_hardware/Device/src/a7670c_hardware.o
 .debug_macro   0x00001e72       0x5d z_build/c_hardware/Device/src/a7670c_hardware.o
 .debug_macro   0x00001ecf       0x34 z_build/c_hardware/Device/src/a7670c_hardware.o
 .debug_macro   0x00001f03       0x18 z_build/c_hardware/Device/src/a7670c_hardware.o
 .debug_macro   0x00001f1b      0x663 z_build/c_hardware/Device/src/a7670c_hardware.o
 .debug_macro   0x0000257e     0x7eb3 z_build/c_hardware/Device/src/a7670c_hardware.o
 .debug_macro   0x0000a431       0x97 z_build/c_hardware/Device/src/a7670c_hardware.o
 .debug_macro   0x0000a4c8      0x2d5 z_build/c_hardware/Device/src/a7670c_hardware.o
 .debug_macro   0x0000a79d      0x2ad z_build/c_hardware/Device/src/a7670c_hardware.o
 .debug_macro   0x0000aa4a      0x3e2 z_build/c_hardware/Device/src/a7670c_hardware.o
 .debug_macro   0x0000ae2c      0x2c4 z_build/c_hardware/Device/src/a7670c_hardware.o
 .debug_macro   0x0000b0f0      0x229 z_build/c_hardware/Device/src/a7670c_hardware.o
 .debug_macro   0x0000b319       0x8c z_build/c_hardware/Device/src/a7670c_hardware.o
 .debug_macro   0x0000b3a5       0x35 z_build/c_hardware/Device/src/a7670c_hardware.o
 .debug_macro   0x0000b3da       0x82 z_build/c_hardware/Device/src/a7670c_hardware.o
 .debug_macro   0x0000b45c      0x135 z_build/c_hardware/Device/src/hardware_init.o
 .debug_macro   0x0000b591       0x34 z_build/c_hardware/Device/src/hardware_init.o
 .debug_macro   0x0000b5c5       0x46 z_build/c_hardware/Device/src/hardware_init.o
 .debug_macro   0x0000b60b       0x88 z_build/c_hardware/Device/src/hardware_init.o
 .debug_macro   0x0000b693       0x1c z_build/c_hardware/Device/src/hardware_init.o
 .debug_macro   0x0000b6af      0x263 z_build/c_hardware/Device/src/stm32f1xx_it.o
 .debug_macro   0x0000b912       0x58 z_build/c_hardware/Device/src/stm32f1xx_it.o
 .debug_macro   0x0000b96a       0x1c z_build/c_hardware/Device/src/stm32f1xx_it.o
 .debug_macro   0x0000b986       0x1c z_build/c_hardware/Device/src/stm32f1xx_it.o
 .debug_macro   0x0000b9a2       0x16 z_build/c_hardware/Device/src/stm32f1xx_it.o
 .debug_macro   0x0000b9b8      0x170 z_build/c_hardware/Device/src/stm32f1xx_it.o
 .debug_macro   0x0000bb28       0x94 z_build/c_hardware/Device/src/stm32f1xx_it.o
 .debug_macro   0x0000bbbc      0x10a z_build/c_hardware/Device/src/system_stm32f10x.o
 .debug_macro   0x0000bcc6      0x10c z_build/c_hardware/Device/src/tty_hardware.o
 .debug_macro   0x0000bdd2       0x2e z_build/c_hardware/Device/src/tty_hardware.o
 .debug_macro   0x0000be00      0x10c z_build/c_hardware/Device/src/w25q32_hardware.o
 .debug_macro   0x0000bf0c       0x40 z_build/c_hardware/Device/src/w25q32_hardware.o
 .debug_macro   0x0000bf4c      0x10c z_build/c_hardware/Device/src/led_hardware.o
 .debug_macro   0x0000c058       0x16 z_build/c_hardware/Device/src/led_hardware.o
 .debug_macro   0x0000c06e      0x107 z_build/c_hardware/Device/src/systick.o
 .debug_macro   0x0000c175      0x10d z_build/c_hardware/SPL/src/misc.o
 .debug_macro   0x0000c282       0x86 z_build/c_hardware/SPL/src/misc.o
 .debug_macro   0x0000c308      0x155 z_build/c_hardware/SPL/src/stm32f10x_gpio.o
 .debug_macro   0x0000c45d      0x2a7 z_build/c_hardware/SPL/src/stm32f10x_gpio.o
 .debug_macro   0x0000c704      0x227 z_build/c_hardware/SPL/src/stm32f10x_rcc.o
 .debug_macro   0x0000c92b      0x3dc z_build/c_hardware/SPL/src/stm32f10x_rcc.o
 .debug_macro   0x0000cd07      0x1bb z_build/c_hardware/SPL/src/stm32f10x_usart.o
 .debug_macro   0x0000cec2      0x223 z_build/c_hardware/SPL/src/stm32f10x_usart.o
 .debug_macro   0x0000d0e5      0x16d z_build/c_hardware/SPL/src/stm32f10x_spi.o
 .debug_macro   0x0000d252      0x2be z_build/c_hardware/SPL/src/stm32f10x_spi.o
 .debug_macro   0x0000d510      0x19d z_build/c_hardware/SPL/src/stm32f10x_flash.o
 .debug_macro   0x0000d6ad      0x2cf z_build/c_hardware/SPL/src/stm32f10x_flash.o
 .debug_macro   0x0000d97c      0x269 z_build/b_middleware/debugger/debugger.o
 .debug_macro   0x0000dbe5      0x107 z_build/b_middleware/spi_driver/spi_driver.o
 .debug_macro   0x0000dcec      0x269 z_build/b_middleware/usart_driver/usart_driver.o
 .debug_macro   0x0000df55      0x129 z_build/b_middleware/w25q32_driver/w25q32_driver.o
 .debug_macro   0x0000e07e      0x2d0 z_build/b_middleware/gsm_driver/gsm_at_engine.o
 .debug_macro   0x0000e34e       0x22 z_build/b_middleware/gsm_driver/gsm_at_engine.o
 .debug_macro   0x0000e370       0x10 z_build/b_middleware/gsm_driver/gsm_at_engine.o
 .debug_macro   0x0000e380       0x16 z_build/b_middleware/gsm_driver/gsm_at_engine.o
 .debug_macro   0x0000e396       0x16 z_build/b_middleware/gsm_driver/gsm_at_engine.o
 .debug_macro   0x0000e3ac      0x2dc z_build/b_middleware/gsm_driver/gsm.o
 .debug_macro   0x0000e688      0x296 z_build/b_middleware/gsm_driver/gsm_cb.o
 .debug_macro   0x0000e91e      0x2e0 z_build/b_middleware/gsm_driver/gsm_common.o
 .debug_macro   0x0000ebfe      0x28b z_build/b_middleware/gsm_driver/gsm_entity.o
 .debug_macro   0x0000ee89      0x119 z_build/b_middleware/gsm_driver/gsm_event.o
 .debug_macro   0x0000efa2      0x2de z_build/b_middleware/gsm_driver/gsm_http.o
 .debug_macro   0x0000f280      0x301 z_build/a_application/ota_task/ota_task.o
 .debug_macro   0x0000f581       0x28 z_build/a_application/ota_task/ota_task.o
 .debug_macro   0x0000f5a9      0x324 z_build/main.o

.debug_line     0x00000000     0xb2ec
 .debug_line    0x00000000      0xa08 z_build/y_thirdparty/lwrb/lwrb.o
 .debug_line    0x00000a08      0x5b6 z_build/y_thirdparty/string_handler/string_handler.o
 .debug_line    0x00000fbe      0x450 z_build/c_hardware/Device/src/a7670c_hardware.o
 .debug_line    0x0000140e      0x391 z_build/c_hardware/Device/src/hardware_init.o
 .debug_line    0x0000179f      0x5d0 z_build/c_hardware/Device/src/stm32f1xx_it.o
 .debug_line    0x00001d6f      0x514 z_build/c_hardware/Device/src/system_stm32f10x.o
 .debug_line    0x00002283      0x36d z_build/c_hardware/Device/src/tty_hardware.o
 .debug_line    0x000025f0      0x35c z_build/c_hardware/Device/src/w25q32_hardware.o
 .debug_line    0x0000294c      0x332 z_build/c_hardware/Device/src/led_hardware.o
 .debug_line    0x00002c7e      0x3ee z_build/c_hardware/Device/src/systick.o
 .debug_line    0x0000306c      0x413 z_build/c_hardware/SPL/src/misc.o
 .debug_line    0x0000347f      0x6fe z_build/c_hardware/SPL/src/stm32f10x_gpio.o
 .debug_line    0x00003b7d      0x8ca z_build/c_hardware/SPL/src/stm32f10x_rcc.o
 .debug_line    0x00004447      0x88b z_build/c_hardware/SPL/src/stm32f10x_usart.o
 .debug_line    0x00004cd2      0x764 z_build/c_hardware/SPL/src/stm32f10x_spi.o
 .debug_line    0x00005436      0x92b z_build/c_hardware/SPL/src/stm32f10x_flash.o
 .debug_line    0x00005d61      0x514 z_build/b_middleware/debugger/debugger.o
 .debug_line    0x00006275      0x34f z_build/b_middleware/spi_driver/spi_driver.o
 .debug_line    0x000065c4      0x510 z_build/b_middleware/usart_driver/usart_driver.o
 .debug_line    0x00006ad4      0x56b z_build/b_middleware/w25q32_driver/w25q32_driver.o
 .debug_line    0x0000703f      0x9a1 z_build/b_middleware/gsm_driver/gsm_at_engine.o
 .debug_line    0x000079e0      0x847 z_build/b_middleware/gsm_driver/gsm.o
 .debug_line    0x00008227      0x5a1 z_build/b_middleware/gsm_driver/gsm_cb.o
 .debug_line    0x000087c8      0x9f8 z_build/b_middleware/gsm_driver/gsm_common.o
 .debug_line    0x000091c0      0x5ab z_build/b_middleware/gsm_driver/gsm_entity.o
 .debug_line    0x0000976b      0x44e z_build/b_middleware/gsm_driver/gsm_event.o
 .debug_line    0x00009bb9      0x83c z_build/b_middleware/gsm_driver/gsm_http.o
 .debug_line    0x0000a3f5      0x757 z_build/a_application/ota_task/ota_task.o
 .debug_line    0x0000ab4c      0x728 z_build/main.o
 .debug_line    0x0000b274       0x78 z_build/startup/startup.o

.debug_str      0x00000000    0x43d0c
 .debug_str     0x00000000    0x43d0c z_build/y_thirdparty/lwrb/lwrb.o
                               0x8110 (size before relaxing)
 .debug_str     0x00043d0c     0x6ce3 z_build/y_thirdparty/string_handler/string_handler.o
 .debug_str     0x00043d0c    0x3b5e2 z_build/c_hardware/Device/src/a7670c_hardware.o
 .debug_str     0x00043d0c    0x3b336 z_build/c_hardware/Device/src/hardware_init.o
 .debug_str     0x00043d0c    0x3fb06 z_build/c_hardware/Device/src/stm32f1xx_it.o
 .debug_str     0x00043d0c    0x3af72 z_build/c_hardware/Device/src/system_stm32f10x.o
 .debug_str     0x00043d0c    0x3b03f z_build/c_hardware/Device/src/tty_hardware.o
 .debug_str     0x00043d0c    0x3b0eb z_build/c_hardware/Device/src/w25q32_hardware.o
 .debug_str     0x00043d0c    0x3ae76 z_build/c_hardware/Device/src/led_hardware.o
 .debug_str     0x00043d0c    0x3b0e7 z_build/c_hardware/Device/src/systick.o
 .debug_str     0x00043d0c    0x3aef7 z_build/c_hardware/SPL/src/misc.o
 .debug_str     0x00043d0c    0x3b280 z_build/c_hardware/SPL/src/stm32f10x_gpio.o
 .debug_str     0x00043d0c    0x3b84f z_build/c_hardware/SPL/src/stm32f10x_rcc.o
 .debug_str     0x00043d0c    0x3b5b9 z_build/c_hardware/SPL/src/stm32f10x_usart.o
 .debug_str     0x00043d0c    0x3b3a9 z_build/c_hardware/SPL/src/stm32f10x_spi.o
 .debug_str     0x00043d0c    0x3b47c z_build/c_hardware/SPL/src/stm32f10x_flash.o
 .debug_str     0x00043d0c    0x3f963 z_build/b_middleware/debugger/debugger.o
 .debug_str     0x00043d0c    0x3ad93 z_build/b_middleware/spi_driver/spi_driver.o
 .debug_str     0x00043d0c    0x3f942 z_build/b_middleware/usart_driver/usart_driver.o
 .debug_str     0x00043d0c    0x3b26d z_build/b_middleware/w25q32_driver/w25q32_driver.o
 .debug_str     0x00043d0c    0x401e1 z_build/b_middleware/gsm_driver/gsm_at_engine.o
 .debug_str     0x00043d0c    0x40055 z_build/b_middleware/gsm_driver/gsm.o
 .debug_str     0x00043d0c    0x3fb56 z_build/b_middleware/gsm_driver/gsm_cb.o
 .debug_str     0x00043d0c    0x401de z_build/b_middleware/gsm_driver/gsm_common.o
 .debug_str     0x00043d0c    0x3fdbc z_build/b_middleware/gsm_driver/gsm_entity.o
 .debug_str     0x00043d0c    0x3ae93 z_build/b_middleware/gsm_driver/gsm_event.o
 .debug_str     0x00043d0c    0x40019 z_build/b_middleware/gsm_driver/gsm_http.o
 .debug_str     0x00043d0c    0x40035 z_build/a_application/ota_task/ota_task.o
 .debug_str     0x00043d0c    0x40009 z_build/main.o
 .debug_str     0x00043d0c       0x67 z_build/startup/startup.o

.comment        0x00000000       0x46
 .comment       0x00000000       0x46 z_build/y_thirdparty/lwrb/lwrb.o
                                 0x47 (size before relaxing)
 .comment       0x00000046       0x47 z_build/y_thirdparty/string_handler/string_handler.o
 .comment       0x00000046       0x47 z_build/c_hardware/Device/src/a7670c_hardware.o
 .comment       0x00000046       0x47 z_build/c_hardware/Device/src/hardware_init.o
 .comment       0x00000046       0x47 z_build/c_hardware/Device/src/stm32f1xx_it.o
 .comment       0x00000046       0x47 z_build/c_hardware/Device/src/system_stm32f10x.o
 .comment       0x00000046       0x47 z_build/c_hardware/Device/src/tty_hardware.o
 .comment       0x00000046       0x47 z_build/c_hardware/Device/src/w25q32_hardware.o
 .comment       0x00000046       0x47 z_build/c_hardware/Device/src/led_hardware.o
 .comment       0x00000046       0x47 z_build/c_hardware/Device/src/systick.o
 .comment       0x00000046       0x47 z_build/c_hardware/SPL/src/misc.o
 .comment       0x00000046       0x47 z_build/c_hardware/SPL/src/stm32f10x_gpio.o
 .comment       0x00000046       0x47 z_build/c_hardware/SPL/src/stm32f10x_rcc.o
 .comment       0x00000046       0x47 z_build/c_hardware/SPL/src/stm32f10x_usart.o
 .comment       0x00000046       0x47 z_build/c_hardware/SPL/src/stm32f10x_spi.o
 .comment       0x00000046       0x47 z_build/c_hardware/SPL/src/stm32f10x_flash.o
 .comment       0x00000046       0x47 z_build/b_middleware/debugger/debugger.o
 .comment       0x00000046       0x47 z_build/b_middleware/spi_driver/spi_driver.o
 .comment       0x00000046       0x47 z_build/b_middleware/usart_driver/usart_driver.o
 .comment       0x00000046       0x47 z_build/b_middleware/w25q32_driver/w25q32_driver.o
 .comment       0x00000046       0x47 z_build/b_middleware/gsm_driver/gsm_at_engine.o
 .comment       0x00000046       0x47 z_build/b_middleware/gsm_driver/gsm.o
 .comment       0x00000046       0x47 z_build/b_middleware/gsm_driver/gsm_cb.o
 .comment       0x00000046       0x47 z_build/b_middleware/gsm_driver/gsm_common.o
 .comment       0x00000046       0x47 z_build/b_middleware/gsm_driver/gsm_entity.o
 .comment       0x00000046       0x47 z_build/b_middleware/gsm_driver/gsm_event.o
 .comment       0x00000046       0x47 z_build/b_middleware/gsm_driver/gsm_http.o
 .comment       0x00000046       0x47 z_build/a_application/ota_task/ota_task.o
 .comment       0x00000046       0x47 z_build/main.o

.debug_frame    0x00000000     0x2d9c
 .debug_frame   0x00000000      0x334 z_build/y_thirdparty/lwrb/lwrb.o
 .debug_frame   0x00000334      0x114 z_build/y_thirdparty/string_handler/string_handler.o
 .debug_frame   0x00000448      0x128 z_build/c_hardware/Device/src/a7670c_hardware.o
 .debug_frame   0x00000570       0x2c z_build/c_hardware/Device/src/hardware_init.o
 .debug_frame   0x0000059c       0xfc z_build/c_hardware/Device/src/stm32f1xx_it.o
 .debug_frame   0x00000698       0xbc z_build/c_hardware/Device/src/system_stm32f10x.o
 .debug_frame   0x00000754       0x50 z_build/c_hardware/Device/src/tty_hardware.o
 .debug_frame   0x000007a4       0x54 z_build/c_hardware/Device/src/w25q32_hardware.o
 .debug_frame   0x000007f8       0x34 z_build/c_hardware/Device/src/led_hardware.o
 .debug_frame   0x0000082c       0xc8 z_build/c_hardware/Device/src/systick.o
 .debug_frame   0x000008f4       0xd8 z_build/c_hardware/SPL/src/misc.o
 .debug_frame   0x000009cc      0x2d0 z_build/c_hardware/SPL/src/stm32f10x_gpio.o
 .debug_frame   0x00000c9c      0x4f4 z_build/c_hardware/SPL/src/stm32f10x_rcc.o
 .debug_frame   0x00001190      0x490 z_build/c_hardware/SPL/src/stm32f10x_usart.o
 .debug_frame   0x00001620      0x3a0 z_build/c_hardware/SPL/src/stm32f10x_spi.o
 .debug_frame   0x000019c0      0x410 z_build/c_hardware/SPL/src/stm32f10x_flash.o
 .debug_frame   0x00001dd0       0x68 z_build/b_middleware/debugger/debugger.o
 .debug_frame   0x00001e38       0x34 z_build/b_middleware/spi_driver/spi_driver.o
 .debug_frame   0x00001e6c       0x34 z_build/b_middleware/usart_driver/usart_driver.o
 .debug_frame   0x00001ea0      0x190 z_build/b_middleware/w25q32_driver/w25q32_driver.o
 .debug_frame   0x00002030      0x114 z_build/b_middleware/gsm_driver/gsm_at_engine.o
 .debug_frame   0x00002144       0xe0 z_build/b_middleware/gsm_driver/gsm.o
 .debug_frame   0x00002224       0x34 z_build/b_middleware/gsm_driver/gsm_cb.o
 .debug_frame   0x00002258      0x104 z_build/b_middleware/gsm_driver/gsm_common.o
 .debug_frame   0x0000235c       0xc8 z_build/b_middleware/gsm_driver/gsm_entity.o
 .debug_frame   0x00002424       0xd0 z_build/b_middleware/gsm_driver/gsm_event.o
 .debug_frame   0x000024f4       0xdc z_build/b_middleware/gsm_driver/gsm_http.o
 .debug_frame   0x000025d0       0x94 z_build/a_application/ota_task/ota_task.o
 .debug_frame   0x00002664       0x9c z_build/main.o
 .debug_frame   0x00002700      0x144 /home/bdang/toolchains/gcc-arm-none-eabi-14.3/bin/../lib/gcc/arm-none-eabi/14.3.1/../../../../arm-none-eabi/lib/thumb/v7-m/nofp/libc_nano.a(libc_a-findfp.o)
 .debug_frame   0x00002844       0x7c /home/bdang/toolchains/gcc-arm-none-eabi-14.3/bin/../lib/gcc/arm-none-eabi/14.3.1/../../../../arm-none-eabi/lib/thumb/v7-m/nofp/libc_nano.a(libc_a-snprintf.o)
 .debug_frame   0x000028c0       0x4c /home/bdang/toolchains/gcc-arm-none-eabi-14.3/bin/../lib/gcc/arm-none-eabi/14.3.1/../../../../arm-none-eabi/lib/thumb/v7-m/nofp/libc_nano.a(libc_a-vsnprintf.o)
 .debug_frame   0x0000290c       0x20 /home/bdang/toolchains/gcc-arm-none-eabi-14.3/bin/../lib/gcc/arm-none-eabi/14.3.1/../../../../arm-none-eabi/lib/thumb/v7-m/nofp/libc_nano.a(libc_a-memset.o)
 .debug_frame   0x0000292c       0x28 /home/bdang/toolchains/gcc-arm-none-eabi-14.3/bin/../lib/gcc/arm-none-eabi/14.3.1/../../../../arm-none-eabi/lib/thumb/v7-m/nofp/libc_nano.a(libc_a-strncmp.o)
 .debug_frame   0x00002954       0x2c /home/bdang/toolchains/gcc-arm-none-eabi-14.3/bin/../lib/gcc/arm-none-eabi/14.3.1/../../../../arm-none-eabi/lib/thumb/v7-m/nofp/libc_nano.a(libc_a-strstr.o)
 .debug_frame   0x00002980       0x38 /home/bdang/toolchains/gcc-arm-none-eabi-14.3/bin/../lib/gcc/arm-none-eabi/14.3.1/../../../../arm-none-eabi/lib/thumb/v7-m/nofp/libc_nano.a(libc_a-reent.o)
 .debug_frame   0x000029b8       0x2c /home/bdang/toolchains/gcc-arm-none-eabi-14.3/bin/../lib/gcc/arm-none-eabi/14.3.1/../../../../arm-none-eabi/lib/thumb/v7-m/nofp/libc_nano.a(libc_a-init.o)
 .debug_frame   0x000029e4       0xb0 /home/bdang/toolchains/gcc-arm-none-eabi-14.3/bin/../lib/gcc/arm-none-eabi/14.3.1/../../../../arm-none-eabi/lib/thumb/v7-m/nofp/libc_nano.a(libc_a-lock.o)
 .debug_frame   0x00002a94       0x20 /home/bdang/toolchains/gcc-arm-none-eabi-14.3/bin/../lib/gcc/arm-none-eabi/14.3.1/../../../../arm-none-eabi/lib/thumb/v7-m/nofp/libc_nano.a(libc_a-strcpy.o)
 .debug_frame   0x00002ab4       0x28 /home/bdang/toolchains/gcc-arm-none-eabi-14.3/bin/../lib/gcc/arm-none-eabi/14.3.1/../../../../arm-none-eabi/lib/thumb/v7-m/nofp/libc_nano.a(libc_a-memcpy-stub.o)
 .debug_frame   0x00002adc       0x20 /home/bdang/toolchains/gcc-arm-none-eabi-14.3/bin/../lib/gcc/arm-none-eabi/14.3.1/../../../../arm-none-eabi/lib/thumb/v7-m/nofp/libc_nano.a(libc_a-strlen.o)
 .debug_frame   0x00002afc       0x38 /home/bdang/toolchains/gcc-arm-none-eabi-14.3/bin/../lib/gcc/arm-none-eabi/14.3.1/../../../../arm-none-eabi/lib/thumb/v7-m/nofp/libc_nano.a(libc_a-freer.o)
 .debug_frame   0x00002b34       0x50 /home/bdang/toolchains/gcc-arm-none-eabi-14.3/bin/../lib/gcc/arm-none-eabi/14.3.1/../../../../arm-none-eabi/lib/thumb/v7-m/nofp/libc_nano.a(libc_a-mallocr.o)
 .debug_frame   0x00002b84       0x30 /home/bdang/toolchains/gcc-arm-none-eabi-14.3/bin/../lib/gcc/arm-none-eabi/14.3.1/../../../../arm-none-eabi/lib/thumb/v7-m/nofp/libc_nano.a(libc_a-mlock.o)
 .debug_frame   0x00002bb4       0x90 /home/bdang/toolchains/gcc-arm-none-eabi-14.3/bin/../lib/gcc/arm-none-eabi/14.3.1/../../../../arm-none-eabi/lib/thumb/v7-m/nofp/libc_nano.a(libc_a-nano-svfprintf.o)
 .debug_frame   0x00002c44       0x60 /home/bdang/toolchains/gcc-arm-none-eabi-14.3/bin/../lib/gcc/arm-none-eabi/14.3.1/../../../../arm-none-eabi/lib/thumb/v7-m/nofp/libc_nano.a(libc_a-nano-vfprintf_i.o)
 .debug_frame   0x00002ca4       0x28 /home/bdang/toolchains/gcc-arm-none-eabi-14.3/bin/../lib/gcc/arm-none-eabi/14.3.1/../../../../arm-none-eabi/lib/thumb/v7-m/nofp/libc_nano.a(libc_a-memmove.o)
 .debug_frame   0x00002ccc       0x2c /home/bdang/toolchains/gcc-arm-none-eabi-14.3/bin/../lib/gcc/arm-none-eabi/14.3.1/../../../../arm-none-eabi/lib/thumb/v7-m/nofp/libc_nano.a(libc_a-sbrkr.o)
 .debug_frame   0x00002cf8       0x28 /home/bdang/toolchains/gcc-arm-none-eabi-14.3/bin/../lib/gcc/arm-none-eabi/14.3.1/../../../../arm-none-eabi/lib/thumb/v7-m/nofp/libc_nano.a(libc_a-memchr-stub.o)
 .debug_frame   0x00002d20       0x3c /home/bdang/toolchains/gcc-arm-none-eabi-14.3/bin/../lib/gcc/arm-none-eabi/14.3.1/../../../../arm-none-eabi/lib/thumb/v7-m/nofp/libc_nano.a(libc_a-reallocr.o)
 .debug_frame   0x00002d5c       0x20 /home/bdang/toolchains/gcc-arm-none-eabi-14.3/bin/../lib/gcc/arm-none-eabi/14.3.1/../../../../arm-none-eabi/lib/thumb/v7-m/nofp/libc_nano.a(libc_a-msizer.o)
 .debug_frame   0x00002d7c       0x20 /home/bdang/toolchains/gcc-arm-none-eabi-14.3/bin/../lib/gcc/arm-none-eabi/14.3.1/../../../../arm-none-eabi/lib/thumb/v7-m/nofp/libnosys.a(sbrk.o)

.debug_line_str
                0x00000000      0x12b
 .debug_line_str
                0x00000000      0x12b z_build/startup/startup.o
                                 0x4b (size before relaxing)
 .debug_line_str
                0x0000012b       0xe0 /home/bdang/toolchains/gcc-arm-none-eabi-14.3/bin/../lib/gcc/arm-none-eabi/14.3.1/../../../../arm-none-eabi/lib/thumb/v7-m/nofp/libc_nano.a(libc_a-strlen.o)

Cross Reference Table

Symbol                                            File
ADC1_2_IRQHandler                                 z_build/startup/startup.o
AHBPrescTable                                     z_build/c_hardware/Device/src/system_stm32f10x.o
BusFault_Handler                                  z_build/c_hardware/Device/src/stm32f1xx_it.o
CAN1_RX1_IRQHandler                               z_build/startup/startup.o
CAN1_SCE_IRQHandler                               z_build/startup/startup.o
Clock_72MHz_HSE_Init                              z_build/c_hardware/Device/src/system_stm32f10x.o
                                                  z_build/main.o
DMA1_Channel1_IRQHandler                          z_build/startup/startup.o
DMA1_Channel2_IRQHandler                          z_build/startup/startup.o
DMA1_Channel3_IRQHandler                          z_build/startup/startup.o
DMA1_Channel4_IRQHandler                          z_build/startup/startup.o
DMA1_Channel5_IRQHandler                          z_build/startup/startup.o
DMA1_Channel6_IRQHandler                          z_build/startup/startup.o
DMA1_Channel7_IRQHandler                          z_build/startup/startup.o
DMA_ClearFlag                                     z_build/c_hardware/SPL/src/stm32f10x_dma.o
DMA_ClearITPendingBit                             z_build/c_hardware/SPL/src/stm32f10x_dma.o
DMA_Cmd                                           z_build/c_hardware/SPL/src/stm32f10x_dma.o
DMA_DeInit                                        z_build/c_hardware/SPL/src/stm32f10x_dma.o
DMA_GetCurrDataCounter                            z_build/c_hardware/SPL/src/stm32f10x_dma.o
DMA_GetFlagStatus                                 z_build/c_hardware/SPL/src/stm32f10x_dma.o
DMA_GetITStatus                                   z_build/c_hardware/SPL/src/stm32f10x_dma.o
DMA_ITConfig                                      z_build/c_hardware/SPL/src/stm32f10x_dma.o
DMA_Init                                          z_build/c_hardware/SPL/src/stm32f10x_dma.o
DMA_SetCurrDataCounter                            z_build/c_hardware/SPL/src/stm32f10x_dma.o
DMA_StructInit                                    z_build/c_hardware/SPL/src/stm32f10x_dma.o
DebugMon_Handler                                  z_build/c_hardware/Device/src/stm32f1xx_it.o
Default_Handler                                   z_build/startup/startup.o
EXTI0_IRQHandler                                  z_build/startup/startup.o
EXTI15_10_IRQHandler                              z_build/startup/startup.o
EXTI1_IRQHandler                                  z_build/startup/startup.o
EXTI2_IRQHandler                                  z_build/startup/startup.o
EXTI3_IRQHandler                                  z_build/startup/startup.o
EXTI4_IRQHandler                                  z_build/startup/startup.o
EXTI9_5_IRQHandler                                z_build/startup/startup.o
EXTI_ClearFlag                                    z_build/c_hardware/SPL/src/stm32f10x_exti.o
EXTI_ClearITPendingBit                            z_build/c_hardware/SPL/src/stm32f10x_exti.o
EXTI_DeInit                                       z_build/c_hardware/SPL/src/stm32f10x_exti.o
EXTI_GenerateSWInterrupt                          z_build/c_hardware/SPL/src/stm32f10x_exti.o
EXTI_GetFlagStatus                                z_build/c_hardware/SPL/src/stm32f10x_exti.o
EXTI_GetITStatus                                  z_build/c_hardware/SPL/src/stm32f10x_exti.o