y_thirdparty/jsmn/jsmn.h:106:19:jsmn_alloc_token	32	static
y_thirdparty/jsmn/jsmn.h:124:13:jsmn_fill_token	24	static
y_thirdparty/jsmn/jsmn.h:135:12:jsmn_parse_primitive	32	static
y_thirdparty/jsmn/jsmn.h:193:12:jsmn_parse_string	40	static
y_thirdparty/jsmn/jsmn.h:268:14:jsmn_parse	56	static
y_thirdparty/jsmn/jsmn.h:459:15:jsmn_init	16	static
b_middleware/gsm_driver/gsm_mqtt.c:29:13:gsm_mqtt_start	352	static
b_middleware/gsm_driver/gsm_mqtt.c:86:13:gsm_mqtt_stop	352	static
b_middleware/gsm_driver/gsm_mqtt.c:144:13:gsm_mqtt_acquire_client	416	static
b_middleware/gsm_driver/gsm_mqtt.c:209:13:gsm_mqtt_release_client	416	static
b_middleware/gsm_driver/gsm_mqtt.c:271:13:gsm_mqtt_tls_config	416	static
b_middleware/gsm_driver/gsm_mqtt.c:334:13:gsm_mqtt_sslver_config	416	static
b_middleware/gsm_driver/gsm_mqtt.c:397:13:gsm_mqtt_connect_broker	488	static
b_middleware/gsm_driver/gsm_mqtt.c:467:13:gsm_mqtt_sni_config	416	static
b_middleware/gsm_driver/gsm_mqtt.c:530:6:gsm_mqtt_sub	416	static
b_middleware/gsm_driver/gsm_mqtt.c:612:6:gsm_mqtt_publish	408	static
b_middleware/gsm_driver/gsm_mqtt.c:726:6:gsm_mqtt_process	360	static
b_middleware/gsm_driver/gsm_mqtt.c:833:13:gsm_mqtt_disconnect_broker	480	static
b_middleware/gsm_driver/gsm_mqtt.c:892:6:gsm_mqtt_close	24	static
