b_middleware/gsm_driver/gsm_at_engine.c:31:6:set_promt_want_to_send	16	static
b_middleware/gsm_driver/gsm_at_engine.c:36:6:gsm_at_process	16	static
b_middleware/gsm_driver/gsm_at_engine.c:51:6:send_at_cmd	8	static
b_middleware/gsm_driver/gsm_at_engine.c:66:13:gsm_parser_process_line	16	static
b_middleware/gsm_driver/gsm_at_engine.c:163:6:is_urc	16	static
b_middleware/gsm_driver/gsm_at_engine.c:227:13:at_line_handle	16	static
b_middleware/gsm_driver/gsm_at_engine.c:241:6:at_response_handle	32	static
b_middleware/gsm_driver/gsm_at_engine.c:284:6:at_urc_handle	56	static
